77.106.228.178 - - [08/May/2015:03:31:05 +0300] "GET /members/szhs/index-image.jpg HTTP/1.1" "301" 316 "-" "Mozilla/4.0 (compatible; MSIE 7.0; Windows NT 6.1; WOW64; Trident/4.0; SLCC2; .NET CLR 2.0.50727; .NET CLR 3.5.30729; .NET CLR 3.0.30729; InfoPath.2; .NET4.0C; .NET4.0E; MSOffice 12)" "-" uksochi.ru
185.14.29.221 - - [08/May/2015:03:31:05 +0300] "POST /index.php?act=Login&CODE=01 HTTP/1.0" "200" 11411 "http://pokertalk.ru/index.php?act=Login&CODE=00" "Mozilla/5.0 (Windows NT 6.3; WOW64; rv:33.0) Gecko/20100101 Firefox/33.0" "-" pokertalk.ru
93.74.14.189 - - [08/May/2015:03:31:05 +0300] "GET /downloads/btc7.swf HTTP/1.1" "200" 28863 "http://freecoin.webw3.ru/?partner=6566_61059" "Mozilla/5.0 (iPad; CPU OS 6_1_3 like Mac OS X) AppleWebKit/536.26 (KHTML, like Gecko) Version/6.0 Mobile/10B329 Safari/8536.25" "-" freecoin.webw3.ru
201.254.106.234 - - [08/May/2015:03:31:05 +0300] "POST /administrator/index.php HTTP/1.1" "200" 5820 "http://provoloka34.ru/administrator/index.php" "Mozilla/5.0 (Windows NT 6.1; WOW64; rv:17.0) Gecko/20100101 Firefox/17.0" "-" provoloka34.ru
77.106.228.178 - - [08/May/2015:03:31:05 +0300] "GET /members/szhs/index-image.jpg HTTP/1.1" "301" 316 "-" "Mozilla/4.0 (compatible; MSIE 7.0; Windows NT 6.1; WOW64; Trident/4.0; SLCC2; .NET CLR 2.0.50727; .NET CLR 3.5.30729; .NET CLR 3.0.30729; InfoPath.2; .NET4.0C; .NET4.0E; MSOffice 12)" "-" uksochi.ru
204.12.241.170 - - [08/May/2015:03:31:05 +0300] "GET /autoclaw/gmHNDtEt9a5aLzo5Q7Fgpg HTTP/1.0" "200" 2824 "-" "Mozilla/5.0 (compatible; MJ12bot/v1.4.5; http://www.majestic12.co.uk/bot.php?+)" "-" aitaks-agro.ru
77.106.228.178 - - [08/May/2015:03:31:05 +0300] "GET /members/szhs/index-image.jpg HTTP/1.1" "301" 316 "-" "Mozilla/4.0 (compatible; MSIE 7.0; Windows NT 6.1; WOW64; Trident/4.0; SLCC2; .NET CLR 2.0.50727; .NET CLR 3.5.30729; .NET CLR 3.0.30729; InfoPath.2; .NET4.0C; .NET4.0E; MSOffice 12)" "-" uksochi.ru
46.118.121.72 - - [08/May/2015:03:31:05 +0300] "GET http://razdacha-akkauntov.ru/wp-admin/ HTTP/1.1" "302" 0 "http://razdacha-akkauntov.ru/wp-login.php" "Mozilla/5.0 (Windows; U; Windows NT 5.1; ru; rv:1.9.0.2) Gecko/2008091620 Firefox/3.0.2" "-" razdacha-akkauntov.ru
77.106.228.178 - - [08/May/2015:03:31:05 +0300] "GET /members/szhs/index-image.jpg HTTP/1.1" "301" 316 "-" "Mozilla/4.0 (compatible; MSIE 7.0; Windows NT 6.1; WOW64; Trident/4.0; SLCC2; .NET CLR 2.0.50727; .NET CLR 3.5.30729; .NET CLR 3.0.30729; InfoPath.2; .NET4.0C; .NET4.0E; MSOffice 12)" "-" uksochi.ru
80.83.238.18 - - [08/May/2015:03:31:05 +0300] "GET /pshop/full//115601/cover.jpg HTTP/1.1" "200" 167691 "-" "Mozilla/5.0 (Linux; U; Android 4.1.1; ru-ru; ALCATEL ONE TOUCH 5020D Build/JRO03C) AppleWebKit/534.30 (KHTML, like Gecko) Version/4.1 Mobile Safari/534.30" "-" www.crosswordshop.ru
46.118.121.72 - - [08/May/2015:03:31:05 +0300] "GET http://razdacha-akkauntov.ru/wp-admin/ HTTP/1.1" "302" 0 "http://razdacha-akkauntov.ru/wp-login.php" "Mozilla/5.0 (Windows; U; Windows NT 5.1; ru; rv:1.9.0.2) Gecko/2008091620 Firefox/3.0.2" "-" razdacha-akkauntov.ru
207.46.13.37 - - [08/May/2015:03:31:05 +0300] "GET /published/publicdata/PRINT197LAND/attachments/SC/products_pictures/fax9hff98pi3k_enl.jpg HTTP/1.1" "200" 181293 "-" "msnbot-media/1.1 (+http://search.msn.com/msnbot.htm)" "-" bumagaland.ru
77.106.228.178 - - [08/May/2015:03:31:05 +0300] "GET /members/szhs/index-image.jpg HTTP/1.1" "301" 316 "-" "Mozilla/4.0 (compatible; MSIE 7.0; Windows NT 6.1; WOW64; Trident/4.0; SLCC2; .NET CLR 2.0.50727; .NET CLR 3.5.30729; .NET CLR 3.0.30729; InfoPath.2; .NET4.0C; .NET4.0E; MSOffice 12)" "-" uksochi.ru
190.195.160.2 - - [08/May/2015:03:31:05 +0300] "POST /administrator/index.php HTTP/1.1" "403" 407 "http://shkafrai.ru/administrator/index.php" "Mozilla/5.0 (Windows NT 6.1; WOW64; rv:17.0) Gecko/20100101 Firefox/17.0" "-" shkafrai.ru
37.9.118.28 - - [08/May/2015:03:31:05 +0300] "GET / HTTP/1.1" "200" 6129 "-" "Mozilla/5.0 (compatible; YandexMetrika/2.0; +http://yandex.com/bots mtmon3.yandex.ru)" "-" semenasite.ru
77.106.228.178 - - [08/May/2015:03:31:05 +0300] "GET /members/szhs/index-image.jpg HTTP/1.1" "301" 316 "-" "Mozilla/4.0 (compatible; MSIE 7.0; Windows NT 6.1; WOW64; Trident/4.0; SLCC2; .NET CLR 2.0.50727; .NET CLR 3.5.30729; .NET CLR 3.0.30729; InfoPath.2; .NET4.0C; .NET4.0E; MSOffice 12)" "-" uksochi.ru
77.106.228.178 - - [08/May/2015:03:31:05 +0300] "GET /members/szhs/index-image.jpg HTTP/1.1" "301" 316 "-" "Mozilla/4.0 (compatible; MSIE 7.0; Windows NT 6.1; WOW64; Trident/4.0; SLCC2; .NET CLR 2.0.50727; .NET CLR 3.5.30729; .NET CLR 3.0.30729; InfoPath.2; .NET4.0C; .NET4.0E; MSOffice 12)" "-" uksochi.ru
178.154.243.113 - - [08/May/2015:03:31:05 +0300] "GET /board/index.php?/tags/members/push-pulse%2525252525252525252525252525252525252525252525252525252525252525252525252525252525252525252525252525252525252525252525252525252525252525252525252525252525252525252525252525252525252525252525252525252525252525252525252525252525252525252525252525252525252525252525252Bresident%2525252525252525252525252525252525252525252525252525252525252525252525252525252525252525252525252525252525252525252525252525252525252525252525252525252525252525252525252525252525252525252525252525252525252525252525252525252525252525252525252525252525252525252525252Bevil%2525252525252525252525252525252525252525252525252525252525252525252525252525252525252525252525252525252525252525252525252525252525252525252525252525252525252525252525252525252525252525252525252525252525252525252525252525252525252525252525252525252525252525252525252Bdigi/ HTTP/1.1" "200" 7463 "-" "Mozilla/5.0 (compatible; YandexBot/3.0; +http://yandex.com/bots)" "-" www.residentevillive.ru
46.118.121.72 - - [08/May/2015:03:31:05 +0300] "GET http://razdacha-akkauntov.ru/wp-admin/ HTTP/1.1" "302" 0 "http://razdacha-akkauntov.ru/wp-login.php" "Mozilla/5.0 (Windows; U; Windows NT 5.1; ru; rv:1.9.0.2) Gecko/2008091620 Firefox/3.0.2" "-" razdacha-akkauntov.ru
77.106.228.178 - - [08/May/2015:03:31:05 +0300] "GET /members/szhs/index-image.jpg HTTP/1.1" "301" 316 "-" "Mozilla/4.0 (compatible; MSIE 7.0; Windows NT 6.1; WOW64; Trident/4.0; SLCC2; .NET CLR 2.0.50727; .NET CLR 3.5.30729; .NET CLR 3.0.30729; InfoPath.2; .NET4.0C; .NET4.0E; MSOffice 12)" "-" uksochi.ru
80.251.118.198 - - [08/May/2015:03:31:05 +0300] "GET /index.html HTTP/1.1" "200" 8 "-" "-" "-" crosswordshop.ru
46.118.121.72 - - [08/May/2015:03:31:05 +0300] "GET http://razdacha-akkauntov.ru/wp-admin/ HTTP/1.1" "302" 0 "http://razdacha-akkauntov.ru/wp-login.php" "Mozilla/5.0 (Windows; U; Windows NT 5.1; ru; rv:1.9.0.2) Gecko/2008091620 Firefox/3.0.2" "-" razdacha-akkauntov.ru
77.106.228.178 - - [08/May/2015:03:31:05 +0300] "GET /members/szhs/index-image.jpg HTTP/1.1" "301" 316 "-" "Mozilla/4.0 (compatible; MSIE 7.0; Windows NT 6.1; WOW64; Trident/4.0; SLCC2; .NET CLR 2.0.50727; .NET CLR 3.5.30729; .NET CLR 3.0.30729; InfoPath.2; .NET4.0C; .NET4.0E; MSOffice 12)" "-" uksochi.ru
77.106.228.178 - - [08/May/2015:03:31:05 +0300] "GET /members/szhs/index-image.jpg HTTP/1.1" "301" 316 "-" "Mozilla/4.0 (compatible; MSIE 7.0; Windows NT 6.1; WOW64; Trident/4.0; SLCC2; .NET CLR 2.0.50727; .NET CLR 3.5.30729; .NET CLR 3.0.30729; InfoPath.2; .NET4.0C; .NET4.0E; MSOffice 12)" "-" uksochi.ru
173.242.113.188 - - [08/May/2015:03:31:05 +0300] "GET /autor/Dr%20Heinz%20Funkenpumpe HTTP/1.0" "404" 3284 "-" "Mozilla/5.0 (compatible; MJ12bot/v1.4.5; http://www.majestic12.co.uk/bot.php?+)" "-" shoes.po-007.net
77.106.228.178 - - [08/May/2015:03:31:05 +0300] "GET /members/szhs/index-image.jpg HTTP/1.1" "301" 316 "-" "Mozilla/4.0 (compatible; MSIE 7.0; Windows NT 6.1; WOW64; Trident/4.0; SLCC2; .NET CLR 2.0.50727; .NET CLR 3.5.30729; .NET CLR 3.0.30729; InfoPath.2; .NET4.0C; .NET4.0E; MSOffice 12)" "-" uksochi.ru
37.140.188.6 - - [08/May/2015:03:31:06 +0300] "GET /labs/ngVdu9peX8s/sereznyi-razgovor-pro-yugo-vostok-i-krym.html HTTP/1.1" "200" 5295 "-" "Mozilla/5.0 (compatible; YandexBot/3.0; +http://yandex.com/bots)" "-" transfer.e-bookinfo.ru
77.106.228.178 - - [08/May/2015:03:31:06 +0300] "GET /members/szhs/index-image.jpg HTTP/1.1" "301" 316 "-" "Mozilla/4.0 (compatible; MSIE 7.0; Windows NT 6.1; WOW64; Trident/4.0; SLCC2; .NET CLR 2.0.50727; .NET CLR 3.5.30729; .NET CLR 3.0.30729; InfoPath.2; .NET4.0C; .NET4.0E; MSOffice 12)" "-" uksochi.ru
46.118.121.72 - - [08/May/2015:03:31:06 +0300] "GET http://razdacha-akkauntov.ru/wp-admin/ HTTP/1.1" "302" 0 "http://razdacha-akkauntov.ru/wp-login.php" "Mozilla/5.0 (Windows; U; Windows NT 5.1; ru; rv:1.9.0.2) Gecko/2008091620 Firefox/3.0.2" "-" razdacha-akkauntov.ru
190.195.160.2 - - [08/May/2015:03:31:06 +0300] "POST /administrator/index.php HTTP/1.1" "403" 407 "http://shkafrai.ru/administrator/index.php" "Mozilla/5.0 (Windows NT 6.1; WOW64; rv:17.0) Gecko/20100101 Firefox/17.0" "-" shkafrai.ru
77.106.228.178 - - [08/May/2015:03:31:06 +0300] "GET /members/szhs/index-image.jpg HTTP/1.1" "301" 316 "-" "Mozilla/4.0 (compatible; MSIE 7.0; Windows NT 6.1; WOW64; Trident/4.0; SLCC2; .NET CLR 2.0.50727; .NET CLR 3.5.30729; .NET CLR 3.0.30729; InfoPath.2; .NET4.0C; .NET4.0E; MSOffice 12)" "-" uksochi.ru
46.118.121.72 - - [08/May/2015:03:31:06 +0300] "GET http://razdacha-akkauntov.ru/wp-admin/ HTTP/1.1" "302" 0 "http://razdacha-akkauntov.ru/wp-login.php" "Mozilla/5.0 (Windows; U; Windows NT 5.1; ru; rv:1.9.0.2) Gecko/2008091620 Firefox/3.0.2" "-" razdacha-akkauntov.ru
201.254.106.234 - - [08/May/2015:03:31:06 +0300] "POST /administrator/index.php HTTP/1.1" "200" 5492 "http://provoloka34.ru/administrator/index.php" "Mozilla/5.0 (Windows NT 6.1; WOW64; rv:17.0) Gecko/20100101 Firefox/17.0" "-" provoloka34.ru
95.108.158.238 - - [08/May/2015:03:31:06 +0300] "GET /robots.txt HTTP/1.1" "200" 399 "-" "Mozilla/5.0 (compatible; YandexBot/3.0; +http://yandex.com/bots)" "-" babyuser.org
199.16.156.126 - - [08/May/2015:03:31:06 +0300] "GET /robots.txt HTTP/1.1" "200" 106 "-" "Twitterbot/1.0" "-" trafsnbptf.solid.phmp3.cf
77.106.228.178 - - [08/May/2015:03:31:06 +0300] "GET /members/szhs/index-image.jpg HTTP/1.1" "301" 316 "-" "Mozilla/4.0 (compatible; MSIE 7.0; Windows NT 6.1; WOW64; Trident/4.0; SLCC2; .NET CLR 2.0.50727; .NET CLR 3.5.30729; .NET CLR 3.0.30729; InfoPath.2; .NET4.0C; .NET4.0E; MSOffice 12)" "-" uksochi.ru
77.106.228.178 - - [08/May/2015:03:31:06 +0300] "GET /members/szhs/index-image.jpg HTTP/1.1" "301" 316 "-" "Mozilla/4.0 (compatible; MSIE 7.0; Windows NT 6.1; WOW64; Trident/4.0; SLCC2; .NET CLR 2.0.50727; .NET CLR 3.5.30729; .NET CLR 3.0.30729; InfoPath.2; .NET4.0C; .NET4.0E; MSOffice 12)" "-" uksochi.ru
77.106.228.178 - - [08/May/2015:03:31:06 +0300] "GET /members/szhs/index-image.jpg HTTP/1.1" "301" 316 "-" "Mozilla/4.0 (compatible; MSIE 7.0; Windows NT 6.1; WOW64; Trident/4.0; SLCC2; .NET CLR 2.0.50727; .NET CLR 3.5.30729; .NET CLR 3.0.30729; InfoPath.2; .NET4.0C; .NET4.0E; MSOffice 12)" "-" uksochi.ru
78.46.94.23 - - [08/May/2015:03:31:06 +0300] "GET /suppressible-912/how-to-start-a-private-poker-club.html HTTP/1.0" "200" 3520 "-" "Mozilla/5.0 (compatible; MJ12bot/v1.4.5; http://www.majestic12.co.uk/bot.php?+)" "-" casino-fjkqr.solid.phmp3.cf
193.232.121.204 - - [08/May/2015:03:31:06 +0300] "GET /?p=33633 HTTP/1.1" "200" 9518 "-" "Mozilla/5.0 (compatible; MSIE 9.0; Windows NT 7.1; Trident/5.0)" "-" kungur-online.ru
46.118.121.72 - - [08/May/2015:03:31:06 +0300] "GET http://razdacha-akkauntov.ru/wp-admin/ HTTP/1.1" "302" 0 "http://razdacha-akkauntov.ru/wp-login.php" "Mozilla/5.0 (Windows; U; Windows NT 5.1; ru; rv:1.9.0.2) Gecko/2008091620 Firefox/3.0.2" "-" razdacha-akkauntov.ru
77.106.228.178 - - [08/May/2015:03:31:06 +0300] "GET /members/szhs/index-image.jpg HTTP/1.1" "301" 316 "-" "Mozilla/4.0 (compatible; MSIE 7.0; Windows NT 6.1; WOW64; Trident/4.0; SLCC2; .NET CLR 2.0.50727; .NET CLR 3.5.30729; .NET CLR 3.0.30729; InfoPath.2; .NET4.0C; .NET4.0E; MSOffice 12)" "-" uksochi.ru
46.118.121.72 - - [08/May/2015:03:31:06 +0300] "GET http://razdacha-akkauntov.ru/wp-admin/ HTTP/1.1" "302" 0 "http://razdacha-akkauntov.ru/wp-login.php" "Mozilla/5.0 (Windows; U; Windows NT 5.1; ru; rv:1.9.0.2) Gecko/2008091620 Firefox/3.0.2" "-" razdacha-akkauntov.ru
77.106.228.178 - - [08/May/2015:03:31:06 +0300] "GET /members/szhs/index-image.jpg HTTP/1.1" "301" 316 "-" "Mozilla/4.0 (compatible; MSIE 7.0; Windows NT 6.1; WOW64; Trident/4.0; SLCC2; .NET CLR 2.0.50727; .NET CLR 3.5.30729; .NET CLR 3.0.30729; InfoPath.2; .NET4.0C; .NET4.0E; MSOffice 12)" "-" uksochi.ru
199.16.156.126 - - [08/May/2015:03:31:06 +0300] "GET /delhi-268/gubka-bob-kvadratnye-shtany-igra-skachat-torrent-besplatno-na-kompyuter.html HTTP/1.1" "200" 1232 "-" "Twitterbot/1.0" "-" trafsnbptf.solid.phmp3.cf
2a01:4f8:192:208c::2 - - [08/May/2015:03:31:06 +0300] "GET /xranenie-pilomaterialov-priobretennyx-dlya-stroitelstva-kryshi-iz-ondulina-neskolko-poleznyx-sovetov/%27http:/google.com%27 HTTP/1.0" "404" 28002 "http://el48.ru/xranenie-pilomaterialov-priobretennyx-dlya-stroitelstva-kryshi-iz-ondulina-neskolko-poleznyx-sovetov/" "'Mozilla/4.0 (compatible; MSIE 6.1; Windows NT 5.2)'" "-" el48.ru
77.106.228.178 - - [08/May/2015:03:31:06 +0300] "GET /members/szhs/index-image.jpg HTTP/1.1" "301" 316 "-" "Mozilla/4.0 (compatible; MSIE 7.0; Windows NT 6.1; WOW64; Trident/4.0; SLCC2; .NET CLR 2.0.50727; .NET CLR 3.5.30729; .NET CLR 3.0.30729; InfoPath.2; .NET4.0C; .NET4.0E; MSOffice 12)" "-" uksochi.ru
190.195.160.2 - - [08/May/2015:03:31:06 +0300] "POST /administrator/index.php HTTP/1.1" "403" 407 "http://shkafrai.ru/administrator/index.php" "Mozilla/5.0 (Windows NT 6.1; WOW64; rv:17.0) Gecko/20100101 Firefox/17.0" "-" shkafrai.ru
77.106.228.178 - - [08/May/2015:03:31:06 +0300] "GET /members/szhs/index-image.jpg HTTP/1.1" "301" 316 "-" "Mozilla/4.0 (compatible; MSIE 7.0; Windows NT 6.1; WOW64; Trident/4.0; SLCC2; .NET CLR 2.0.50727; .NET CLR 3.5.30729; .NET CLR 3.0.30729; InfoPath.2; .NET4.0C; .NET4.0E; MSOffice 12)" "-" uksochi.ru
46.118.121.72 - - [08/May/2015:03:31:06 +0300] "GET http://razdacha-akkauntov.ru/wp-admin/ HTTP/1.1" "302" 0 "http://razdacha-akkauntov.ru/wp-login.php" "Mozilla/5.0 (Windows; U; Windows NT 5.1; ru; rv:1.9.0.2) Gecko/2008091620 Firefox/3.0.2" "-" razdacha-akkauntov.ru
77.106.228.178 - - [08/May/2015:03:31:06 +0300] "GET /members/szhs/index-image.jpg HTTP/1.1" "301" 316 "-" "Mozilla/4.0 (compatible; MSIE 7.0; Windows NT 6.1; WOW64; Trident/4.0; SLCC2; .NET CLR 2.0.50727; .NET CLR 3.5.30729; .NET CLR 3.0.30729; InfoPath.2; .NET4.0C; .NET4.0E; MSOffice 12)" "-" uksochi.ru
46.118.121.72 - - [08/May/2015:03:31:06 +0300] "GET http://razdacha-akkauntov.ru/wp-admin/ HTTP/1.1" "302" 0 "http://razdacha-akkauntov.ru/wp-login.php" "Mozilla/5.0 (Windows; U; Windows NT 5.1; ru; rv:1.9.0.2) Gecko/2008091620 Firefox/3.0.2" "-" razdacha-akkauntov.ru
192.99.75.71 - - [08/May/2015:03:31:06 +0300] "GET /administrator/index.php HTTP/1.1" "200" 4366 "-" "Mozilla/5.0 (Windows NT 6.1; WOW64) AppleWebKit/537.36 (KHTML, like Gecko) Chrome/36.0.1985.125 Safari/537.36" "-" agrotselina.ru
77.106.228.178 - - [08/May/2015:03:31:06 +0300] "GET /members/szhs/index-image.jpg HTTP/1.1" "301" 316 "-" "Mozilla/4.0 (compatible; MSIE 7.0; Windows NT 6.1; WOW64; Trident/4.0; SLCC2; .NET CLR 2.0.50727; .NET CLR 3.5.30729; .NET CLR 3.0.30729; InfoPath.2; .NET4.0C; .NET4.0E; MSOffice 12)" "-" uksochi.ru
77.106.228.178 - - [08/May/2015:03:31:06 +0300] "GET /members/szhs/index-image.jpg HTTP/1.1" "301" 316 "-" "Mozilla/4.0 (compatible; MSIE 7.0; Windows NT 6.1; WOW64; Trident/4.0; SLCC2; .NET CLR 2.0.50727; .NET CLR 3.5.30729; .NET CLR 3.0.30729; InfoPath.2; .NET4.0C; .NET4.0E; MSOffice 12)" "-" uksochi.ru
71.176.122.34 - - [08/May/2015:03:31:06 +0300] "GET /paqo/iqrd2585.php HTTP/1.1" "200" 1174 "-" "Mozilla/5.0 (compatible; MJ12bot/v1.4.5; http://www.majestic12.co.uk/bot.php?+)" "-" postzone.ru
68.180.228.190 - - [08/May/2015:03:31:06 +0300] "GET /paqo/yhhb5397.php HTTP/1.1" "200" 2321 "-" "Mozilla/5.0 (compatible; Yahoo! Slurp; http://help.yahoo.com/help/us/ysearch/slurp)" "-" climat-rzn.ru
109.239.235.243 - - [08/May/2015:03:31:06 +0300] "GET /release HTTP/1.1" "200" 18216 "-" "Mozilla/5.0 (Windows NT 6.1; WOW64) AppleWebKit/537.36 (KHTML, like Gecko) Chrome/34.0.1847.131 Safari/537.36" "-" newspoker.ru
91.224.160.26 - - [08/May/2015:03:31:06 +0300] "POST /wp-login.php HTTP/1.1" "200" 2714 "http://antigad.ru/wp-login.php" "Opera/9.80 (Windows NT 5.1; U; ru) Presto/2.9.168 Version/11.50" "-" antigad.ru
192.0.101.59 - - [08/May/2015:03:31:06 +0300] "GET /web/stuff/uploads/2014/02/270939.jpg HTTP/1.1" "200" 74801 "-" "Photon/1.0" "-" reftlife.ru
188.162.14.10 - - [08/May/2015:03:31:06 +0300] "GET / HTTP/1.1" "200" 8542 "-" "Mozilla/5.0 (Windows NT 6.3; WOW64) AppleWebKit/537.36 (KHTML, like Gecko) Chrome/42.0.2311.135 Safari/537.36" "-" pinetki24.ru
46.118.158.185 - - [08/May/2015:03:31:06 +0300] "GET /login HTTP/1.0" "200" 19011 "http://ivdel-city.ru/login" "Mozilla/5.0 (Windows NT 5.1; rv:16.0) Gecko/20121026 Firefox/16.0 SeaMonkey/2.13.2" "-" ivdel-city.ru
207.46.13.74 - - [08/May/2015:03:31:06 +0300] "GET / HTTP/1.1" "200" 3578 "-" "Mozilla/5.0 (compatible; bingbot/2.0; +http://www.bing.com/bingbot.htm)" "-" xn--80ardoog.xn--80adxhks
46.118.121.72 - - [08/May/2015:03:31:06 +0300] "GET http://razdacha-akkauntov.ru/wp-admin/ HTTP/1.1" "302" 0 "http://razdacha-akkauntov.ru/wp-login.php" "Mozilla/5.0 (Windows; U; Windows NT 5.1; ru; rv:1.9.0.2) Gecko/2008091620 Firefox/3.0.2" "-" razdacha-akkauntov.ru
37.140.188.6 - - [08/May/2015:03:31:06 +0300] "GET /index.php?cid=168 HTTP/1.1" "200" 6024 "-" "Mozilla/5.0 (compatible; YandexBot/3.0; +http://yandex.com/bots)" "-" ekb-ns.ru
192.99.75.71 - - [08/May/2015:03:31:06 +0300] "GET /administrator/index.php HTTP/1.1" "200" 2439 "-" "Mozilla/5.0 (Windows NT 6.1; WOW64) AppleWebKit/537.36 (KHTML, like Gecko) Chrome/36.0.1985.125 Safari/537.36" "-" agroakademia.ru
66.249.78.205 - - [08/May/2015:03:31:06 +0300] "GET /watch/IK_T7aL7Tho HTTP/1.1" "200" 6526 "-" "Mozilla/5.0 (compatible; Googlebot/2.1; +http://www.google.com/bot.html)" "-" tajset.ru
157.55.39.90 - - [08/May/2015:03:31:06 +0300] "GET /paqo/bwxn9884.php HTTP/1.1" "200" 3671 "-" "Mozilla/5.0 (compatible; bingbot/2.0; +http://www.bing.com/bingbot.htm)" "-" online-films24.com
37.140.141.31 - - [08/May/2015:03:31:06 +0300] "GET /product/15042/ HTTP/1.1" "200" 9364 "-" "Mozilla/5.0 (compatible; YandexBot/3.0; +http://yandex.com/bots)" "-" www.print197.ru
157.55.39.173 - - [08/May/2015:03:31:06 +0300] "GET /faq/02.htm HTTP/1.1" "200" 8920 "-" "Mozilla/5.0 (compatible; bingbot/2.0; +http://www.bing.com/bingbot.htm)" "-" www.fitness-portal.ru
2a00:b700:1::31 - - [08/May/2015:03:31:06 +0300] "GET /cron/bd_mails.php HTTP/1.0" "200" 0 "-" "Wget/1.12 (linux-gnu)" "-" change365.ru
2a00:b700:1::31 - - [08/May/2015:03:31:06 +0300] "GET /cron/update_orders.php HTTP/1.0" "200" 0 "-" "Wget/1.12 (linux-gnu)" "-" change365.ru
157.55.39.168 - - [08/May/2015:03:31:06 +0300] "GET /kia/1697-kia-ceed-2007-syzran.html HTTP/1.1" "200" 12611 "-" "Mozilla/5.0 (compatible; bingbot/2.0; +http://www.bing.com/bingbot.htm)" "-" tradesavto.ru
157.55.39.81 - - [08/May/2015:03:31:06 +0300] "GET /reviews/smile/biggrin.gif HTTP/1.1" "200" 984 "-" "msnbot-media/1.1 (+http://search.msn.com/msnbot.htm)" "-" www.nature-photo.ru
2a00:b700:1::31 - - [08/May/2015:03:31:06 +0300] "GET /srv_stats/mc/index.php HTTP/1.0" "200" 1067 "-" "Wget/1.12 (linux-gnu)" "-" simplecube.ru
190.195.160.2 - - [08/May/2015:03:31:06 +0300] "POST /administrator/index.php HTTP/1.1" "403" 407 "http://shkafrai.ru/administrator/index.php" "Mozilla/5.0 (Windows NT 6.1; WOW64; rv:17.0) Gecko/20100101 Firefox/17.0" "-" shkafrai.ru
77.106.228.178 - - [08/May/2015:03:31:06 +0300] "GET /members/szhs/index-image.jpg HTTP/1.1" "301" 316 "-" "Mozilla/4.0 (compatible; MSIE 7.0; Windows NT 6.1; WOW64; Trident/4.0; SLCC2; .NET CLR 2.0.50727; .NET CLR 3.5.30729; .NET CLR 3.0.30729; InfoPath.2; .NET4.0C; .NET4.0E; MSOffice 12)" "-" uksochi.ru
46.118.121.72 - - [08/May/2015:03:31:06 +0300] "GET http://razdacha-akkauntov.ru/wp-admin/ HTTP/1.1" "302" 0 "http://razdacha-akkauntov.ru/wp-login.php" "Mozilla/5.0 (Windows; U; Windows NT 5.1; ru; rv:1.9.0.2) Gecko/2008091620 Firefox/3.0.2" "-" razdacha-akkauntov.ru
77.106.228.178 - - [08/May/2015:03:31:06 +0300] "GET /members/szhs/index-image.jpg HTTP/1.1" "301" 316 "-" "Mozilla/4.0 (compatible; MSIE 7.0; Windows NT 6.1; WOW64; Trident/4.0; SLCC2; .NET CLR 2.0.50727; .NET CLR 3.5.30729; .NET CLR 3.0.30729; InfoPath.2; .NET4.0C; .NET4.0E; MSOffice 12)" "-" uksochi.ru
37.9.118.28 - - [08/May/2015:03:31:06 +0300] "GET / HTTP/1.1" "200" 6129 "-" "Mozilla/5.0 (compatible; YandexMetrika/2.0; +http://yandex.com/bots mtmon3.yandex.ru)" "-" semenasite.ru
46.118.121.72 - - [08/May/2015:03:31:06 +0300] "GET http://razdacha-akkauntov.ru/wp-admin/ HTTP/1.1" "302" 0 "http://razdacha-akkauntov.ru/wp-login.php" "Mozilla/5.0 (Windows; U; Windows NT 5.1; ru; rv:1.9.0.2) Gecko/2008091620 Firefox/3.0.2" "-" razdacha-akkauntov.ru
78.94.83.192 - - [08/May/2015:03:31:06 +0300] "GET /paqo/lelz6174.php HTTP/1.0" "200" 2760 "-" "Mozilla/5.0 (compatible; MJ12bot/v1.4.5; http://www.majestic12.co.uk/bot.php?+)" "-" 2014stroy.ru
77.106.228.178 - - [08/May/2015:03:31:06 +0300] "GET /members/szhs/index-image.jpg HTTP/1.1" "301" 316 "-" "Mozilla/4.0 (compatible; MSIE 7.0; Windows NT 6.1; WOW64; Trident/4.0; SLCC2; .NET CLR 2.0.50727; .NET CLR 3.5.30729; .NET CLR 3.0.30729; InfoPath.2; .NET4.0C; .NET4.0E; MSOffice 12)" "-" uksochi.ru
89.21.79.68 - - [08/May/2015:03:31:06 +0300] "GET http://dndclub.ru/wp-admin/ HTTP/1.1" "302" 0 "http://dndclub.ru/wp-login.php" "Mozilla/5.0 (Windows; U; Windows NT 5.1; ru; rv:1.9.0.2) Gecko/2008091620 Firefox/3.0.2" "-" dndclub.ru
5.9.111.70 - - [08/May/2015:03:31:06 +0300] "GET /paqo/tfzj6020.php HTTP/1.0" "200" 5518 "-" "Mozilla/5.0 (compatible; MJ12bot/v1.4.5; http://www.majestic12.co.uk/bot.php?+)" "-" avelanzh.ru
77.106.228.178 - - [08/May/2015:03:31:06 +0300] "GET /members/szhs/index-image.jpg HTTP/1.1" "301" 316 "-" "Mozilla/4.0 (compatible; MSIE 7.0; Windows NT 6.1; WOW64; Trident/4.0; SLCC2; .NET CLR 2.0.50727; .NET CLR 3.5.30729; .NET CLR 3.0.30729; InfoPath.2; .NET4.0C; .NET4.0E; MSOffice 12)" "-" uksochi.ru
68.180.228.173 - - [08/May/2015:03:31:06 +0300] "GET /read_book.php?page=5&file_path=books/2/book00710.gz HTTP/1.1" "200" 11379 "-" "Mozilla/5.0 (compatible; Yahoo! Slurp; http://help.yahoo.com/help/us/ysearch/slurp)" "-" allbooks.com.ua
77.106.228.178 - - [08/May/2015:03:31:06 +0300] "GET /members/szhs/index-image.jpg HTTP/1.1" "301" 316 "-" "Mozilla/4.0 (compatible; MSIE 7.0; Windows NT 6.1; WOW64; Trident/4.0; SLCC2; .NET CLR 2.0.50727; .NET CLR 3.5.30729; .NET CLR 3.0.30729; InfoPath.2; .NET4.0C; .NET4.0E; MSOffice 12)" "-" uksochi.ru
150.70.97.119 - - [08/May/2015:03:31:06 +0300] "GET /damage-974/ryady-shariki.htm HTTP/1.1" "200" 4069 "-" "Mozilla/4.0 (compatible; MSIE 8.0; Windows NT 5.1; Trident/4.0)" "-" inshoysktkcj.solid.phmp3.cf
217.79.184.51 - - [08/May/2015:03:31:06 +0300] "GET /inherent-80/interesnye-igry-simsony.html HTTP/1.0" "200" 3423 "-" "Mozilla/5.0 (compatible; MJ12bot/v1.4.5; http://www.majestic12.co.uk/bot.php?+)" "-" olisk.bc7.ca
5.255.253.108 - - [08/May/2015:03:31:07 +0300] "GET /labs/XwFSo28fQTo/vozvrashenie-v-izumrudnyjj-gorod-2013-d-hdrip-1400mb.html HTTP/1.1" "200" 5637 "-" "Mozilla/5.0 (compatible; YandexBot/3.0; +http://yandex.com/bots)" "-" transfer.e-bookinfo.ru
77.106.228.178 - - [08/May/2015:03:31:07 +0300] "GET /members/szhs/index-image.jpg HTTP/1.1" "301" 316 "-" "Mozilla/4.0 (compatible; MSIE 7.0; Windows NT 6.1; WOW64; Trident/4.0; SLCC2; .NET CLR 2.0.50727; .NET CLR 3.5.30729; .NET CLR 3.0.30729; InfoPath.2; .NET4.0C; .NET4.0E; MSOffice 12)" "-" uksochi.ru
46.118.121.72 - - [08/May/2015:03:31:07 +0300] "GET http://razdacha-akkauntov.ru/wp-admin/ HTTP/1.1" "302" 0 "http://razdacha-akkauntov.ru/wp-login.php" "Mozilla/5.0 (Windows; U; Windows NT 5.1; ru; rv:1.9.0.2) Gecko/2008091620 Firefox/3.0.2" "-" razdacha-akkauntov.ru
176.14.147.7 - - [08/May/2015:03:31:07 +0300] "GET /analogue-37/skachat-modern-dom-dlya-maynkraft.htm HTTP/1.0" "200" 3789 "http://yandex.ru/clck/jsredir?from=yandex.ru%3Byandsearch%3Bweb%3B%3B&text=&etext=681.O2lqFjFGDSpH_3N3XhR_G27pMrdevmmq1v8uyCCLGG2aTZpIbFn6TDSfmcUcmCk3UiYv_-9p12LyQKHEbqKrug.c9388b96f091349745705bcbada162dabd371968&uuid=&state=AiuY0DBWFJ4ePaEse6rgeAjgs2pI3DW9J0KiE5XNXd0dp0ZMwFHoviUoYa6nzP7MFsomsouu4qehF5ts5MwpA_UJwSdF3jZT2tZmmBwS7qstgovmDcW39kkpQ05tmzxa_yDShhz-qE0boLRKHwFCEXk0iWSTuCKL59JPITa0Cu0prLff7lZFtl1b7VT3G31L2NXInVcqpBSFySUjQlol7g&data=UlNrNmk5WktYejR0eWJFYk1Ldmtxb25oVTcwVkFzc2ZSVDlWbjMtNEJxaUpuY1YtdmdlWGU1UlR6QlFHUU1RWV80MDFSWFpRQnVQUnptcmtKck02LWVxaHd1a0NaMlJDLVhCc2FkQ01ha3dHVzh1Slp6RmJxOWNfUTRDMXJGaVRXOUVmdm1XdTJ2Zmh0bHdud0hIUXEtYUVXMUhKTTZpZndpTU41Mi03aFRyUUhKaU81elp0RjBKTmNzVzdhVEV5&b64e=2&sign=4c1003608b6252e3c00a44f9763684ef&keyno=0&l10n=ru&cts=1431043475465&mc=5.45623288604" "Mozilla/4.0 (compatible; MSIE 8.0; Windows NT 6.1; Trident/4.0; SLCC2; .NET CLR 2.0.50727; .NET CLR 3.5.30729; .NET CLR 3.0.30729; Media Center PC 6.0; .NET4.0C; .NET4.0E)" "-" trafslpkdk.jhos.teulahti.net
46.118.121.72 - - [08/May/2015:03:31:07 +0300] "GET http://razdacha-akkauntov.ru/wp-admin/ HTTP/1.1" "302" 0 "http://razdacha-akkauntov.ru/wp-login.php" "Mozilla/5.0 (Windows; U; Windows NT 5.1; ru; rv:1.9.0.2) Gecko/2008091620 Firefox/3.0.2" "-" razdacha-akkauntov.ru
201.254.106.234 - - [08/May/2015:03:31:07 +0300] "POST /administrator/index.php HTTP/1.1" "200" 5820 "http://provoloka34.ru/administrator/index.php" "Mozilla/5.0 (Windows NT 6.1; WOW64; rv:17.0) Gecko/20100101 Firefox/17.0" "-" provoloka34.ru
178.140.112.183 - - [08/May/2015:03:31:07 +0300] "GET /ping/Louisiana.css HTTP/1.0" "200" 893 "http://trudldtxq.jhos.teulahti.net/riven-946/skachat-besplatno-alkogol-120-dlya-windows-7.html" "Mozilla/4.0 (compatible; MSIE 8.0; Windows NT 5.1; Trident/4.0; .NET CLR 1.1.4322; .NET CLR 2.0.50727)" "-" trudldtxq.jhos.teulahti.net
77.106.228.178 - - [08/May/2015:03:31:07 +0300] "GET /members/szhs/index-image.jpg HTTP/1.1" "301" 316 "-" "Mozilla/4.0 (compatible; MSIE 7.0; Windows NT 6.1; WOW64; Trident/4.0; SLCC2; .NET CLR 2.0.50727; .NET CLR 3.5.30729; .NET CLR 3.0.30729; InfoPath.2; .NET4.0C; .NET4.0E; MSOffice 12)" "-" uksochi.ru
190.195.160.2 - - [08/May/2015:03:31:07 +0300] "POST /administrator/index.php HTTP/1.1" "403" 407 "http://shkafrai.ru/administrator/index.php" "Mozilla/5.0 (Windows NT 6.1; WOW64; rv:17.0) Gecko/20100101 Firefox/17.0" "-" shkafrai.ru
77.106.228.178 - - [08/May/2015:03:31:07 +0300] "GET /members/szhs/index-image.jpg HTTP/1.1" "301" 316 "-" "Mozilla/4.0 (compatible; MSIE 7.0; Windows NT 6.1; WOW64; Trident/4.0; SLCC2; .NET CLR 2.0.50727; .NET CLR 3.5.30729; .NET CLR 3.0.30729; InfoPath.2; .NET4.0C; .NET4.0E; MSOffice 12)" "-" uksochi.ru
66.249.65.2 - - [08/May/2015:03:31:07 +0300] "GET /index.php/uber/buch/biblioteka-bi/667-judo HTTP/1.1" "404" 45 "-" "Mozilla/5.0 (iPhone; CPU iPhone OS 6_0 like Mac OS X) AppleWebKit/536.26 (KHTML, like Gecko) Version/6.0 Mobile/10A5376e Safari/8536.25 (compatible; Googlebot/2.1; +http://www.google.com/bot.html)" "-" voin.by
199.16.156.125 - - [08/May/2015:03:31:07 +0300] "GET /robots.txt HTTP/1.1" "200" 106 "-" "Twitterbot/1.0" "-" trafsisorq.solid.phmp3.cf
178.140.112.183 - - [08/May/2015:03:31:07 +0300] "GET /ping/breathy.css HTTP/1.0" "200" 1142 "http://trudldtxq.jhos.teulahti.net/riven-946/skachat-besplatno-alkogol-120-dlya-windows-7.html" "Mozilla/4.0 (compatible; MSIE 8.0; Windows NT 5.1; Trident/4.0; .NET CLR 1.1.4322; .NET CLR 2.0.50727)" "-" trudldtxq.jhos.teulahti.net
77.106.228.178 - - [08/May/2015:03:31:07 +0300] "GET /members/szhs/index-image.jpg HTTP/1.1" "301" 316 "-" "Mozilla/4.0 (compatible; MSIE 7.0; Windows NT 6.1; WOW64; Trident/4.0; SLCC2; .NET CLR 2.0.50727; .NET CLR 3.5.30729; .NET CLR 3.0.30729; InfoPath.2; .NET4.0C; .NET4.0E; MSOffice 12)" "-" uksochi.ru
188.165.15.127 - - [08/May/2015:03:31:07 +0300] "GET //eda/recipe/about/10113.html HTTP/1.1" "200" 9057 "-" "Mozilla/5.0 (compatible; AhrefsBot/5.0; +http://ahrefs.com/robot/)" "-" odnoklybniki.ru
46.118.121.72 - - [08/May/2015:03:31:07 +0300] "GET http://razdacha-akkauntov.ru/wp-admin/ HTTP/1.1" "302" 0 "http://razdacha-akkauntov.ru/wp-login.php" "Mozilla/5.0 (Windows; U; Windows NT 5.1; ru; rv:1.9.0.2) Gecko/2008091620 Firefox/3.0.2" "-" razdacha-akkauntov.ru
77.106.228.178 - - [08/May/2015:03:31:07 +0300] "GET /members/szhs/index-image.jpg HTTP/1.1" "301" 316 "-" "Mozilla/4.0 (compatible; MSIE 7.0; Windows NT 6.1; WOW64; Trident/4.0; SLCC2; .NET CLR 2.0.50727; .NET CLR 3.5.30729; .NET CLR 3.0.30729; InfoPath.2; .NET4.0C; .NET4.0E; MSOffice 12)" "-" uksochi.ru
46.118.121.72 - - [08/May/2015:03:31:07 +0300] "GET http://razdacha-akkauntov.ru/wp-admin/ HTTP/1.1" "302" 0 "http://razdacha-akkauntov.ru/wp-login.php" "Mozilla/5.0 (Windows; U; Windows NT 5.1; ru; rv:1.9.0.2) Gecko/2008091620 Firefox/3.0.2" "-" razdacha-akkauntov.ru
77.106.228.178 - - [08/May/2015:03:31:07 +0300] "GET /members/szhs/index-image.jpg HTTP/1.1" "301" 316 "-" "Mozilla/4.0 (compatible; MSIE 7.0; Windows NT 6.1; WOW64; Trident/4.0; SLCC2; .NET CLR 2.0.50727; .NET CLR 3.5.30729; .NET CLR 3.0.30729; InfoPath.2; .NET4.0C; .NET4.0E; MSOffice 12)" "-" uksochi.ru
89.21.79.68 - - [08/May/2015:03:31:07 +0300] "GET http://dndclub.ru/wp-admin/ HTTP/1.1" "302" 0 "http://dndclub.ru/wp-login.php" "Mozilla/5.0 (Windows; U; Windows NT 5.1; ru; rv:1.9.0.2) Gecko/2008091620 Firefox/3.0.2" "-" dndclub.ru
178.140.112.183 - - [08/May/2015:03:31:07 +0300] "GET /ping/conservation.css HTTP/1.0" "200" 1639 "http://trudldtxq.jhos.teulahti.net/riven-946/skachat-besplatno-alkogol-120-dlya-windows-7.html" "Mozilla/4.0 (compatible; MSIE 8.0; Windows NT 5.1; Trident/4.0; .NET CLR 1.1.4322; .NET CLR 2.0.50727)" "-" trudldtxq.jhos.teulahti.net
176.14.147.7 - - [08/May/2015:03:31:07 +0300] "GET /youngster/cathode.css HTTP/1.0" "200" 1079 "http://trafslpkdk.jhos.teulahti.net/analogue-37/skachat-modern-dom-dlya-maynkraft.htm" "Mozilla/4.0 (compatible; MSIE 8.0; Windows NT 6.1; Trident/4.0; SLCC2; .NET CLR 2.0.50727; .NET CLR 3.5.30729; .NET CLR 3.0.30729; Media Center PC 6.0; .NET4.0C; .NET4.0E)" "-" trafslpkdk.jhos.teulahti.net
77.106.228.178 - - [08/May/2015:03:31:07 +0300] "GET /members/szhs/index-image.jpg HTTP/1.1" "301" 316 "-" "Mozilla/4.0 (compatible; MSIE 7.0; Windows NT 6.1; WOW64; Trident/4.0; SLCC2; .NET CLR 2.0.50727; .NET CLR 3.5.30729; .NET CLR 3.0.30729; InfoPath.2; .NET4.0C; .NET4.0E; MSOffice 12)" "-" uksochi.ru
188.162.14.10 - - [08/May/2015:03:31:07 +0300] "GET /image/cache/data/banner2-381x219.jpg HTTP/1.1" "304" 0 "-" "Mozilla/5.0 (Windows NT 6.3; WOW64) AppleWebKit/537.36 (KHTML, like Gecko) Chrome/42.0.2311.135 Safari/537.36" "-" pinetki24.ru
144.76.7.107 - - [08/May/2015:03:31:07 +0300] "GET /djwu/3sn5QUjOdPE HTTP/1.0" "200" 5485 "-" "Mozilla/5.0 (compatible; MJ12bot/v1.4.5; http://www.majestic12.co.uk/bot.php?+)" "-" moby.rmcrb.ru
188.162.14.10 - - [08/May/2015:03:31:07 +0300] "GET /image/data/pinetki_logo.png HTTP/1.1" "304" 0 "-" "Mozilla/5.0 (Windows NT 6.3; WOW64) AppleWebKit/537.36 (KHTML, like Gecko) Chrome/42.0.2311.135 Safari/537.36" "-" pinetki24.ru
95.24.245.195 - - [08/May/2015:03:31:07 +0300] "GET /sendmail.php HTTP/1.1" "200" 1332 "http://konfiskat-auto-privatbank.pp.ua/sale-autokonfiskat-nikolaev-bu-auto-credit-nikolaevskoj-obl/" "Mozilla/5.0 (compatible; MSIE 10.0; Windows NT 6.1; WOW64; Trident/6.0; MASPJS)" "-" konfiskat-auto-privatbank.pp.ua
2a00:b700:1::31 - - [08/May/2015:03:31:07 +0300] "GET /cron/get_news.php HTTP/1.0" "200" 31 "-" "Wget/1.12 (linux-gnu)" "-" change365.ru
77.106.228.178 - - [08/May/2015:03:31:07 +0300] "GET /members/szhs/index-image.jpg HTTP/1.1" "301" 316 "-" "Mozilla/4.0 (compatible; MSIE 7.0; Windows NT 6.1; WOW64; Trident/4.0; SLCC2; .NET CLR 2.0.50727; .NET CLR 3.5.30729; .NET CLR 3.0.30729; InfoPath.2; .NET4.0C; .NET4.0E; MSOffice 12)" "-" uksochi.ru
199.16.156.125 - - [08/May/2015:03:31:07 +0300] "GET /rasa-973/igrat-i-udalyat-shariki-operaciya.htm HTTP/1.1" "200" 1839 "-" "Twitterbot/1.0" "-" trafsisorq.solid.phmp3.cf
204.12.241.170 - - [08/May/2015:03:31:07 +0300] "GET /autoclaw/goldshadow1977 HTTP/1.0" "200" 2972 "-" "Mozilla/5.0 (compatible; MJ12bot/v1.4.5; http://www.majestic12.co.uk/bot.php?+)" "-" aitaks-agro.ru
178.140.112.183 - - [08/May/2015:03:31:07 +0300] "GET /vancouver/austenite.js HTTP/1.0" "200" 1225 "http://trudldtxq.jhos.teulahti.net/riven-946/skachat-besplatno-alkogol-120-dlya-windows-7.html" "Mozilla/4.0 (compatible; MSIE 8.0; Windows NT 5.1; Trident/4.0; .NET CLR 1.1.4322; .NET CLR 2.0.50727)" "-" trudldtxq.jhos.teulahti.net
77.106.228.178 - - [08/May/2015:03:31:07 +0300] "GET /members/szhs/index-image.jpg HTTP/1.1" "301" 316 "-" "Mozilla/4.0 (compatible; MSIE 7.0; Windows NT 6.1; WOW64; Trident/4.0; SLCC2; .NET CLR 2.0.50727; .NET CLR 3.5.30729; .NET CLR 3.0.30729; InfoPath.2; .NET4.0C; .NET4.0E; MSOffice 12)" "-" uksochi.ru
46.118.121.72 - - [08/May/2015:03:31:07 +0300] "GET http://razdacha-akkauntov.ru/wp-admin/ HTTP/1.1" "302" 0 "http://razdacha-akkauntov.ru/wp-login.php" "Mozilla/5.0 (Windows; U; Windows NT 5.1; ru; rv:1.9.0.2) Gecko/2008091620 Firefox/3.0.2" "-" razdacha-akkauntov.ru
176.14.147.7 - - [08/May/2015:03:31:07 +0300] "GET /youngster/embalm.css HTTP/1.0" "200" 521 "http://trafslpkdk.jhos.teulahti.net/analogue-37/skachat-modern-dom-dlya-maynkraft.htm" "Mozilla/4.0 (compatible; MSIE 8.0; Windows NT 6.1; Trident/4.0; SLCC2; .NET CLR 2.0.50727; .NET CLR 3.5.30729; .NET CLR 3.0.30729; Media Center PC 6.0; .NET4.0C; .NET4.0E)" "-" trafslpkdk.jhos.teulahti.net
157.55.39.126 - - [08/May/2015:03:31:07 +0300] "GET /info8808.html HTTP/1.1" "200" 8160 "-" "Mozilla/5.0 (compatible; bingbot/2.0; +http://www.bing.com/bingbot.htm)" "-" greatrussianpeople.ru
66.249.73.156 - - [08/May/2015:03:31:07 +0300] "GET /board/index.php?/calendar/1-%D0%BE%D1%81%D0%BD%D0%BE%D0%B2%D0%BD%D0%BE%D0%B9-%D0%BA%D0%B0%D0%BB%D0%B5%D0%BD%D0%B4%D0%B0%D1%80%D1%8C/week-1430006950 HTTP/1.1" "200" 8302 "-" "Mozilla/5.0 (compatible; Googlebot/2.1; +http://www.google.com/bot.html)" "-" www.residentevillive.ru
46.118.121.72 - - [08/May/2015:03:31:07 +0300] "GET http://razdacha-akkauntov.ru/wp-admin/ HTTP/1.1" "302" 0 "http://razdacha-akkauntov.ru/wp-login.php" "Mozilla/5.0 (Windows; U; Windows NT 5.1; ru; rv:1.9.0.2) Gecko/2008091620 Firefox/3.0.2" "-" razdacha-akkauntov.ru
2a01:4f8:192:208c::2 - - [08/May/2015:03:31:07 +0300] "GET /dizajn-interera-metallicheskij-keramogranit/'http://google.com' HTTP/1.0" "301" 0 "http://el48.ru/dizajn-interera-metallicheskij-keramogranit/" "'Mozilla/4.0 (compatible; MSIE 6.1; Windows NT 5.2)'" "-" el48.ru
77.106.228.178 - - [08/May/2015:03:31:07 +0300] "GET /members/szhs/index-image.jpg HTTP/1.1" "301" 316 "-" "Mozilla/4.0 (compatible; MSIE 7.0; Windows NT 6.1; WOW64; Trident/4.0; SLCC2; .NET CLR 2.0.50727; .NET CLR 3.5.30729; .NET CLR 3.0.30729; InfoPath.2; .NET4.0C; .NET4.0E; MSOffice 12)" "-" uksochi.ru
190.195.160.2 - - [08/May/2015:03:31:07 +0300] "POST /administrator/index.php HTTP/1.1" "403" 407 "http://shkafrai.ru/administrator/index.php" "Mozilla/5.0 (Windows NT 6.1; WOW64; rv:17.0) Gecko/20100101 Firefox/17.0" "-" shkafrai.ru
77.106.228.178 - - [08/May/2015:03:31:07 +0300] "GET /members/szhs/index-image.jpg HTTP/1.1" "301" 316 "-" "Mozilla/4.0 (compatible; MSIE 7.0; Windows NT 6.1; WOW64; Trident/4.0; SLCC2; .NET CLR 2.0.50727; .NET CLR 3.5.30729; .NET CLR 3.0.30729; InfoPath.2; .NET4.0C; .NET4.0E; MSOffice 12)" "-" uksochi.ru
188.162.14.10 - - [08/May/2015:03:31:07 +0300] "GET /image/cache/data/banner1-381x219.jpg HTTP/1.1" "304" 0 "-" "Mozilla/5.0 (Windows NT 6.3; WOW64) AppleWebKit/537.36 (KHTML, like Gecko) Chrome/42.0.2311.135 Safari/537.36" "-" pinetki24.ru
176.14.147.7 - - [08/May/2015:03:31:07 +0300] "GET /youngster/dummy.css HTTP/1.0" "200" 821 "http://trafslpkdk.jhos.teulahti.net/analogue-37/skachat-modern-dom-dlya-maynkraft.htm" "Mozilla/4.0 (compatible; MSIE 8.0; Windows NT 6.1; Trident/4.0; SLCC2; .NET CLR 2.0.50727; .NET CLR 3.5.30729; .NET CLR 3.0.30729; Media Center PC 6.0; .NET4.0C; .NET4.0E)" "-" trafslpkdk.jhos.teulahti.net
74.86.158.110 - - [08/May/2015:03:31:07 +0300] "HEAD / HTTP/1.1" "200" 0 "-" "Mozilla/5.0+(compatible; UptimeRobot/2.0; http://www.uptimerobot.com/)" "-" proprint.tk
188.162.14.10 - - [08/May/2015:03:31:07 +0300] "GET /image/cache/data/D6JZezsE-215x215.jpg HTTP/1.1" "304" 0 "-" "Mozilla/5.0 (Windows NT 6.3; WOW64) AppleWebKit/537.36 (KHTML, like Gecko) Chrome/42.0.2311.135 Safari/537.36" "-" pinetki24.ru
2a01:4f8:191:64c7::2 - - [08/May/2015:03:31:07 +0300] "GET /?p=442 HTTP/1.0" "301" 0 "http://reftlife.ru/ads/prodam-3-komnatnuyu-kvartiru-v-asbeste/" "'Mozilla/4.0 (compatible; MSIE 6.1; Windows NT 5.2)'" "-" reftlife.ru
77.106.228.178 - - [08/May/2015:03:31:07 +0300] "GET /members/szhs/index-image.jpg HTTP/1.1" "301" 316 "-" "Mozilla/4.0 (compatible; MSIE 7.0; Windows NT 6.1; WOW64; Trident/4.0; SLCC2; .NET CLR 2.0.50727; .NET CLR 3.5.30729; .NET CLR 3.0.30729; InfoPath.2; .NET4.0C; .NET4.0E; MSOffice 12)" "-" uksochi.ru
188.162.14.10 - - [08/May/2015:03:31:07 +0300] "GET /image/cache/data/Shapki/_DSC1075-215x215.JPG HTTP/1.1" "304" 0 "-" "Mozilla/5.0 (Windows NT 6.3; WOW64) AppleWebKit/537.36 (KHTML, like Gecko) Chrome/42.0.2311.135 Safari/537.36" "-" pinetki24.ru
201.254.106.234 - - [08/May/2015:03:31:07 +0300] "POST /administrator/index.php HTTP/1.1" "200" 5492 "http://provoloka34.ru/administrator/index.php" "Mozilla/5.0 (Windows NT 6.1; WOW64; rv:17.0) Gecko/20100101 Firefox/17.0" "-" provoloka34.ru
188.162.14.10 - - [08/May/2015:03:31:07 +0300] "GET /image/cache/data/Platja/_DSC1063-215x215.JPG HTTP/1.1" "304" 0 "-" "Mozilla/5.0 (Windows NT 6.3; WOW64) AppleWebKit/537.36 (KHTML, like Gecko) Chrome/42.0.2311.135 Safari/537.36" "-" pinetki24.ru
77.106.228.178 - - [08/May/2015:03:31:07 +0300] "GET /members/szhs/index-image.jpg HTTP/1.1" "301" 316 "-" "Mozilla/4.0 (compatible; MSIE 7.0; Windows NT 6.1; WOW64; Trident/4.0; SLCC2; .NET CLR 2.0.50727; .NET CLR 3.5.30729; .NET CLR 3.0.30729; InfoPath.2; .NET4.0C; .NET4.0E; MSOffice 12)" "-" uksochi.ru
46.118.121.72 - - [08/May/2015:03:31:07 +0300] "GET http://razdacha-akkauntov.ru/wp-admin/ HTTP/1.1" "302" 0 "http://razdacha-akkauntov.ru/wp-login.php" "Mozilla/5.0 (Windows; U; Windows NT 5.1; ru; rv:1.9.0.2) Gecko/2008091620 Firefox/3.0.2" "-" razdacha-akkauntov.ru
188.162.14.10 - - [08/May/2015:03:31:07 +0300] "GET /image/cache/data/Platja/_DSC1069-215x215.JPG HTTP/1.1" "304" 0 "-" "Mozilla/5.0 (Windows NT 6.3; WOW64) AppleWebKit/537.36 (KHTML, like Gecko) Chrome/42.0.2311.135 Safari/537.36" "-" pinetki24.ru
95.108.158.238 - - [08/May/2015:03:31:07 +0300] "GET /watch/uzoUx6KxtuE HTTP/1.1" "200" 6707 "-" "Mozilla/5.0 (compatible; YandexBot/3.0; +http://yandex.com/bots)" "-" tajset.ru
193.232.121.204 - - [08/May/2015:03:31:07 +0300] "GET /?p=5346 HTTP/1.1" "200" 10075 "-" "Mozilla/5.0 (compatible; MSIE 9.0; Windows NT 7.1; Trident/5.0)" "-" kungur-online.ru
176.14.147.7 - - [08/May/2015:03:31:07 +0300] "GET /palermo/teleprinter.js HTTP/1.0" "200" 1246 "http://trafslpkdk.jhos.teulahti.net/analogue-37/skachat-modern-dom-dlya-maynkraft.htm" "Mozilla/4.0 (compatible; MSIE 8.0; Windows NT 6.1; Trident/4.0; SLCC2; .NET CLR 2.0.50727; .NET CLR 3.5.30729; .NET CLR 3.0.30729; Media Center PC 6.0; .NET4.0C; .NET4.0E)" "-" trafslpkdk.jhos.teulahti.net
46.118.121.72 - - [08/May/2015:03:31:07 +0300] "GET http://razdacha-akkauntov.ru/wp-admin/ HTTP/1.1" "302" 0 "http://razdacha-akkauntov.ru/wp-login.php" "Mozilla/5.0 (Windows; U; Windows NT 5.1; ru; rv:1.9.0.2) Gecko/2008091620 Firefox/3.0.2" "-" razdacha-akkauntov.ru
77.106.228.178 - - [08/May/2015:03:31:07 +0300] "GET /members/szhs/index-image.jpg HTTP/1.1" "301" 316 "-" "Mozilla/4.0 (compatible; MSIE 7.0; Windows NT 6.1; WOW64; Trident/4.0; SLCC2; .NET CLR 2.0.50727; .NET CLR 3.5.30729; .NET CLR 3.0.30729; InfoPath.2; .NET4.0C; .NET4.0E; MSOffice 12)" "-" uksochi.ru
89.21.79.68 - - [08/May/2015:03:31:07 +0300] "GET http://dndclub.ru/wp-admin/ HTTP/1.1" "302" 0 "http://dndclub.ru/wp-login.php" "Mozilla/5.0 (Windows; U; Windows NT 5.1; ru; rv:1.9.0.2) Gecko/2008091620 Firefox/3.0.2" "-" dndclub.ru
77.106.228.178 - - [08/May/2015:03:31:07 +0300] "GET /members/szhs/index-image.jpg HTTP/1.1" "301" 316 "-" "Mozilla/4.0 (compatible; MSIE 7.0; Windows NT 6.1; WOW64; Trident/4.0; SLCC2; .NET CLR 2.0.50727; .NET CLR 3.5.30729; .NET CLR 3.0.30729; InfoPath.2; .NET4.0C; .NET4.0E; MSOffice 12)" "-" uksochi.ru
91.194.84.106 - - [08/May/2015:03:31:07 +0300] "GET /find-new/10681/profile-posts HTTP/1.0" "200" 12038 "-" "Mozilla/5.0 (compatible; MJ12bot/v1.4.5; http://www.majestic12.co.uk/bot.php?+)" "-" poker-hunter.ru
31.47.144.41 - - [08/May/2015:03:31:07 +0300] "GET /category/krasota-i-zdorovie HTTP/1.1" "200" 4994 "http://www.brauwser.ru/krasota-i-zdorovie/hello-world.html" "Mozilla/5.0 (Windows NT 6.1) AppleWebKit/537.36 (KHTML, like Gecko) Chrome/42.0.2311.90 Safari/537.36 OPR/29.0.1795.47" "-" www.brauwser.ru
188.162.14.10 - - [08/May/2015:03:31:07 +0300] "GET /image/cache/data/Birety/_DSC1074-215x215.JPG HTTP/1.1" "304" 0 "-" "Mozilla/5.0 (Windows NT 6.3; WOW64) AppleWebKit/537.36 (KHTML, like Gecko) Chrome/42.0.2311.135 Safari/537.36" "-" pinetki24.ru
77.106.228.178 - - [08/May/2015:03:31:07 +0300] "GET /members/szhs/index-image.jpg HTTP/1.1" "301" 316 "-" "Mozilla/4.0 (compatible; MSIE 7.0; Windows NT 6.1; WOW64; Trident/4.0; SLCC2; .NET CLR 2.0.50727; .NET CLR 3.5.30729; .NET CLR 3.0.30729; InfoPath.2; .NET4.0C; .NET4.0E; MSOffice 12)" "-" uksochi.ru
37.140.188.6 - - [08/May/2015:03:31:07 +0300] "GET /biggon/t_u8B5c02KI/tz-dlya-verstalshhika-internet-magazin-3.html HTTP/1.1" "200" 4734 "-" "Mozilla/5.0 (compatible; YandexBot/3.0; +http://yandex.com/bots)" "-" psgrade.resonanceschool.ru
188.162.14.10 - - [08/May/2015:03:31:07 +0300] "GET /image/cache/data/Birety/_DSC1073-215x215.JPG HTTP/1.1" "304" 0 "-" "Mozilla/5.0 (Windows NT 6.3; WOW64) AppleWebKit/537.36 (KHTML, like Gecko) Chrome/42.0.2311.135 Safari/537.36" "-" pinetki24.ru
188.162.14.10 - - [08/May/2015:03:31:07 +0300] "GET /image/cache/data/Noski/_DSC1119-215x215.JPG HTTP/1.1" "304" 0 "-" "Mozilla/5.0 (Windows NT 6.3; WOW64) AppleWebKit/537.36 (KHTML, like Gecko) Chrome/42.0.2311.135 Safari/537.36" "-" pinetki24.ru
46.118.121.72 - - [08/May/2015:03:31:07 +0300] "GET http://razdacha-akkauntov.ru/wp-admin/ HTTP/1.1" "302" 0 "http://razdacha-akkauntov.ru/wp-login.php" "Mozilla/5.0 (Windows; U; Windows NT 5.1; ru; rv:1.9.0.2) Gecko/2008091620 Firefox/3.0.2" "-" razdacha-akkauntov.ru
77.106.228.178 - - [08/May/2015:03:31:07 +0300] "GET /members/szhs/index-image.jpg HTTP/1.1" "301" 316 "-" "Mozilla/4.0 (compatible; MSIE 7.0; Windows NT 6.1; WOW64; Trident/4.0; SLCC2; .NET CLR 2.0.50727; .NET CLR 3.5.30729; .NET CLR 3.0.30729; InfoPath.2; .NET4.0C; .NET4.0E; MSOffice 12)" "-" uksochi.ru
46.101.172.49 - - [08/May/2015:03:31:07 +0300] "GET / HTTP/1.1" "200" 2573 "http://balkon-osteklim.ru/" "Mozilla/5.0 (X11; Ubuntu; Linux x86_64; rv:34.0) Gecko/20100101 Firefox/34.0" "-" bagira-pw.ru
188.162.14.10 - - [08/May/2015:03:31:07 +0300] "GET /image/cache/data/Kombinezony/_DSC1072-215x215.JPG HTTP/1.1" "304" 0 "-" "Mozilla/5.0 (Windows NT 6.3; WOW64) AppleWebKit/537.36 (KHTML, like Gecko) Chrome/42.0.2311.135 Safari/537.36" "-" pinetki24.ru
217.69.133.169 - - [08/May/2015:03:31:07 +0300] "GET / HTTP/1.1" "200" 6603 "-" "Mozilla/5.0 (X11; Linux x86_64; rv:18.0) Gecko/20100101 Firefox/18.0" "-" liftstroiservice.ru
46.118.121.72 - - [08/May/2015:03:31:07 +0300] "GET http://razdacha-akkauntov.ru/wp-admin/ HTTP/1.1" "302" 0 "http://razdacha-akkauntov.ru/wp-login.php" "Mozilla/5.0 (Windows; U; Windows NT 5.1; ru; rv:1.9.0.2) Gecko/2008091620 Firefox/3.0.2" "-" razdacha-akkauntov.ru
77.106.228.178 - - [08/May/2015:03:31:07 +0300] "GET /members/szhs/index-image.jpg HTTP/1.1" "301" 316 "-" "Mozilla/4.0 (compatible; MSIE 7.0; Windows NT 6.1; WOW64; Trident/4.0; SLCC2; .NET CLR 2.0.50727; .NET CLR 3.5.30729; .NET CLR 3.0.30729; InfoPath.2; .NET4.0C; .NET4.0E; MSOffice 12)" "-" uksochi.ru
188.162.14.10 - - [08/May/2015:03:31:07 +0300] "GET /image/cache/data/pinetki/_DSC1089-215x215.JPG HTTP/1.1" "304" 0 "-" "Mozilla/5.0 (Windows NT 6.3; WOW64) AppleWebKit/537.36 (KHTML, like Gecko) Chrome/42.0.2311.135 Safari/537.36" "-" pinetki24.ru
217.69.133.169 - - [08/May/2015:03:31:07 +0300] "GET /wp-content/uploads/2014/12/Ot.png HTTP/1.1" "200" 1287 "-" "Mozilla/5.0 (X11; Linux x86_64; rv:18.0) Gecko/20100101 Firefox/18.0" "-" liftstroiservice.ru
77.106.228.178 - - [08/May/2015:03:31:07 +0300] "GET /members/szhs/index-image.jpg HTTP/1.1" "301" 316 "-" "Mozilla/4.0 (compatible; MSIE 7.0; Windows NT 6.1; WOW64; Trident/4.0; SLCC2; .NET CLR 2.0.50727; .NET CLR 3.5.30729; .NET CLR 3.0.30729; InfoPath.2; .NET4.0C; .NET4.0E; MSOffice 12)" "-" uksochi.ru
188.162.14.10 - - [08/May/2015:03:31:07 +0300] "GET /image/cache/data/pinetki/_DSC1109-215x215.JPG HTTP/1.1" "304" 0 "-" "Mozilla/5.0 (Windows NT 6.3; WOW64) AppleWebKit/537.36 (KHTML, like Gecko) Chrome/42.0.2311.135 Safari/537.36" "-" pinetki24.ru
66.249.78.50 - - [08/May/2015:03:31:07 +0300] "GET /img/223_2.jpg HTTP/1.1" "200" 92646 "-" "Googlebot-Image/1.0" "-" ffl.ru
77.106.228.178 - - [08/May/2015:03:31:07 +0300] "GET /members/szhs/index-image.jpg HTTP/1.1" "301" 316 "-" "Mozilla/4.0 (compatible; MSIE 7.0; Windows NT 6.1; WOW64; Trident/4.0; SLCC2; .NET CLR 2.0.50727; .NET CLR 3.5.30729; .NET CLR 3.0.30729; InfoPath.2; .NET4.0C; .NET4.0E; MSOffice 12)" "-" uksochi.ru
188.162.14.10 - - [08/May/2015:03:31:07 +0300] "GET /image/cache/data/banner3-383x219.jpg HTTP/1.1" "304" 0 "-" "Mozilla/5.0 (Windows NT 6.3; WOW64) AppleWebKit/537.36 (KHTML, like Gecko) Chrome/42.0.2311.135 Safari/537.36" "-" pinetki24.ru
46.118.121.72 - - [08/May/2015:03:31:08 +0300] "GET http://razdacha-akkauntov.ru/wp-admin/ HTTP/1.1" "302" 0 "http://razdacha-akkauntov.ru/wp-login.php" "Mozilla/5.0 (Windows; U; Windows NT 5.1; ru; rv:1.9.0.2) Gecko/2008091620 Firefox/3.0.2" "-" razdacha-akkauntov.ru
188.162.14.10 - - [08/May/2015:03:31:08 +0300] "GET /image/cache/data/banner5-383x219.jpg HTTP/1.1" "304" 0 "-" "Mozilla/5.0 (Windows NT 6.3; WOW64) AppleWebKit/537.36 (KHTML, like Gecko) Chrome/42.0.2311.135 Safari/537.36" "-" pinetki24.ru
77.106.228.178 - - [08/May/2015:03:31:08 +0300] "GET /members/szhs/index-image.jpg HTTP/1.1" "301" 316 "-" "Mozilla/4.0 (compatible; MSIE 7.0; Windows NT 6.1; WOW64; Trident/4.0; SLCC2; .NET CLR 2.0.50727; .NET CLR 3.5.30729; .NET CLR 3.0.30729; InfoPath.2; .NET4.0C; .NET4.0E; MSOffice 12)" "-" uksochi.ru
104.255.68.191 - - [08/May/2015:03:31:08 +0300] "GET /product/10783/reviews/ HTTP/1.0" "200" 3479 "-" "Mozilla/5.0 (compatible; MJ12bot/v1.4.5; http://www.majestic12.co.uk/bot.php?+)" "-" www.gpavto.ru
46.118.121.72 - - [08/May/2015:03:31:08 +0300] "GET http://razdacha-akkauntov.ru/wp-admin/ HTTP/1.1" "302" 0 "http://razdacha-akkauntov.ru/wp-login.php" "Mozilla/5.0 (Windows; U; Windows NT 5.1; ru; rv:1.9.0.2) Gecko/2008091620 Firefox/3.0.2" "-" razdacha-akkauntov.ru
188.162.14.10 - - [08/May/2015:03:31:08 +0300] "GET /image/cache/data/banner4-383x219.jpg HTTP/1.1" "304" 0 "-" "Mozilla/5.0 (Windows NT 6.3; WOW64) AppleWebKit/537.36 (KHTML, like Gecko) Chrome/42.0.2311.135 Safari/537.36" "-" pinetki24.ru
94.41.132.119 - - [08/May/2015:03:31:08 +0300] "GET /files/glitteringprizes-%D0%B2-%D1%80%D1%83%D1%81%D1%81%D0%BA%D0%BE%D0%BC-%D0%BF%D0%B5%D1%80%D0%B5%D0%B2%D0%BE%D0%B4%D0%B5-200x75.jpg HTTP/1.1" "404" 47 "http://newspoker.ru/poker_online/viktor-blom-igral-20-chasov-podryad-i-vyigral-bolshe-500-000.html" "Mozilla/5.0 (Windows NT 6.1) AppleWebKit/537.36 (KHTML, like Gecko) Chrome/42.0.2311.135 Safari/537.36" "-" newspoker.ru
77.106.228.178 - - [08/May/2015:03:31:08 +0300] "GET /members/szhs/index-image.jpg HTTP/1.1" "301" 316 "-" "Mozilla/4.0 (compatible; MSIE 7.0; Windows NT 6.1; WOW64; Trident/4.0; SLCC2; .NET CLR 2.0.50727; .NET CLR 3.5.30729; .NET CLR 3.0.30729; InfoPath.2; .NET4.0C; .NET4.0E; MSOffice 12)" "-" uksochi.ru
31.47.144.41 - - [08/May/2015:03:31:08 +0300] "GET /wp-content/themes/coupon/css/bootstrap-theme.min.css?ver=4.2.2 HTTP/1.1" "304" 0 "http://www.brauwser.ru/category/krasota-i-zdorovie" "Mozilla/5.0 (Windows NT 6.1) AppleWebKit/537.36 (KHTML, like Gecko) Chrome/42.0.2311.90 Safari/537.36 OPR/29.0.1795.47" "-" www.brauwser.ru
31.47.144.41 - - [08/May/2015:03:31:08 +0300] "GET /wp-includes/css/admin-bar.min.css?ver=4.2.2 HTTP/1.1" "304" 0 "http://www.brauwser.ru/category/krasota-i-zdorovie" "Mozilla/5.0 (Windows NT 6.1) AppleWebKit/537.36 (KHTML, like Gecko) Chrome/42.0.2311.90 Safari/537.36 OPR/29.0.1795.47" "-" www.brauwser.ru
31.47.144.41 - - [08/May/2015:03:31:08 +0300] "GET /wp-includes/css/dashicons.min.css?ver=4.2.2 HTTP/1.1" "304" 0 "http://www.brauwser.ru/category/krasota-i-zdorovie" "Mozilla/5.0 (Windows NT 6.1) AppleWebKit/537.36 (KHTML, like Gecko) Chrome/42.0.2311.90 Safari/537.36 OPR/29.0.1795.47" "-" www.brauwser.ru
31.47.144.41 - - [08/May/2015:03:31:08 +0300] "GET /wp-content/themes/coupon/css/bootstrap.min.css?ver=4.2.2 HTTP/1.1" "304" 0 "http://www.brauwser.ru/category/krasota-i-zdorovie" "Mozilla/5.0 (Windows NT 6.1) AppleWebKit/537.36 (KHTML, like Gecko) Chrome/42.0.2311.90 Safari/537.36 OPR/29.0.1795.47" "-" www.brauwser.ru
31.47.144.41 - - [08/May/2015:03:31:08 +0300] "GET /wp-content/themes/coupon/css/slicknav.css?ver=4.2.2 HTTP/1.1" "304" 0 "http://www.brauwser.ru/category/krasota-i-zdorovie" "Mozilla/5.0 (Windows NT 6.1) AppleWebKit/537.36 (KHTML, like Gecko) Chrome/42.0.2311.90 Safari/537.36 OPR/29.0.1795.47" "-" www.brauwser.ru
89.21.79.68 - - [08/May/2015:03:31:08 +0300] "GET http://dndclub.ru/wp-admin/ HTTP/1.1" "302" 0 "http://dndclub.ru/wp-login.php" "Mozilla/5.0 (Windows; U; Windows NT 5.1; ru; rv:1.9.0.2) Gecko/2008091620 Firefox/3.0.2" "-" dndclub.ru
