188.73.136.46 - - [08/May/2015:03:31:19 +0300] "GET /wp-content/plugins/wptouch/themes/foundation/modules/pushit/pushit.css?ver=4.1.5 HTTP/1.1" "200" 292 "http://freecoin.webw3.ru/?partner=6566_61059" "Mozilla/5.0 (iPhone; CPU iPhone OS 7_0_2 like Mac OS X) AppleWebKit/537.51.1 (KHTML, like Gecko) Version/7.0 Mobile/11A501 Safari/9537.53" "-" freecoin.webw3.ru
188.73.136.46 - - [08/May/2015:03:31:19 +0300] "GET /wp-includes/js/jquery/jquery-migrate.min.js?ver=1.2.1 HTTP/1.1" "200" 3080 "http://freecoin.webw3.ru/?partner=6566_61059" "Mozilla/5.0 (iPhone; CPU iPhone OS 7_0_2 like Mac OS X) AppleWebKit/537.51.1 (KHTML, like Gecko) Version/7.0 Mobile/11A501 Safari/9537.53" "-" freecoin.webw3.ru
188.73.136.46 - - [08/May/2015:03:31:19 +0300] "GET /wp-content/plugins/google-analyticator/external-tracking.min.js?ver=6.4.8 HTTP/1.1" "200" 476 "http://freecoin.webw3.ru/?partner=6566_61059" "Mozilla/5.0 (iPhone; CPU iPhone OS 7_0_2 like Mac OS X) AppleWebKit/537.51.1 (KHTML, like Gecko) Version/7.0 Mobile/11A501 Safari/9537.53" "-" freecoin.webw3.ru
178.154.243.113 - - [08/May/2015:03:31:19 +0300] "GET /index.php?id=29275&Itemid=107&option=com_content&task=view HTTP/1.1" "200" 6806 "-" "Mozilla/5.0 (compatible; YandexBot/3.0; +http://yandex.com/bots)" "-" www.kino31.ru
199.59.148.209 - - [08/May/2015:03:31:19 +0300] "GET /robots.txt HTTP/1.1" "200" 103 "-" "Twitterbot/1.0" "-" trafsknnuu.aska.ar.com
77.106.228.178 - - [08/May/2015:03:31:19 +0300] "GET /members/szhs/index-image.jpg HTTP/1.1" "301" 316 "-" "Mozilla/4.0 (compatible; MSIE 7.0; Windows NT 6.1; WOW64; Trident/4.0; SLCC2; .NET CLR 2.0.50727; .NET CLR 3.5.30729; .NET CLR 3.0.30729; InfoPath.2; .NET4.0C; .NET4.0E; MSOffice 12)" "-" uksochi.ru
188.73.136.46 - - [08/May/2015:03:31:19 +0300] "GET /wp-includes/js/jquery/jquery.js?ver=1.11.1 HTTP/1.1" "200" 33284 "http://freecoin.webw3.ru/?partner=6566_61059" "Mozilla/5.0 (iPhone; CPU iPhone OS 7_0_2 like Mac OS X) AppleWebKit/537.51.1 (KHTML, like Gecko) Version/7.0 Mobile/11A501 Safari/9537.53" "-" freecoin.webw3.ru
2.93.178.146 - - [08/May/2015:03:31:19 +0300] "GET /mama/sitemap.xml HTTP/1.1" "404" 0 "-" "Mozilla/5.0 (compatible; MSIE 9.0; Windows NT 6.1; Trident/5.0)" "-" krasotulca.ru
208.115.113.92 - - [08/May/2015:03:31:19 +0300] "GET /firma_po_strojmaterialam_-_zao_shenap/ HTTP/1.1" "200" 31223 "-" "Mozilla/5.0 (compatible; DotBot/1.1; http://www.opensiteexplorer.org/dotbot, help@moz.com)" "-" babexi-opt.ru
46.118.121.72 - - [08/May/2015:03:31:19 +0300] "GET http://razdacha-akkauntov.ru/wp-admin/ HTTP/1.1" "302" 0 "http://razdacha-akkauntov.ru/wp-login.php" "Mozilla/5.0 (Windows; U; Windows NT 5.1; ru; rv:1.9.0.2) Gecko/2008091620 Firefox/3.0.2" "-" razdacha-akkauntov.ru
77.106.228.178 - - [08/May/2015:03:31:19 +0300] "GET /members/szhs/index-image.jpg HTTP/1.1" "301" 316 "-" "Mozilla/4.0 (compatible; MSIE 7.0; Windows NT 6.1; WOW64; Trident/4.0; SLCC2; .NET CLR 2.0.50727; .NET CLR 3.5.30729; .NET CLR 3.0.30729; InfoPath.2; .NET4.0C; .NET4.0E; MSOffice 12)" "-" uksochi.ru
46.118.121.72 - - [08/May/2015:03:31:19 +0300] "GET http://razdacha-akkauntov.ru/wp-admin/ HTTP/1.1" "302" 0 "http://razdacha-akkauntov.ru/wp-login.php" "Mozilla/5.0 (Windows; U; Windows NT 5.1; ru; rv:1.9.0.2) Gecko/2008091620 Firefox/3.0.2" "-" razdacha-akkauntov.ru
199.59.148.209 - - [08/May/2015:03:31:19 +0300] "GET /gradient-915/igrat-onlayn-v-pingvin-oficiant.htm HTTP/1.1" "200" 2112 "-" "Twitterbot/1.0" "-" trafsknnuu.aska.ar.com
176.193.168.225 - - [08/May/2015:03:31:19 +0300] "GET /yeoman/pedagogue.js HTTP/1.1" "200" 509 "http://inshoysuoexl.aska.ar.com/aruba-392/skachat-novye-mody-dlya-skayrima.htm" "Mozilla/5.0 (compatible; MSIE 10.0; Windows NT 6.1; WOW64; Trident/6.0; Touch; MAARJS)" "-" inshoysuoexl.aska.ar.com
2a01:4f8:192:208c::2 - - [08/May/2015:03:31:19 +0300] "GET /remont-i-vnutrennyaya-otdelka-zagorodnogo-doma/'http://google.com' HTTP/1.0" "301" 0 "http://el48.ru/remont-i-vnutrennyaya-otdelka-zagorodnogo-doma/" "'Mozilla/4.0 (compatible; MSIE 6.1; Windows NT 5.2)'" "-" el48.ru
77.106.228.178 - - [08/May/2015:03:31:19 +0300] "GET /members/szhs/index-image.jpg HTTP/1.1" "301" 316 "-" "Mozilla/4.0 (compatible; MSIE 7.0; Windows NT 6.1; WOW64; Trident/4.0; SLCC2; .NET CLR 2.0.50727; .NET CLR 3.5.30729; .NET CLR 3.0.30729; InfoPath.2; .NET4.0C; .NET4.0E; MSOffice 12)" "-" uksochi.ru
89.21.79.68 - - [08/May/2015:03:31:19 +0300] "GET http://dndclub.ru/wp-admin/ HTTP/1.1" "302" 0 "http://dndclub.ru/wp-login.php" "Mozilla/5.0 (Windows; U; Windows NT 5.1; ru; rv:1.9.0.2) Gecko/2008091620 Firefox/3.0.2" "-" dndclub.ru
178.154.243.113 - - [08/May/2015:03:31:19 +0300] "GET /excrete-456/golden-axe-sega-onlayn.html HTTP/1.1" "404" 436 "-" "Mozilla/5.0 (compatible; YandexBot/3.0; +http://yandex.com/bots)" "-" 26-02-2015-dzlyp.aska.ar.com
190.195.160.2 - - [08/May/2015:03:31:19 +0300] "POST /administrator/index.php HTTP/1.1" "403" 407 "http://shkafrai.ru/administrator/index.php" "Mozilla/5.0 (Windows NT 6.1; WOW64; rv:17.0) Gecko/20100101 Firefox/17.0" "-" shkafrai.ru
101.81.30.71 - - [08/May/2015:03:31:19 +0300] "PROPFIND /100005005623224/ HTTP/1.1" "405" 428 "-" "iOS/7.1.2 (11D257) dataaccessd/1.0" "-" webdav.facebook.com
2a02:2168:c01:300:58e2:ae15:21f2:218b - - [08/May/2015:03:31:19 +0300] "GET /395-kak-zastrahovat-kvartiru-ot-zatopleniya.html HTTP/1.1" "200" 10098 "http://yandex.ru/clck/jsredir?from=yandex.ru%3Bsearch%2F%3Bweb%3B%3B&text=&etext=681.M6D7LbWUf9nkSY03QNlux85MvZK388Yzpquz-J9KBA1cHdWj7CzFBEvaiMALvPrUwK7tdIy2hjgQXm_3uANAFM9GvA7bZCr3nq6GZ5DHHh8.0d1091f1a6a903eabc36e1fa141705901bd2f29e&uuid=&state=PEtFfuTeVD5kpHnK9lio9XPOnieP7YQBovzVqj9ang0YEepmskggOQ&data=UlNrNmk5WktYejR0eWJFYk1Ldmtxb2pGTjdGLXlmQkFCOW5Mc3lYY2hMLTQxTEhJalVGMjNsOUV1WkZzeEFXcVhzeDkzaHo1bmxNazlfNzlBWHVrMzFPdDMteUU5R09mZ3Fka1dzSXZibEc3enpzLUw5ZUNDX1pLcXBGbGNIdFJKT21uSVVDZEdoYUNQOWptdzUwV2I0MWdzbWdpcnhhdDgxVlVfQ3RCLVdz&b64e=2&sign=5a91ef7d4a46f4f3bdf10cb04b3a2958&keyno=0&cst=AiuY0DBWFJ7IXge4WdYJQZXfClUfJqToluJOw1AKCKPHnAHm5xPZq6rnvZBdsx18UkrxqM-RX8KyrZ1n5llJGl_Mpc8Nxwwsa2r91XT2xRbOSey8Ll5Ucmq8uKJGcLh5k0YzosAzQ_N_dnhri0ov6ucRiRyqtrxasFksB6do3OMxEFfFOe0RPSxBNi0nGPRTI_BXXWTMtISS1OUN1rubqqVLuOd9uymxKUkOC_ZFRgtd8C7r2G2VIyLxMPLxFiBSmCVXmnUNVQqv1O9axHJ3LOGJ_NHts5E8AmdNTWIAzACdO5VMLwrD8W9HClCsdhngLkBhqD3B85T8Rl8g8m-XIROeurZ-UuaWFGF6I8St9BO-8aaXeEabr9kNGZuKj0KQhwawTCQPL6Hp_wz5VcfYLKtciuvnPhzHTFgJkRgpiamrg82pUY0yarO9St57bHym6mDFH64D9dR-JHb3wle1nVfKQI2_Q2Bkd6ot5hJRaL-3I2jySItiLmQ8X0zmdcM0aa_Ravglhmup45JplfuBbVPCMK40p84aDFywZ6_COT_PCchgbY4pzjzcuv92WaqAVqE_62fasVnjiBmbGYfEUw&ref=cM777e4sMOAycdZhdUbYHpMQ80108_UCHgI4h6Y0hbtoes4Cfdh8gL69gGsNctAnvTInwQPih_vT3eLrqINIAoEIJ8fw--ReqvRBNFIWT_VRQLs8mw2N8Rr1cbBMTi2QxuFEsbsQrrGFad4BRlGSPBI4Aui8KCjDriePSV8Ug83Wm5A9NFhOJ-5dKm-UzC5ZQADsFs4PnoQUqPo5f9ZvQGNepHGvDXxkHtm68c3ekkPvUHr3REAPJLERWQaSQIN5b9CbiRnjF0EKFWwBynlIswp2qxAEeLEVEerubJosOYlpDOyLWzfIZ6qfCVaUK3tFJbRh9GvifCqUNLjBogcfvSz7PSI13LFE0xaquANYFhkkNGZLtHGoGT-Ld-cZXece7VRPd4PB7MTsHJV2faQEeP1TjZBo0yShaWMcjA4JxEqWbqhtUAbqW9dzAwFUICKgE68vENOpUbArLnFSAdgrRsAFFRNvUoKecswDQZIknXh6mXTMsAFo2UMCmISVeEIrzNhrFkJ3CLxb14TQxuU4_jdLb1CHJ-9B14ptzDemp9fBurT4VB0PquG9nYNFwrlJuLu1yCIDrhOA49FSYNVl6KEh8IrSdKCgh48asO_a53VzaZxwQr867UpZnHpsosj7oZOW29zadUq9bUtiOMrI1yEaoPWJxs_bPGWf31yBwdenkH1X_Ls82Nf8LJAhoMUTI2NGQiyedN2BPrgHqkEMgtZU618qIcxrGKBpzSiTuiGrfhrHK8haiA4TkYY7cS6urPEfPon1aDLH21ACCVkZ4EE3csJygUyPSWiwgaJGUTkWGfVdFEqFTFvgCKQaHLhkl9Dg5KE7HrFCEluXoUntCKa9ANyWX1SsevGLfrXgc_kYPG2SfPaRaRJI35cZeq-vfxmwm19Zkdng0fQziJuXb_FAJO_YdZf_8SIANkvgqTt9VHkRYnxPF5dwh85sF0x1NlzDMPQEv_vHa0wvY9ZNTJuBNhlXoWeBroqBMLv1j0xNTP-WvLUfSstXqBmSc65HAKLg9IMc4e8WSrWJtGcuG8-mPKI2KqFsmH93YzS7WqtJZ7NrK_J98005g5xEak7msbSZGUwOswdbaQ1LfzzMXXRjnxzPu-OTdRlXTeE0AHTAh-lnFuJyul6PlPhMFFFZfGdAxBkm0vmvyxzc3EJIFOJ-3oH_cIvzn4J94_Jl0qOY_M0Ch85wN4ztzUVSOWdbvPcZvpJp8Y8T-XRCtDwBmrT8yOhmKkVw70DDm8htyqBO3Azqb5wD6OzFZ7TX8jrYZLovO4MpzxtUi4vvYjU3B9Na7Lrb3TfmEyjeAqIujLBbDPWFjSEiBE3YrOLGNCj88V0Luiw_UqH7H9USeuP_I4nOWAdEseVuipPOM2WTxwQM-u4_ijkqHRbVmHoIERwH6RhK7caUaJ2U1NQ7z-zOh6r0DaEiAtruiP2J6sN-qIQL0yiyjY-flh5lnoVKVgL9sXRO8tBFw9FAPFRuqEHNVVmfSjvVxYd7PIhEkPQkfvMTGcB-AFdTRQ62rQSHKF-3X5NA-s0W95IPAH9NL-8bhL0NHMBCPdgitgScMJuk3S5zAzy7VgRc-gT0A_5f97GYzjb1WJl10gMw7ON1mlhWV2Y8OBFHr7PqW1UaEOM0N5Uz5OCoVfrIDs0U1D107UxF0TY4lqlvqhHEwVJMWMe_8J7SmeiK9mJUdXhlwV-MRe4S9VgYIUVJ7V4gwwJ1yfh8Sm5n-kxjtzvNf4ZaYb0i1NCuyEfAxmNZ-ySs8IRXwFWZvRD1xaryyg9Rb6vUJ8YvOaor1toK0VnNEHROCtvQ3Ps-x6ww4Uun2KASXwnmXbUNACOTqG36_Q&l10n=ru&cts=1431045079597&mc=5.43415279805225" "Mozilla/5.0 (Macintosh; Intel Mac OS X 10_10_2) AppleWebKit/537.36 (KHTML, like Gecko) Chrome/42.0.2311.135 Safari/537.36" "-" www.kvartira-box.ru
77.106.228.178 - - [08/May/2015:03:31:19 +0300] "GET /members/szhs/index-image.jpg HTTP/1.1" "301" 316 "-" "Mozilla/4.0 (compatible; MSIE 7.0; Windows NT 6.1; WOW64; Trident/4.0; SLCC2; .NET CLR 2.0.50727; .NET CLR 3.5.30729; .NET CLR 3.0.30729; InfoPath.2; .NET4.0C; .NET4.0E; MSOffice 12)" "-" uksochi.ru
2.93.178.146 - - [08/May/2015:03:31:19 +0300] "GET /mama/dvoinaya-radost-bliznecy.html HTTP/1.1" "200" 10210 "http://go.mail.ru/search?mailru=1&q=%d1%80%d0%b5%d1%86%d0%b5%d0%bf%d1%82+%d0%bf%d0%bb%d0%be%d0%b2+%d0%b8%d0%b7+%d0%b1%d0%b0%d1%80%d0%b0%d0%bd%d0%b8%d0%bd%d1%8b" "Mozilla/5.0 (Windows NT 6.1; rv:15.0) Gecko/20100101 Firefox/15.0.1" "-" krasotulca.ru
77.106.228.178 - - [08/May/2015:03:31:19 +0300] "GET /members/szhs/index-image.jpg HTTP/1.1" "301" 316 "-" "Mozilla/4.0 (compatible; MSIE 7.0; Windows NT 6.1; WOW64; Trident/4.0; SLCC2; .NET CLR 2.0.50727; .NET CLR 3.5.30729; .NET CLR 3.0.30729; InfoPath.2; .NET4.0C; .NET4.0E; MSOffice 12)" "-" uksochi.ru
2a02:2168:c01:300:58e2:ae15:21f2:218b - - [08/May/2015:03:31:19 +0300] "GET /templates/00071/css/style.css HTTP/1.1" "200" 3051 "http://www.kvartira-box.ru/395-kak-zastrahovat-kvartiru-ot-zatopleniya.html" "Mozilla/5.0 (Macintosh; Intel Mac OS X 10_10_2) AppleWebKit/537.36 (KHTML, like Gecko) Chrome/42.0.2311.135 Safari/537.36" "-" www.kvartira-box.ru
2a02:2168:c01:300:58e2:ae15:21f2:218b - - [08/May/2015:03:31:19 +0300] "GET /templates/00071/css/engine.css HTTP/1.1" "200" 4931 "http://www.kvartira-box.ru/395-kak-zastrahovat-kvartiru-ot-zatopleniya.html" "Mozilla/5.0 (Macintosh; Intel Mac OS X 10_10_2) AppleWebKit/537.36 (KHTML, like Gecko) Chrome/42.0.2311.135 Safari/537.36" "-" www.kvartira-box.ru
2a02:2168:c01:300:58e2:ae15:21f2:218b - - [08/May/2015:03:31:19 +0300] "GET /templates/00071/js/jscript_jquery.faded.js HTTP/1.1" "200" 1899 "http://www.kvartira-box.ru/395-kak-zastrahovat-kvartiru-ot-zatopleniya.html" "Mozilla/5.0 (Macintosh; Intel Mac OS X 10_10_2) AppleWebKit/537.36 (KHTML, like Gecko) Chrome/42.0.2311.135 Safari/537.36" "-" www.kvartira-box.ru
2a02:2168:c01:300:58e2:ae15:21f2:218b - - [08/May/2015:03:31:19 +0300] "GET /templates/00071/images/spacer.gif HTTP/1.1" "200" 43 "http://www.kvartira-box.ru/395-kak-zastrahovat-kvartiru-ot-zatopleniya.html" "Mozilla/5.0 (Macintosh; Intel Mac OS X 10_10_2) AppleWebKit/537.36 (KHTML, like Gecko) Chrome/42.0.2311.135 Safari/537.36" "-" www.kvartira-box.ru
65.255.37.175 - - [08/May/2015:03:31:19 +0300] "GET /home/ustroystva-na-baze-android/podrobnee-o-mobilnoy-bluetooth-klaviature-dlya-plansheta HTTP/1.1" "200" 15860 "http://yandex.ru/touchsearch?text=%D0%B1%D0%BB%D0%B5%D1%82%D1%83%D0%B7+%D0%BA%D0%BB%D0%B0%D0%B2%D0%B0+%D0%BD%D0%B0+%D0%BF%D0%BA+%D0%B0%D0%BD%D0%B4%D1%80%D0%BE%D0%B8%D0%B4&clid=2039514#!/touchsearch?text=%D0%B1%D0%BB%D0%B5%D1%82%D1%83%D0%B7%20%D0%BA%D0%BB%D0%B0%D0%B2%D0%B0%20%D0%BD%D0%B0%20%D0%BF%D0%BA%20%D0%B0%D0%BD%D0%B4%D1%80%D0%BE%D0%B8%D0%B4&clid=2039514&lr=213" "Mozilla/5.0 (Linux; U; Android 2.3.7; en-US; G23 Build/GRK39F) AppleWebKit/534.30 (KHTML, like Gecko) Version/4.0 UCBrowser/10.4.1.565 U3/0.8.0 Mobile Safari/534.30" "46.211.131.233" geodum.ru
46.118.121.72 - - [08/May/2015:03:31:19 +0300] "GET http://razdacha-akkauntov.ru/wp-admin/ HTTP/1.1" "302" 0 "http://razdacha-akkauntov.ru/wp-login.php" "Mozilla/5.0 (Windows; U; Windows NT 5.1; ru; rv:1.9.0.2) Gecko/2008091620 Firefox/3.0.2" "-" razdacha-akkauntov.ru
199.59.148.209 - - [08/May/2015:03:31:19 +0300] "GET /gradient-915/command-conquer-3-kane-s-wrath-2008-pc.htm HTTP/1.1" "200" 1928 "-" "Twitterbot/1.0" "-" trafsknnuu.aska.ar.com
77.106.228.178 - - [08/May/2015:03:31:19 +0300] "GET /members/szhs/index-image.jpg HTTP/1.1" "301" 316 "-" "Mozilla/4.0 (compatible; MSIE 7.0; Windows NT 6.1; WOW64; Trident/4.0; SLCC2; .NET CLR 2.0.50727; .NET CLR 3.5.30729; .NET CLR 3.0.30729; InfoPath.2; .NET4.0C; .NET4.0E; MSOffice 12)" "-" uksochi.ru
46.4.232.205 - - [08/May/2015:03:31:19 +0300] "POST /wp-login.php HTTP/1.0" "200" 5407 "http://dom-vboru.ru/wp-login.php" "Opera/9.80 (Windows NT 6.1; U; ru) Presto/2.8.131 Version/11.10" "-" dom-vboru.ru
2.93.178.146 - - [08/May/2015:03:31:19 +0300] "GET /engine/plugins/rating/tpl/skins/basic/rating.css HTTP/1.1" "200" 475 "http://krasotulca.ru/mama/dvoinaya-radost-bliznecy.html" "Mozilla/5.0 (Windows NT 6.1; rv:15.0) Gecko/20100101 Firefox/15.0.1" "-" krasotulca.ru
157.55.39.95 - - [08/May/2015:03:31:19 +0300] "GET /index.php?productID=7399 HTTP/1.1" "404" 392 "-" "Mozilla/5.0 (compatible; bingbot/2.0; +http://www.bing.com/bingbot.htm)" "-" www.mumisma.ru
2a02:2168:c01:300:58e2:ae15:21f2:218b - - [08/May/2015:03:31:19 +0300] "GET /templates/00071/images/dlet-icon-twit.png HTTP/1.1" "200" 781 "http://www.kvartira-box.ru/395-kak-zastrahovat-kvartiru-ot-zatopleniya.html" "Mozilla/5.0 (Macintosh; Intel Mac OS X 10_10_2) AppleWebKit/537.36 (KHTML, like Gecko) Chrome/42.0.2311.135 Safari/537.36" "-" www.kvartira-box.ru
71.176.122.34 - - [08/May/2015:03:31:19 +0300] "GET /paqo/irdz6238.php HTTP/1.1" "200" 6205 "-" "Mozilla/5.0 (compatible; MJ12bot/v1.4.5; http://www.majestic12.co.uk/bot.php?+)" "-" postzone.ru
46.118.121.72 - - [08/May/2015:03:31:19 +0300] "GET http://razdacha-akkauntov.ru/wp-admin/ HTTP/1.1" "302" 0 "http://razdacha-akkauntov.ru/wp-login.php" "Mozilla/5.0 (Windows; U; Windows NT 5.1; ru; rv:1.9.0.2) Gecko/2008091620 Firefox/3.0.2" "-" razdacha-akkauntov.ru
2a02:2168:c01:300:58e2:ae15:21f2:218b - - [08/May/2015:03:31:19 +0300] "GET /templates/00071/images/dlet-icon-rss.png HTTP/1.1" "200" 751 "http://www.kvartira-box.ru/395-kak-zastrahovat-kvartiru-ot-zatopleniya.html" "Mozilla/5.0 (Macintosh; Intel Mac OS X 10_10_2) AppleWebKit/537.36 (KHTML, like Gecko) Chrome/42.0.2311.135 Safari/537.36" "-" www.kvartira-box.ru
2.93.178.146 - - [08/May/2015:03:31:19 +0300] "GET /templates/Gossip/css/style.css HTTP/1.1" "200" 6616 "http://krasotulca.ru/mama/dvoinaya-radost-bliznecy.html" "Mozilla/5.0 (Windows NT 6.1; rv:15.0) Gecko/20100101 Firefox/15.0.1" "-" krasotulca.ru
77.106.228.178 - - [08/May/2015:03:31:19 +0300] "GET /members/szhs/index-image.jpg HTTP/1.1" "301" 316 "-" "Mozilla/4.0 (compatible; MSIE 7.0; Windows NT 6.1; WOW64; Trident/4.0; SLCC2; .NET CLR 2.0.50727; .NET CLR 3.5.30729; .NET CLR 3.0.30729; InfoPath.2; .NET4.0C; .NET4.0E; MSOffice 12)" "-" uksochi.ru
2.93.178.146 - - [08/May/2015:03:31:19 +0300] "GET /templates/Gossip/css/engine.css HTTP/1.1" "200" 3447 "http://krasotulca.ru/mama/dvoinaya-radost-bliznecy.html" "Mozilla/5.0 (Windows NT 6.1; rv:15.0) Gecko/20100101 Firefox/15.0.1" "-" krasotulca.ru
2.93.178.146 - - [08/May/2015:03:31:19 +0300] "GET /templates/Gossip/js/jqueryui.js HTTP/1.1" "200" 17608 "http://krasotulca.ru/mama/dvoinaya-radost-bliznecy.html" "Mozilla/5.0 (Windows NT 6.1; rv:15.0) Gecko/20100101 Firefox/15.0.1" "-" krasotulca.ru
2a02:2168:c01:300:58e2:ae15:21f2:218b - - [08/May/2015:03:31:19 +0300] "GET /engine/classes/min/index.php?charset=windows-1251&g=general&3 HTTP/1.1" "200" 47397 "http://www.kvartira-box.ru/395-kak-zastrahovat-kvartiru-ot-zatopleniya.html" "Mozilla/5.0 (Macintosh; Intel Mac OS X 10_10_2) AppleWebKit/537.36 (KHTML, like Gecko) Chrome/42.0.2311.135 Safari/537.36" "-" www.kvartira-box.ru
95.108.158.238 - - [08/May/2015:03:31:19 +0300] "GET /page_179.htm HTTP/1.1" "200" 3317 "-" "Mozilla/5.0 (compatible; YandexBot/3.0; +http://yandex.com/bots)" "-" xxx.le12.ru
188.73.136.46 - - [08/May/2015:03:31:19 +0300] "GET /wp-content/wptouch-data/cache/wptouch-1707cd58422c980a6a7d9d921273451a5791d4fb.js HTTP/1.1" "200" 18862 "http://freecoin.webw3.ru/?partner=6566_61059" "Mozilla/5.0 (iPhone; CPU iPhone OS 7_0_2 like Mac OS X) AppleWebKit/537.51.1 (KHTML, like Gecko) Version/7.0 Mobile/11A501 Safari/9537.53" "-" freecoin.webw3.ru
2a02:2168:c01:300:58e2:ae15:21f2:218b - - [08/May/2015:03:31:19 +0300] "GET /templates/00071/images/dlet-icon-face.png HTTP/1.1" "200" 708 "http://www.kvartira-box.ru/395-kak-zastrahovat-kvartiru-ot-zatopleniya.html" "Mozilla/5.0 (Macintosh; Intel Mac OS X 10_10_2) AppleWebKit/537.36 (KHTML, like Gecko) Chrome/42.0.2311.135 Safari/537.36" "-" www.kvartira-box.ru
91.226.212.50 - - [08/May/2015:03:31:19 +0300] "GET /wp-content/uploads/hello.php?450799 HTTP/1.1" "404" 410 "http://stopnickel.ru/wp-content/uploads/hello.php?450799" "Mozilla/4.0 (compatible; MSIE 6.0; Windows NT 5.1; SV1)" "-" stopnickel.ru
91.226.212.50 - - [08/May/2015:03:31:19 +0300] "GET /wp-content/setup.php HTTP/1.1" "404" 402 "http://stopnickel.ru/wp-content/setup.php" "Mozilla/4.0 (compatible; MSIE 6.0; Windows NT 5.1; SV1)" "-" stopnickel.ru
2.93.178.146 - - [08/May/2015:03:31:19 +0300] "GET /lib/ajax.js HTTP/1.1" "200" 2166 "http://krasotulca.ru/mama/dvoinaya-radost-bliznecy.html" "Mozilla/5.0 (Windows NT 6.1; rv:15.0) Gecko/20100101 Firefox/15.0.1" "-" krasotulca.ru
2.93.178.146 - - [08/May/2015:03:31:19 +0300] "GET /templates/Gossip/js/jquery.js HTTP/1.1" "200" 33234 "http://krasotulca.ru/mama/dvoinaya-radost-bliznecy.html" "Mozilla/5.0 (Windows NT 6.1; rv:15.0) Gecko/20100101 Firefox/15.0.1" "-" krasotulca.ru
2.93.178.146 - - [08/May/2015:03:31:19 +0300] "GET /templates/Gossip/js/inserttag.js HTTP/1.1" "200" 1161 "http://krasotulca.ru/mama/dvoinaya-radost-bliznecy.html" "Mozilla/5.0 (Windows NT 6.1; rv:15.0) Gecko/20100101 Firefox/15.0.1" "-" krasotulca.ru
91.226.212.50 - - [08/May/2015:03:31:19 +0300] "GET /wp-content/plugins/customize-admin/info.php HTTP/1.1" "404" 425 "http://stopnickel.ru/wp-content/plugins/customize-admin/info.php" "Mozilla/4.0 (compatible; MSIE 6.0; Windows NT 5.1; SV1)" "-" stopnickel.ru
2a02:2168:c01:300:58e2:ae15:21f2:218b - - [08/May/2015:03:31:19 +0300] "GET /templates/00071/images/dlet_bttn_search.gif HTTP/1.1" "200" 159 "http://www.kvartira-box.ru/395-kak-zastrahovat-kvartiru-ot-zatopleniya.html" "Mozilla/5.0 (Macintosh; Intel Mac OS X 10_10_2) AppleWebKit/537.36 (KHTML, like Gecko) Chrome/42.0.2311.135 Safari/537.36" "-" www.kvartira-box.ru
157.56.1.59 - - [08/May/2015:03:31:19 +0300] "GET /cantle/deodorant.css HTTP/1.1" "200" 373 "http://ingrisnqvey.solid.phmp3.cf/messiah-520/mody-dlya-need-for-speed-carbon-torrent.htm" "Mozilla/5.0 (compatible; MSIE 9.0; Windows NT 6.1; Trident/5.0;  Trident/5.0)" "-" ingrisnqvey.solid.phmp3.cf
192.99.75.71 - - [08/May/2015:03:31:19 +0300] "GET /wp-login.php HTTP/1.1" "200" 2419 "-" "Mozilla/5.0 (Windows NT 6.1; WOW64) AppleWebKit/537.36 (KHTML, like Gecko) Chrome/36.0.1985.125 Safari/537.36" "-" alfa-orion.ru
77.106.228.178 - - [08/May/2015:03:31:19 +0300] "GET /members/szhs/index-image.jpg HTTP/1.1" "301" 316 "-" "Mozilla/4.0 (compatible; MSIE 7.0; Windows NT 6.1; WOW64; Trident/4.0; SLCC2; .NET CLR 2.0.50727; .NET CLR 3.5.30729; .NET CLR 3.0.30729; InfoPath.2; .NET4.0C; .NET4.0E; MSOffice 12)" "-" uksochi.ru
2a02:2168:c01:300:58e2:ae15:21f2:218b - - [08/May/2015:03:31:19 +0300] "GET /templates/00071/images/dlet_bttn_login.png HTTP/1.1" "200" 2977 "http://www.kvartira-box.ru/395-kak-zastrahovat-kvartiru-ot-zatopleniya.html" "Mozilla/5.0 (Macintosh; Intel Mac OS X 10_10_2) AppleWebKit/537.36 (KHTML, like Gecko) Chrome/42.0.2311.135 Safari/537.36" "-" www.kvartira-box.ru
2.93.178.146 - - [08/May/2015:03:31:19 +0300] "GET /engine/skins/default/smilies/angry.gif HTTP/1.1" "200" 393 "http://krasotulca.ru/mama/dvoinaya-radost-bliznecy.html" "Mozilla/5.0 (Windows NT 6.1; rv:15.0) Gecko/20100101 Firefox/15.0.1" "-" krasotulca.ru
2.93.178.146 - - [08/May/2015:03:31:19 +0300] "GET /templates/Gossip/js/bbcodes.js HTTP/1.1" "200" 1440 "http://krasotulca.ru/mama/dvoinaya-radost-bliznecy.html" "Mozilla/5.0 (Windows NT 6.1; rv:15.0) Gecko/20100101 Firefox/15.0.1" "-" krasotulca.ru
2.93.178.146 - - [08/May/2015:03:31:19 +0300] "GET /engine/skins/default/smilies/biggrin.gif HTTP/1.1" "200" 364 "http://krasotulca.ru/mama/dvoinaya-radost-bliznecy.html" "Mozilla/5.0 (Windows NT 6.1; rv:15.0) Gecko/20100101 Firefox/15.0.1" "-" krasotulca.ru
77.106.228.178 - - [08/May/2015:03:31:19 +0300] "GET /members/szhs/index-image.jpg HTTP/1.1" "301" 316 "-" "Mozilla/4.0 (compatible; MSIE 7.0; Windows NT 6.1; WOW64; Trident/4.0; SLCC2; .NET CLR 2.0.50727; .NET CLR 3.5.30729; .NET CLR 3.0.30729; InfoPath.2; .NET4.0C; .NET4.0E; MSOffice 12)" "-" uksochi.ru
46.118.121.72 - - [08/May/2015:03:31:19 +0300] "GET http://razdacha-akkauntov.ru/wp-admin/ HTTP/1.1" "302" 0 "http://razdacha-akkauntov.ru/wp-login.php" "Mozilla/5.0 (Windows; U; Windows NT 5.1; ru; rv:1.9.0.2) Gecko/2008091620 Firefox/3.0.2" "-" razdacha-akkauntov.ru
2.93.178.146 - - [08/May/2015:03:31:19 +0300] "GET /engine/skins/default/smilies/confused.gif HTTP/1.1" "200" 391 "http://krasotulca.ru/mama/dvoinaya-radost-bliznecy.html" "Mozilla/5.0 (Windows NT 6.1; rv:15.0) Gecko/20100101 Firefox/15.0.1" "-" krasotulca.ru
2.93.178.146 - - [08/May/2015:03:31:19 +0300] "GET /engine/skins/default/smilies/cool.gif HTTP/1.1" "200" 373 "http://krasotulca.ru/mama/dvoinaya-radost-bliznecy.html" "Mozilla/5.0 (Windows NT 6.1; rv:15.0) Gecko/20100101 Firefox/15.0.1" "-" krasotulca.ru
77.106.228.178 - - [08/May/2015:03:31:19 +0300] "GET /members/szhs/index-image.jpg HTTP/1.1" "301" 316 "-" "Mozilla/4.0 (compatible; MSIE 7.0; Windows NT 6.1; WOW64; Trident/4.0; SLCC2; .NET CLR 2.0.50727; .NET CLR 3.5.30729; .NET CLR 3.0.30729; InfoPath.2; .NET4.0C; .NET4.0E; MSOffice 12)" "-" uksochi.ru
190.195.160.2 - - [08/May/2015:03:31:19 +0300] "POST /administrator/index.php HTTP/1.1" "403" 407 "http://shkafrai.ru/administrator/index.php" "Mozilla/5.0 (Windows NT 6.1; WOW64; rv:17.0) Gecko/20100101 Firefox/17.0" "-" shkafrai.ru
2.93.178.146 - - [08/May/2015:03:31:19 +0300] "GET /engine/skins/default/smilies/blush.gif HTTP/1.1" "200" 612 "http://krasotulca.ru/mama/dvoinaya-radost-bliznecy.html" "Mozilla/5.0 (Windows NT 6.1; rv:15.0) Gecko/20100101 Firefox/15.0.1" "-" krasotulca.ru
5.255.253.161 - - [08/May/2015:03:31:19 +0300] "GET /token/Xu36-T27Gzo/new-2015-kak-bystro-prokachatsya-v-clash-of-clans-3chast-gemy.html HTTP/1.1" "200" 5200 "-" "Mozilla/5.0 (compatible; YandexBot/3.0; +http://yandex.com/bots)" "-" for-a-liver.ru
46.118.121.72 - - [08/May/2015:03:31:19 +0300] "GET http://razdacha-akkauntov.ru/wp-admin/ HTTP/1.1" "302" 0 "http://razdacha-akkauntov.ru/wp-login.php" "Mozilla/5.0 (Windows; U; Windows NT 5.1; ru; rv:1.9.0.2) Gecko/2008091620 Firefox/3.0.2" "-" razdacha-akkauntov.ru
2.93.178.146 - - [08/May/2015:03:31:19 +0300] "GET /engine/skins/default/smilies/crazy.gif HTTP/1.1" "200" 598 "http://krasotulca.ru/mama/dvoinaya-radost-bliznecy.html" "Mozilla/5.0 (Windows NT 6.1; rv:15.0) Gecko/20100101 Firefox/15.0.1" "-" krasotulca.ru
2.93.178.146 - - [08/May/2015:03:31:19 +0300] "GET /engine/skins/default/smilies/cry.gif HTTP/1.1" "200" 392 "http://krasotulca.ru/mama/dvoinaya-radost-bliznecy.html" "Mozilla/5.0 (Windows NT 6.1; rv:15.0) Gecko/20100101 Firefox/15.0.1" "-" krasotulca.ru
2a02:2168:c01:300:58e2:ae15:21f2:218b - - [08/May/2015:03:31:19 +0300] "GET /templates/00071/images/dlet-photo2.jpg HTTP/1.1" "200" 73981 "http://www.kvartira-box.ru/395-kak-zastrahovat-kvartiru-ot-zatopleniya.html" "Mozilla/5.0 (Macintosh; Intel Mac OS X 10_10_2) AppleWebKit/537.36 (KHTML, like Gecko) Chrome/42.0.2311.135 Safari/537.36" "-" www.kvartira-box.ru
91.194.84.106 - - [08/May/2015:03:31:19 +0300] "GET /find-new/10683/profile-posts HTTP/1.0" "200" 12039 "-" "Mozilla/5.0 (compatible; MJ12bot/v1.4.5; http://www.majestic12.co.uk/bot.php?+)" "-" poker-hunter.ru
89.21.79.68 - - [08/May/2015:03:31:19 +0300] "GET http://dndclub.ru/wp-admin/ HTTP/1.1" "302" 0 "http://dndclub.ru/wp-login.php" "Mozilla/5.0 (Windows; U; Windows NT 5.1; ru; rv:1.9.0.2) Gecko/2008091620 Firefox/3.0.2" "-" dndclub.ru
188.73.136.46 - - [08/May/2015:03:31:19 +0300] "GET /wp-content/plugins/wptouch/resources/icons/elegant/Paper.png HTTP/1.1" "200" 336 "http://freecoin.webw3.ru/?partner=6566_61059" "Mozilla/5.0 (iPhone; CPU iPhone OS 7_0_2 like Mac OS X) AppleWebKit/537.51.1 (KHTML, like Gecko) Version/7.0 Mobile/11A501 Safari/9537.53" "-" freecoin.webw3.ru
77.106.228.178 - - [08/May/2015:03:31:19 +0300] "GET /members/szhs/index-image.jpg HTTP/1.1" "301" 316 "-" "Mozilla/4.0 (compatible; MSIE 7.0; Windows NT 6.1; WOW64; Trident/4.0; SLCC2; .NET CLR 2.0.50727; .NET CLR 3.5.30729; .NET CLR 3.0.30729; InfoPath.2; .NET4.0C; .NET4.0E; MSOffice 12)" "-" uksochi.ru
5.255.253.108 - - [08/May/2015:03:31:19 +0300] "GET /gent-562/ HTTP/1.1" "200" 1181 "-" "Mozilla/5.0 (compatible; YandexBot/3.0; +http://yandex.com/bots)" "-" inavetvnjxu.aska.ar.com
2.93.178.146 - - [08/May/2015:03:31:19 +0300] "GET /engine/skins/default/smilies/sad.gif HTTP/1.1" "200" 388 "http://krasotulca.ru/mama/dvoinaya-radost-bliznecy.html" "Mozilla/5.0 (Windows NT 6.1; rv:15.0) Gecko/20100101 Firefox/15.0.1" "-" krasotulca.ru
2.93.178.146 - - [08/May/2015:03:31:19 +0300] "GET /engine/skins/default/smilies/shhh.gif HTTP/1.1" "200" 385 "http://krasotulca.ru/mama/dvoinaya-radost-bliznecy.html" "Mozilla/5.0 (Windows NT 6.1; rv:15.0) Gecko/20100101 Firefox/15.0.1" "-" krasotulca.ru
188.73.136.46 - - [08/May/2015:03:31:19 +0300] "GET /wp-content/uploads/2015/02/My-Cover-Design.png HTTP/1.1" "200" 37003 "http://freecoin.webw3.ru/?partner=6566_61059" "Mozilla/5.0 (iPhone; CPU iPhone OS 7_0_2 like Mac OS X) AppleWebKit/537.51.1 (KHTML, like Gecko) Version/7.0 Mobile/11A501 Safari/9537.53" "-" freecoin.webw3.ru
188.73.136.46 - - [08/May/2015:03:31:19 +0300] "GET /wp-content/uploads/2015/02/2015-03-08_132953.png HTTP/1.1" "200" 30264 "http://freecoin.webw3.ru/?partner=6566_61059" "Mozilla/5.0 (iPhone; CPU iPhone OS 7_0_2 like Mac OS X) AppleWebKit/537.51.1 (KHTML, like Gecko) Version/7.0 Mobile/11A501 Safari/9537.53" "-" freecoin.webw3.ru
2.93.178.146 - - [08/May/2015:03:31:19 +0300] "GET /engine/skins/default/smilies/kiss.gif HTTP/1.1" "200" 389 "http://krasotulca.ru/mama/dvoinaya-radost-bliznecy.html" "Mozilla/5.0 (Windows NT 6.1; rv:15.0) Gecko/20100101 Firefox/15.0.1" "-" krasotulca.ru
2.93.178.146 - - [08/May/2015:03:31:19 +0300] "GET /engine/skins/default/smilies/smile.gif HTTP/1.1" "200" 389 "http://krasotulca.ru/mama/dvoinaya-radost-bliznecy.html" "Mozilla/5.0 (Windows NT 6.1; rv:15.0) Gecko/20100101 Firefox/15.0.1" "-" krasotulca.ru
77.106.228.178 - - [08/May/2015:03:31:19 +0300] "GET /members/szhs/index-image.jpg HTTP/1.1" "301" 316 "-" "Mozilla/4.0 (compatible; MSIE 7.0; Windows NT 6.1; WOW64; Trident/4.0; SLCC2; .NET CLR 2.0.50727; .NET CLR 3.5.30729; .NET CLR 3.0.30729; InfoPath.2; .NET4.0C; .NET4.0E; MSOffice 12)" "-" uksochi.ru
199.16.156.124 - - [08/May/2015:03:31:19 +0300] "GET /robots.txt HTTP/1.1" "200" 108 "-" "Twitterbot/1.0" "-" trudldtxq.jhos.teulahti.net
207.46.13.90 - - [08/May/2015:03:31:19 +0300] "GET /vaz/204-vaz-2114-samara-2007-gv-novorossiysk.html HTTP/1.1" "200" 12304 "-" "Mozilla/5.0 (compatible; bingbot/2.0; +http://www.bing.com/bingbot.htm)" "-" tradesavto.ru
2a02:2168:c01:300:58e2:ae15:21f2:218b - - [08/May/2015:03:31:19 +0300] "GET /templates/00071/images/dlet-photo3.jpg HTTP/1.1" "200" 81209 "http://www.kvartira-box.ru/395-kak-zastrahovat-kvartiru-ot-zatopleniya.html" "Mozilla/5.0 (Macintosh; Intel Mac OS X 10_10_2) AppleWebKit/537.36 (KHTML, like Gecko) Chrome/42.0.2311.135 Safari/537.36" "-" www.kvartira-box.ru
2a02:2168:c01:300:58e2:ae15:21f2:218b - - [08/May/2015:03:31:19 +0300] "GET /templates/00071/images/dlet-gbckg.png HTTP/1.1" "200" 344 "http://www.kvartira-box.ru/templates/00071/css/style.css" "Mozilla/5.0 (Macintosh; Intel Mac OS X 10_10_2) AppleWebKit/537.36 (KHTML, like Gecko) Chrome/42.0.2311.135 Safari/537.36" "-" www.kvartira-box.ru
2a02:2168:c01:300:58e2:ae15:21f2:218b - - [08/May/2015:03:31:19 +0300] "GET /templates/00071/images/dlet-photo4.jpg HTTP/1.1" "200" 82781 "http://www.kvartira-box.ru/395-kak-zastrahovat-kvartiru-ot-zatopleniya.html" "Mozilla/5.0 (Macintosh; Intel Mac OS X 10_10_2) AppleWebKit/537.36 (KHTML, like Gecko) Chrome/42.0.2311.135 Safari/537.36" "-" www.kvartira-box.ru
2a02:2168:c01:300:58e2:ae15:21f2:218b - - [08/May/2015:03:31:19 +0300] "GET /templates/00071/images/dlet-photo5.jpg HTTP/1.1" "200" 67733 "http://www.kvartira-box.ru/395-kak-zastrahovat-kvartiru-ot-zatopleniya.html" "Mozilla/5.0 (Macintosh; Intel Mac OS X 10_10_2) AppleWebKit/537.36 (KHTML, like Gecko) Chrome/42.0.2311.135 Safari/537.36" "-" www.kvartira-box.ru
2a02:2168:c01:300:58e2:ae15:21f2:218b - - [08/May/2015:03:31:19 +0300] "GET /templates/00071/images/dlet-photo1.jpg HTTP/1.1" "200" 102855 "http://www.kvartira-box.ru/395-kak-zastrahovat-kvartiru-ot-zatopleniya.html" "Mozilla/5.0 (Macintosh; Intel Mac OS X 10_10_2) AppleWebKit/537.36 (KHTML, like Gecko) Chrome/42.0.2311.135 Safari/537.36" "-" www.kvartira-box.ru
2.93.178.146 - - [08/May/2015:03:31:19 +0300] "GET /engine/skins/default/smilies/surprise.gif HTTP/1.1" "200" 390 "http://krasotulca.ru/mama/dvoinaya-radost-bliznecy.html" "Mozilla/5.0 (Windows NT 6.1; rv:15.0) Gecko/20100101 Firefox/15.0.1" "-" krasotulca.ru
2a02:2168:c01:300:58e2:ae15:21f2:218b - - [08/May/2015:03:31:19 +0300] "GET /templates/00071/images/dlet-photo6.jpg HTTP/1.1" "200" 73494 "http://www.kvartira-box.ru/395-kak-zastrahovat-kvartiru-ot-zatopleniya.html" "Mozilla/5.0 (Macintosh; Intel Mac OS X 10_10_2) AppleWebKit/537.36 (KHTML, like Gecko) Chrome/42.0.2311.135 Safari/537.36" "-" www.kvartira-box.ru
2.93.178.146 - - [08/May/2015:03:31:19 +0300] "GET /templates/Gossip/images/logo.png HTTP/1.1" "200" 133247 "http://krasotulca.ru/mama/dvoinaya-radost-bliznecy.html" "Mozilla/5.0 (Windows NT 6.1; rv:15.0) Gecko/20100101 Firefox/15.0.1" "-" krasotulca.ru
2.93.178.146 - - [08/May/2015:03:31:19 +0300] "GET /engine/skins/default/smilies/tired.gif HTTP/1.1" "200" 386 "http://krasotulca.ru/mama/dvoinaya-radost-bliznecy.html" "Mozilla/5.0 (Windows NT 6.1; rv:15.0) Gecko/20100101 Firefox/15.0.1" "-" krasotulca.ru
2.93.178.146 - - [08/May/2015:03:31:19 +0300] "GET /engine/skins/default/smilies/thinking.gif HTTP/1.1" "200" 374 "http://krasotulca.ru/mama/dvoinaya-radost-bliznecy.html" "Mozilla/5.0 (Windows NT 6.1; rv:15.0) Gecko/20100101 Firefox/15.0.1" "-" krasotulca.ru
2.93.178.146 - - [08/May/2015:03:31:19 +0300] "GET /lib/functions.js HTTP/1.1" "200" 4158 "http://krasotulca.ru/mama/dvoinaya-radost-bliznecy.html" "Mozilla/5.0 (Windows NT 6.1; rv:15.0) Gecko/20100101 Firefox/15.0.1" "-" krasotulca.ru
2.93.178.146 - - [08/May/2015:03:31:19 +0300] "GET /templates/Gossip/js/carousel.js HTTP/1.1" "200" 308 "http://krasotulca.ru/mama/dvoinaya-radost-bliznecy.html" "Mozilla/5.0 (Windows NT 6.1; rv:15.0) Gecko/20100101 Firefox/15.0.1" "-" krasotulca.ru
77.106.228.178 - - [08/May/2015:03:31:19 +0300] "GET /members/szhs/index-image.jpg HTTP/1.1" "301" 316 "-" "Mozilla/4.0 (compatible; MSIE 7.0; Windows NT 6.1; WOW64; Trident/4.0; SLCC2; .NET CLR 2.0.50727; .NET CLR 3.5.30729; .NET CLR 3.0.30729; InfoPath.2; .NET4.0C; .NET4.0E; MSOffice 12)" "-" uksochi.ru
2.93.178.146 - - [08/May/2015:03:31:19 +0300] "GET /engine/skins/default/smilies/tongue.gif HTTP/1.1" "200" 385 "http://krasotulca.ru/mama/dvoinaya-radost-bliznecy.html" "Mozilla/5.0 (Windows NT 6.1; rv:15.0) Gecko/20100101 Firefox/15.0.1" "-" krasotulca.ru
2.93.178.146 - - [08/May/2015:03:31:19 +0300] "GET /engine/skins/default/smilies/undecide.gif HTTP/1.1" "200" 389 "http://krasotulca.ru/mama/dvoinaya-radost-bliznecy.html" "Mozilla/5.0 (Windows NT 6.1; rv:15.0) Gecko/20100101 Firefox/15.0.1" "-" krasotulca.ru
2.93.178.146 - - [08/May/2015:03:31:19 +0300] "GET /engine/skins/default/smilies/upset.gif HTTP/1.1" "200" 388 "http://krasotulca.ru/mama/dvoinaya-radost-bliznecy.html" "Mozilla/5.0 (Windows NT 6.1; rv:15.0) Gecko/20100101 Firefox/15.0.1" "-" krasotulca.ru
65.255.37.175 - - [08/May/2015:03:31:19 +0300] "GET /home/components/com_jcomments/tpl/default/style.css?v=3002 HTTP/1.1" "200" 3296 "http://geodum.ru/home/ustroystva-na-baze-android/podrobnee-o-mobilnoy-bluetooth-klaviature-dlya-plansheta" "Mozilla/5.0 (Linux; U; Android 2.3.7; en-US; G23 Build/GRK39F) AppleWebKit/534.30 (KHTML, like Gecko) Version/4.0 UCBrowser/10.4.1.565 U3/0.8.0 Mobile Safari/534.30" "46.211.131.233" geodum.ru
2.93.178.146 - - [08/May/2015:03:31:19 +0300] "GET /engine/skins/default/smilies/up.gif HTTP/1.1" "200" 344 "http://krasotulca.ru/mama/dvoinaya-radost-bliznecy.html" "Mozilla/5.0 (Windows NT 6.1; rv:15.0) Gecko/20100101 Firefox/15.0.1" "-" krasotulca.ru
2.93.178.146 - - [08/May/2015:03:31:19 +0300] "GET /engine/skins/default/smilies/down.gif HTTP/1.1" "200" 343 "http://krasotulca.ru/mama/dvoinaya-radost-bliznecy.html" "Mozilla/5.0 (Windows NT 6.1; rv:15.0) Gecko/20100101 Firefox/15.0.1" "-" krasotulca.ru
65.255.37.175 - - [08/May/2015:03:31:19 +0300] "GET /home/components/com_jcomments/js/jcomments-v2.3.js?v=12 HTTP/1.1" "200" 8061 "http://geodum.ru/home/ustroystva-na-baze-android/podrobnee-o-mobilnoy-bluetooth-klaviature-dlya-plansheta" "Mozilla/5.0 (Linux; U; Android 2.3.7; en-US; G23 Build/GRK39F) AppleWebKit/534.30 (KHTML, like Gecko) Version/4.0 UCBrowser/10.4.1.565 U3/0.8.0 Mobile Safari/534.30" "46.211.131.233" geodum.ru
65.255.37.175 - - [08/May/2015:03:31:19 +0300] "GET /home/media/plg_content_mavikthumbnails/slimbox2/js/slimbox2.js HTTP/1.1" "200" 2031 "http://geodum.ru/home/ustroystva-na-baze-android/podrobnee-o-mobilnoy-bluetooth-klaviature-dlya-plansheta" "Mozilla/5.0 (Linux; U; Android 2.3.7; en-US; G23 Build/GRK39F) AppleWebKit/534.30 (KHTML, like Gecko) Version/4.0 UCBrowser/10.4.1.565 U3/0.8.0 Mobile Safari/534.30" "46.211.131.233" geodum.ru
65.255.37.175 - - [08/May/2015:03:31:19 +0300] "GET /home/media/plg_content_mavikthumbnails/css/mavikthumbnails.css HTTP/1.1" "200" 125 "http://geodum.ru/home/ustroystva-na-baze-android/podrobnee-o-mobilnoy-bluetooth-klaviature-dlya-plansheta" "Mozilla/5.0 (Linux; U; Android 2.3.7; en-US; G23 Build/GRK39F) AppleWebKit/534.30 (KHTML, like Gecko) Version/4.0 UCBrowser/10.4.1.565 U3/0.8.0 Mobile Safari/534.30" "46.211.131.233" geodum.ru
46.118.121.72 - - [08/May/2015:03:31:19 +0300] "GET http://razdacha-akkauntov.ru/wp-admin/ HTTP/1.1" "302" 0 "http://razdacha-akkauntov.ru/wp-login.php" "Mozilla/5.0 (Windows; U; Windows NT 5.1; ru; rv:1.9.0.2) Gecko/2008091620 Firefox/3.0.2" "-" razdacha-akkauntov.ru
65.255.37.175 - - [08/May/2015:03:31:19 +0300] "GET /home/plugins/content/soccomments/soc/js/jquery-ui-1.8.16.custom.min.js HTTP/1.1" "200" 6181 "http://geodum.ru/home/ustroystva-na-baze-android/podrobnee-o-mobilnoy-bluetooth-klaviature-dlya-plansheta" "Mozilla/5.0 (Linux; U; Android 2.3.7; en-US; G23 Build/GRK39F) AppleWebKit/534.30 (KHTML, like Gecko) Version/4.0 UCBrowser/10.4.1.565 U3/0.8.0 Mobile Safari/534.30" "46.211.131.233" geodum.ru
65.255.37.175 - - [08/May/2015:03:31:19 +0300] "GET /home/plugins/content/soccomments/soc/css/soccomments.css HTTP/1.1" "200" 1011 "http://geodum.ru/home/ustroystva-na-baze-android/podrobnee-o-mobilnoy-bluetooth-klaviature-dlya-plansheta" "Mozilla/5.0 (Linux; U; Android 2.3.7; en-US; G23 Build/GRK39F) AppleWebKit/534.30 (KHTML, like Gecko) Version/4.0 UCBrowser/10.4.1.565 U3/0.8.0 Mobile Safari/534.30" "46.211.131.233" geodum.ru
2.93.178.146 - - [08/May/2015:03:31:19 +0300] "GET /engine/skins/default/smilies/wink.gif HTTP/1.1" "200" 390 "http://krasotulca.ru/mama/dvoinaya-radost-bliznecy.html" "Mozilla/5.0 (Windows NT 6.1; rv:15.0) Gecko/20100101 Firefox/15.0.1" "-" krasotulca.ru
91.226.212.50 - - [08/May/2015:03:31:19 +0300] "GET /wp-includes/pomo/hello.php?450799 HTTP/1.1" "404" 408 "http://stopnickel.ru/wp-includes/pomo/hello.php?450799" "Mozilla/4.0 (compatible; MSIE 6.0; Windows NT 5.1; SV1)" "-" stopnickel.ru
2a02:2168:c01:300:58e2:ae15:21f2:218b - - [08/May/2015:03:31:19 +0300] "GET /templates/00071/images/dlet-header01.gif HTTP/1.1" "200" 7534 "http://www.kvartira-box.ru/templates/00071/css/style.css" "Mozilla/5.0 (Macintosh; Intel Mac OS X 10_10_2) AppleWebKit/537.36 (KHTML, like Gecko) Chrome/42.0.2311.135 Safari/537.36" "-" www.kvartira-box.ru
65.255.37.175 - - [08/May/2015:03:31:19 +0300] "GET /home/plugins/content/soccomments/soc/js/jsoccomments.js HTTP/1.1" "200" 216 "http://geodum.ru/home/ustroystva-na-baze-android/podrobnee-o-mobilnoy-bluetooth-klaviature-dlya-plansheta" "Mozilla/5.0 (Linux; U; Android 2.3.7; en-US; G23 Build/GRK39F) AppleWebKit/534.30 (KHTML, like Gecko) Version/4.0 UCBrowser/10.4.1.565 U3/0.8.0 Mobile Safari/534.30" "46.211.131.233" geodum.ru
65.255.37.175 - - [08/May/2015:03:31:19 +0300] "GET /home/templates/atomicFlareup/css/module_styling.css HTTP/1.1" "200" 818 "http://geodum.ru/home/ustroystva-na-baze-android/podrobnee-o-mobilnoy-bluetooth-klaviature-dlya-plansheta" "Mozilla/5.0 (Linux; U; Android 2.3.7; en-US; G23 Build/GRK39F) AppleWebKit/534.30 (KHTML, like Gecko) Version/4.0 UCBrowser/10.4.1.565 U3/0.8.0 Mobile Safari/534.30" "46.211.131.233" geodum.ru
65.255.37.175 - - [08/May/2015:03:31:19 +0300] "GET /home/share42/share42.js HTTP/1.1" "200" 1094 "http://geodum.ru/home/ustroystva-na-baze-android/podrobnee-o-mobilnoy-bluetooth-klaviature-dlya-plansheta" "Mozilla/5.0 (Linux; U; Android 2.3.7; en-US; G23 Build/GRK39F) AppleWebKit/534.30 (KHTML, like Gecko) Version/4.0 UCBrowser/10.4.1.565 U3/0.8.0 Mobile Safari/534.30" "46.211.131.233" geodum.ru
65.255.37.175 - - [08/May/2015:03:31:19 +0300] "GET /home/templates/atomicFlareup/scripts/jquery.js HTTP/1.1" "200" 16770 "http://geodum.ru/home/ustroystva-na-baze-android/podrobnee-o-mobilnoy-bluetooth-klaviature-dlya-plansheta" "Mozilla/5.0 (Linux; U; Android 2.3.7; en-US; G23 Build/GRK39F) AppleWebKit/534.30 (KHTML, like Gecko) Version/4.0 UCBrowser/10.4.1.565 U3/0.8.0 Mobile Safari/534.30" "46.211.131.233" geodum.ru
2a02:2168:c01:300:58e2:ae15:21f2:218b - - [08/May/2015:03:31:19 +0300] "GET /templates/00071/images/dlet-mmenu02u.gif HTTP/1.1" "200" 231 "http://www.kvartira-box.ru/templates/00071/css/style.css" "Mozilla/5.0 (Macintosh; Intel Mac OS X 10_10_2) AppleWebKit/537.36 (KHTML, like Gecko) Chrome/42.0.2311.135 Safari/537.36" "-" www.kvartira-box.ru
2a02:2168:c01:300:58e2:ae15:21f2:218b - - [08/May/2015:03:31:19 +0300] "GET /templates/00071/images/dlet-auth.png HTTP/1.1" "200" 3399 "http://www.kvartira-box.ru/templates/00071/css/style.css" "Mozilla/5.0 (Macintosh; Intel Mac OS X 10_10_2) AppleWebKit/537.36 (KHTML, like Gecko) Chrome/42.0.2311.135 Safari/537.36" "-" www.kvartira-box.ru
2a02:2168:c01:300:58e2:ae15:21f2:218b - - [08/May/2015:03:31:19 +0300] "GET /templates/00071/images/dlet-authfld.png HTTP/1.1" "200" 3065 "http://www.kvartira-box.ru/templates/00071/css/style.css" "Mozilla/5.0 (Macintosh; Intel Mac OS X 10_10_2) AppleWebKit/537.36 (KHTML, like Gecko) Chrome/42.0.2311.135 Safari/537.36" "-" www.kvartira-box.ru
2a02:2168:c01:300:58e2:ae15:21f2:218b - - [08/May/2015:03:31:19 +0300] "GET /templates/00071/images/dlet-mmenu01u.gif HTTP/1.1" "200" 219 "http://www.kvartira-box.ru/templates/00071/css/style.css" "Mozilla/5.0 (Macintosh; Intel Mac OS X 10_10_2) AppleWebKit/537.36 (KHTML, like Gecko) Chrome/42.0.2311.135 Safari/537.36" "-" www.kvartira-box.ru
2a02:2168:c01:300:58e2:ae15:21f2:218b - - [08/May/2015:03:31:19 +0300] "GET /templates/00071/images/dlet-header02.gif HTTP/1.1" "200" 1821 "http://www.kvartira-box.ru/templates/00071/css/style.css" "Mozilla/5.0 (Macintosh; Intel Mac OS X 10_10_2) AppleWebKit/537.36 (KHTML, like Gecko) Chrome/42.0.2311.135 Safari/537.36" "-" www.kvartira-box.ru
5.45.106.57 - - [08/May/2015:03:31:19 +0300] "POST /wp-includes/js/tinymce/plugins/wpeditimage/css/view.php HTTP/1.1" "200" 6377 "-" "Mozilla/5.0 (Windows; U; Windows NT 5.1; zh-CN; rv:1.7.6)" "-" spb-fmk.ru
65.255.37.175 - - [08/May/2015:03:31:19 +0300] "GET /home/media/system/images/arrow.png HTTP/1.1" "200" 114 "http://geodum.ru/home/ustroystva-na-baze-android/podrobnee-o-mobilnoy-bluetooth-klaviature-dlya-plansheta" "Mozilla/5.0 (Linux; U; Android 2.3.7; en-US; G23 Build/GRK39F) AppleWebKit/534.30 (KHTML, like Gecko) Version/4.0 UCBrowser/10.4.1.565 U3/0.8.0 Mobile Safari/534.30" "46.211.131.233" geodum.ru
65.255.37.175 - - [08/May/2015:03:31:19 +0300] "GET /home/media/jui/js/jquery-noconflict.js HTTP/1.1" "200" 52 "http://geodum.ru/home/ustroystva-na-baze-android/podrobnee-o-mobilnoy-bluetooth-klaviature-dlya-plansheta" "Mozilla/5.0 (Linux; U; Android 2.3.7; en-US; G23 Build/GRK39F) AppleWebKit/534.30 (KHTML, like Gecko) Version/4.0 UCBrowser/10.4.1.565 U3/0.8.0 Mobile Safari/534.30" "46.211.131.233" geodum.ru
77.106.228.178 - - [08/May/2015:03:31:19 +0300] "GET /members/szhs/index-image.jpg HTTP/1.1" "301" 316 "-" "Mozilla/4.0 (compatible; MSIE 7.0; Windows NT 6.1; WOW64; Trident/4.0; SLCC2; .NET CLR 2.0.50727; .NET CLR 3.5.30729; .NET CLR 3.0.30729; InfoPath.2; .NET4.0C; .NET4.0E; MSOffice 12)" "-" uksochi.ru
65.255.37.175 - - [08/May/2015:03:31:19 +0300] "GET /home/templates/atomicFlareup/css/template_css.css HTTP/1.1" "200" 5423 "http://geodum.ru/home/ustroystva-na-baze-android/podrobnee-o-mobilnoy-bluetooth-klaviature-dlya-plansheta" "Mozilla/5.0 (Linux; U; Android 2.3.7; en-US; G23 Build/GRK39F) AppleWebKit/534.30 (KHTML, like Gecko) Version/4.0 UCBrowser/10.4.1.565 U3/0.8.0 Mobile Safari/534.30" "46.211.131.233" geodum.ru
178.121.192.131 - - [08/May/2015:03:31:20 +0300] "GET /files/glitteringprizes-%D0%B2-%D1%80%D1%83%D1%81%D1%81%D0%BA%D0%BE%D0%BC-%D0%BF%D0%B5%D1%80%D0%B5%D0%B2%D0%BE%D0%B4%D0%B5-200x75.jpg HTTP/1.1" "404" 47 "http://newspoker.ru/poker_tournament/dmitrij-urbanovich-vyigral-ept-malta-high-roller.html" "Mozilla/5.0 (Windows NT 6.2; WOW64) AppleWebKit/537.36 (KHTML, like Gecko) Chrome/42.0.2311.90 Safari/537.36 OPR/29.0.1795.47" "-" newspoker.ru
188.73.136.46 - - [08/May/2015:03:31:20 +0300] "GET /wp-includes/js/tinymce/themes/advanced/img/trans.gif HTTP/1.1" "404" 4422 "http://freecoin.webw3.ru/?partner=6566_61059" "Mozilla/5.0 (iPhone; CPU iPhone OS 7_0_2 like Mac OS X) AppleWebKit/537.51.1 (KHTML, like Gecko) Version/7.0 Mobile/11A501 Safari/9537.53" "-" freecoin.webw3.ru
2.93.178.146 - - [08/May/2015:03:31:20 +0300] "GET /engine/captcha.php?rand=12508 HTTP/1.1" "200" 1684 "http://krasotulca.ru/mama/dvoinaya-radost-bliznecy.html" "Mozilla/5.0 (Windows NT 6.1; rv:15.0) Gecko/20100101 Firefox/15.0.1" "-" krasotulca.ru
46.118.121.72 - - [08/May/2015:03:31:20 +0300] "GET http://razdacha-akkauntov.ru/wp-admin/ HTTP/1.1" "302" 0 "http://razdacha-akkauntov.ru/wp-login.php" "Mozilla/5.0 (Windows; U; Windows NT 5.1; ru; rv:1.9.0.2) Gecko/2008091620 Firefox/3.0.2" "-" razdacha-akkauntov.ru
2.93.178.146 - - [08/May/2015:03:31:20 +0300] "GET /uploads/images/default/svadbasobchac27032013-160x120.jpg HTTP/1.1" "200" 5382 "http://krasotulca.ru/mama/dvoinaya-radost-bliznecy.html" "Mozilla/5.0 (Windows NT 6.1; rv:15.0) Gecko/20100101 Firefox/15.0.1" "-" krasotulca.ru
2a02:2168:c01:300:58e2:ae15:21f2:218b - - [08/May/2015:03:31:20 +0300] "GET /templates/00071/images/dlet-colmn1spcr.gif HTTP/1.1" "200" 91 "http://www.kvartira-box.ru/395-kak-zastrahovat-kvartiru-ot-zatopleniya.html" "Mozilla/5.0 (Macintosh; Intel Mac OS X 10_10_2) AppleWebKit/537.36 (KHTML, like Gecko) Chrome/42.0.2311.135 Safari/537.36" "-" www.kvartira-box.ru
2a02:2168:c01:300:58e2:ae15:21f2:218b - - [08/May/2015:03:31:20 +0300] "GET /templates/00071/images/dlet-slider-text.png HTTP/1.1" "200" 4178 "http://www.kvartira-box.ru/395-kak-zastrahovat-kvartiru-ot-zatopleniya.html" "Mozilla/5.0 (Macintosh; Intel Mac OS X 10_10_2) AppleWebKit/537.36 (KHTML, like Gecko) Chrome/42.0.2311.135 Safari/537.36" "-" www.kvartira-box.ru
65.255.37.175 - - [08/May/2015:03:31:20 +0300] "GET /home/images/thumbnails/images/stories/android/BTKeyboard/N8000_KEYBOARD_2-fill-200x192.jpg HTTP/1.1" "200" 8974 "http://geodum.ru/home/ustroystva-na-baze-android/podrobnee-o-mobilnoy-bluetooth-klaviature-dlya-plansheta" "Mozilla/5.0 (Linux; U; Android 2.3.7; en-US; G23 Build/GRK39F) AppleWebKit/534.30 (KHTML, like Gecko) Version/4.0 UCBrowser/10.4.1.565 U3/0.8.0 Mobile Safari/534.30" "46.211.131.233" geodum.ru
2.93.178.146 - - [08/May/2015:03:31:20 +0300] "GET /templates/Gossip/images/88x31.png HTTP/1.1" "200" 515 "http://krasotulca.ru/mama/dvoinaya-radost-bliznecy.html" "Mozilla/5.0 (Windows NT 6.1; rv:15.0) Gecko/20100101 Firefox/15.0.1" "-" krasotulca.ru
2.93.178.146 - - [08/May/2015:03:31:20 +0300] "GET /templates/Gossip/images/spacer.gif HTTP/1.1" "200" 43 "http://krasotulca.ru/mama/dvoinaya-radost-bliznecy.html" "Mozilla/5.0 (Windows NT 6.1; rv:15.0) Gecko/20100101 Firefox/15.0.1" "-" krasotulca.ru
2a02:2168:c01:300:58e2:ae15:21f2:218b - - [08/May/2015:03:31:20 +0300] "GET /uploads/posts/2011-11/1321267796_z3.jpg HTTP/1.1" "200" 11880 "http://www.kvartira-box.ru/395-kak-zastrahovat-kvartiru-ot-zatopleniya.html" "Mozilla/5.0 (Macintosh; Intel Mac OS X 10_10_2) AppleWebKit/537.36 (KHTML, like Gecko) Chrome/42.0.2311.135 Safari/537.36" "-" www.kvartira-box.ru
77.106.228.178 - - [08/May/2015:03:31:20 +0300] "GET /members/szhs/index-image.jpg HTTP/1.1" "301" 316 "-" "Mozilla/4.0 (compatible; MSIE 7.0; Windows NT 6.1; WOW64; Trident/4.0; SLCC2; .NET CLR 2.0.50727; .NET CLR 3.5.30729; .NET CLR 3.0.30729; InfoPath.2; .NET4.0C; .NET4.0E; MSOffice 12)" "-" uksochi.ru
2.93.178.146 - - [08/May/2015:03:31:20 +0300] "GET /uploads/images/default/pohmel.jpg HTTP/1.1" "200" 29629 "http://krasotulca.ru/mama/dvoinaya-radost-bliznecy.html" "Mozilla/5.0 (Windows NT 6.1; rv:15.0) Gecko/20100101 Firefox/15.0.1" "-" krasotulca.ru
196.203.28.241 - - [08/May/2015:03:31:20 +0300] "GET /uploads/posts/2013-05/1369402710_big811.jpg HTTP/1.1" "200" 50352 "https://www.google.ru/" "Mozilla/5.0 (iPhone; CPU iPhone OS 8_3 like Mac OS X) AppleWebKit/600.1.4 (KHTML, like Gecko) Version/8.0 Mobile/12F70 Safari/600.1.4" "-" www.krasota-box.ru
188.165.15.188 - - [08/May/2015:03:31:20 +0300] "GET /f/search.php?searchid=229319 HTTP/1.1" "200" 5337 "-" "Mozilla/5.0 (compatible; AhrefsBot/5.0; +http://ahrefs.com/robot/)" "-" punk-forum.net
69.28.199.50 - - [08/May/2015:03:31:20 +0300] "POST /wp-login.php HTTP/1.0" "404" 40598 "-" "-" "-" tsg-c8.ru
77.106.228.178 - - [08/May/2015:03:31:20 +0300] "GET /members/szhs/index-image.jpg HTTP/1.1" "301" 316 "-" "Mozilla/4.0 (compatible; MSIE 7.0; Windows NT 6.1; WOW64; Trident/4.0; SLCC2; .NET CLR 2.0.50727; .NET CLR 3.5.30729; .NET CLR 3.0.30729; InfoPath.2; .NET4.0C; .NET4.0E; MSOffice 12)" "-" uksochi.ru
199.16.156.124 - - [08/May/2015:03:31:20 +0300] "GET /auxiliary-372/1s-baumana.html HTTP/1.1" "200" 1826 "-" "Twitterbot/1.0" "-" trudldtxq.jhos.teulahti.net
176.193.202.249 - - [08/May/2015:03:31:20 +0300] "GET /presupposition/Hildebrand.css HTTP/1.0" "200" 987 "http://inshoysmtsjd.jhos.teulahti.net/celtic-891/kryak-dlya-dlya-igry-need-for-speed-hot-pursuit.html" "Mozilla/4.0 (compatible; MSIE 8.0; Windows NT 5.1; Trident/4.0)" "-" inshoysmtsjd.jhos.teulahti.net
190.195.160.2 - - [08/May/2015:03:31:20 +0300] "POST /administrator/index.php HTTP/1.1" "403" 407 "http://shkafrai.ru/administrator/index.php" "Mozilla/5.0 (Windows NT 6.1; WOW64; rv:17.0) Gecko/20100101 Firefox/17.0" "-" shkafrai.ru
2.93.178.146 - - [08/May/2015:03:31:20 +0300] "GET /templates/Gossip/images/bg00.png HTTP/1.1" "200" 7143 "http://krasotulca.ru/templates/Gossip/css/style.css" "Mozilla/5.0 (Windows NT 6.1; rv:15.0) Gecko/20100101 Firefox/15.0.1" "-" krasotulca.ru
2.93.178.146 - - [08/May/2015:03:31:20 +0300] "GET /templates/Gossip/images/c30.png HTTP/1.1" "200" 1297 "http://krasotulca.ru/templates/Gossip/css/style.css" "Mozilla/5.0 (Windows NT 6.1; rv:15.0) Gecko/20100101 Firefox/15.0.1" "-" krasotulca.ru
2.93.178.146 - - [08/May/2015:03:31:20 +0300] "GET /templates/Gossip/images/searchbt.png HTTP/1.1" "200" 727 "http://krasotulca.ru/templates/Gossip/css/style.css" "Mozilla/5.0 (Windows NT 6.1; rv:15.0) Gecko/20100101 Firefox/15.0.1" "-" krasotulca.ru
2.93.178.146 - - [08/May/2015:03:31:20 +0300] "GET /templates/Gossip/images/socialb.png HTTP/1.1" "200" 5162 "http://krasotulca.ru/templates/Gossip/css/style.css" "Mozilla/5.0 (Windows NT 6.1; rv:15.0) Gecko/20100101 Firefox/15.0.1" "-" krasotulca.ru
2.93.178.146 - - [08/May/2015:03:31:20 +0300] "GET /templates/Gossip/images/b100.png HTTP/1.1" "200" 9186 "http://krasotulca.ru/templates/Gossip/css/style.css" "Mozilla/5.0 (Windows NT 6.1; rv:15.0) Gecko/20100101 Firefox/15.0.1" "-" krasotulca.ru
2a02:2168:c01:300:58e2:ae15:21f2:218b - - [08/May/2015:03:31:20 +0300] "GET /uploads/posts/2011-11/1321267804_z2.png HTTP/1.1" "200" 35839 "http://www.kvartira-box.ru/395-kak-zastrahovat-kvartiru-ot-zatopleniya.html" "Mozilla/5.0 (Macintosh; Intel Mac OS X 10_10_2) AppleWebKit/537.36 (KHTML, like Gecko) Chrome/42.0.2311.135 Safari/537.36" "-" www.kvartira-box.ru
2a02:2168:c01:300:58e2:ae15:21f2:218b - - [08/May/2015:03:31:20 +0300] "GET /templates/00071/images/dlet-photo7.jpg HTTP/1.1" "200" 62231 "http://www.kvartira-box.ru/395-kak-zastrahovat-kvartiru-ot-zatopleniya.html" "Mozilla/5.0 (Macintosh; Intel Mac OS X 10_10_2) AppleWebKit/537.36 (KHTML, like Gecko) Chrome/42.0.2311.135 Safari/537.36" "-" www.kvartira-box.ru
2a02:2168:c01:300:58e2:ae15:21f2:218b - - [08/May/2015:03:31:20 +0300] "GET /templates/00071/images/dlet-colmn1ttl.gif HTTP/1.1" "200" 2165 "http://www.kvartira-box.ru/templates/00071/css/style.css" "Mozilla/5.0 (Macintosh; Intel Mac OS X 10_10_2) AppleWebKit/537.36 (KHTML, like Gecko) Chrome/42.0.2311.135 Safari/537.36" "-" www.kvartira-box.ru
