77.106.228.178 - - [08/May/2015:03:31:10 +0300] "GET /members/szhs/index-image.jpg HTTP/1.1" "301" 316 "-" "Mozilla/4.0 (compatible; MSIE 7.0; Windows NT 6.1; WOW64; Trident/4.0; SLCC2; .NET CLR 2.0.50727; .NET CLR 3.5.30729; .NET CLR 3.0.30729; InfoPath.2; .NET4.0C; .NET4.0E; MSOffice 12)" "-" uksochi.ru
69.28.199.50 - - [08/May/2015:03:31:10 +0300] "POST /wp-login.php HTTP/1.0" "404" 40598 "-" "-" "-" tsg-c8.ru
91.200.12.8 - - [08/May/2015:03:31:10 +0300] "GET /pay1487045-1/css HTTP/1.1" "200" 6878 "-" "Mozilla/4.0 (compatible; MSIE 6.0; Windows NT 5.1)" "-" instantpurchase.ru
190.195.160.2 - - [08/May/2015:03:31:10 +0300] "POST /administrator/index.php HTTP/1.1" "403" 407 "http://shkafrai.ru/administrator/index.php" "Mozilla/5.0 (Windows NT 6.1; WOW64; rv:17.0) Gecko/20100101 Firefox/17.0" "-" shkafrai.ru
157.56.1.81 - - [08/May/2015:03:31:10 +0300] "GET /pipeline/buoy.css HTTP/1.1" "200" 585 "http://trafshjolb.solid.phmp3.cf/underling-654/protivooskolochnyy-podboy-dlya-cruiser-iii.htm" "Mozilla/5.0 (compatible; MSIE 9.0; Windows NT 6.0; Trident/5.0;  Trident/5.0)" "-" trafshjolb.solid.phmp3.cf
157.56.1.81 - - [08/May/2015:03:31:10 +0300] "GET /sovereign/executive.js HTTP/1.1" "200" 518 "http://trafshjolb.solid.phmp3.cf/underling-654/protivooskolochnyy-podboy-dlya-cruiser-iii.htm" "Mozilla/5.0 (compatible; MSIE 9.0; Windows NT 6.0; Trident/5.0;  Trident/5.0)" "-" trafshjolb.solid.phmp3.cf
77.106.228.178 - - [08/May/2015:03:31:10 +0300] "GET /members/szhs/index-image.jpg HTTP/1.1" "301" 316 "-" "Mozilla/4.0 (compatible; MSIE 7.0; Windows NT 6.1; WOW64; Trident/4.0; SLCC2; .NET CLR 2.0.50727; .NET CLR 3.5.30729; .NET CLR 3.0.30729; InfoPath.2; .NET4.0C; .NET4.0E; MSOffice 12)" "-" uksochi.ru
157.56.1.81 - - [08/May/2015:03:31:10 +0300] "GET /pipeline/degrease.css HTTP/1.1" "200" 349 "http://trafshjolb.solid.phmp3.cf/underling-654/protivooskolochnyy-podboy-dlya-cruiser-iii.htm" "Mozilla/5.0 (compatible; MSIE 9.0; Windows NT 6.0; Trident/5.0;  Trident/5.0)" "-" trafshjolb.solid.phmp3.cf
2a01:4f8:191:64c7::2 - - [08/May/2015:03:31:10 +0300] "GET /ads/prodam-3-komnatnuyu-kvartiru-v-asbeste-3/%20+%20noLuck%20+%20 HTTP/1.0" "301" 0 "http://reftlife.ru/ads/prodam-3-komnatnuyu-kvartiru-v-asbeste-3/" "'Mozilla/4.0 (compatible; MSIE 6.1; Windows NT 5.2)'" "-" reftlife.ru
46.118.121.72 - - [08/May/2015:03:31:10 +0300] "GET http://razdacha-akkauntov.ru/wp-admin/ HTTP/1.1" "302" 0 "http://razdacha-akkauntov.ru/wp-login.php" "Mozilla/5.0 (Windows; U; Windows NT 5.1; ru; rv:1.9.0.2) Gecko/2008091620 Firefox/3.0.2" "-" razdacha-akkauntov.ru
54.241.198.78 - - [08/May/2015:03:31:10 +0300] "HEAD /coax-142/vse-igry-pro-rybalku-na-komp.htm HTTP/1.1" "200" 0 "-" "Google-HTTP-Java-Client/1.17.0-rc (gzip)" "216.46.175.34, 10.196.39.19" inshoysktkcj.solid.phmp3.cf
54.241.198.78 - - [08/May/2015:03:31:10 +0300] "HEAD /coax-142/vse-igry-pro-rybalku-na-komp.htm HTTP/1.1" "200" 0 "-" "Google-HTTP-Java-Client/1.17.0-rc (gzip)" "216.46.175.36, 10.128.192.107" inshoysktkcj.solid.phmp3.cf
46.118.121.72 - - [08/May/2015:03:31:10 +0300] "GET http://razdacha-akkauntov.ru/wp-admin/ HTTP/1.1" "302" 0 "http://razdacha-akkauntov.ru/wp-login.php" "Mozilla/5.0 (Windows; U; Windows NT 5.1; ru; rv:1.9.0.2) Gecko/2008091620 Firefox/3.0.2" "-" razdacha-akkauntov.ru
176.195.130.155 - - [08/May/2015:03:31:10 +0300] "GET /Kidde/screwbean.css HTTP/1.1" "200" 716 "http://merstrafsxbnit.jhos.teulahti.net/forfeiture-193/skachat-besplatno-fotoshop-dlya-nokia5230.htm" "Mozilla/5.0 (Windows NT 5.1) AppleWebKit/537.36 (KHTML, like Gecko) Chrome/31.0.1650.63 Safari/537.36" "-" merstrafsxbnit.jhos.teulahti.net
77.106.228.178 - - [08/May/2015:03:31:10 +0300] "GET /members/szhs/index-image.jpg HTTP/1.1" "301" 316 "-" "Mozilla/4.0 (compatible; MSIE 7.0; Windows NT 6.1; WOW64; Trident/4.0; SLCC2; .NET CLR 2.0.50727; .NET CLR 3.5.30729; .NET CLR 3.0.30729; InfoPath.2; .NET4.0C; .NET4.0E; MSOffice 12)" "-" uksochi.ru
37.79.226.16 - - [08/May/2015:03:31:10 +0300] "GET /147377_aktrisyi_na_moto_devushka_devushki_krasivaya_1680x1050.jpg HTTP/1.1" "200" 522170 "http://nuclear-wallpapers.ru.com/gdefon/wall/full/147377" "Mozilla/5.0 (Windows NT 6.1; rv:37.0) Gecko/20100101 Firefox/37.0" "-" odobrenieplus.ru
157.55.39.205 - - [08/May/2015:03:31:10 +0300] "GET /buycable.php?id=10&con=1&mark=788 HTTP/1.1" "200" 19118 "-" "Mozilla/5.0 (compatible; bingbot/2.0; +http://www.bing.com/bingbot.htm)" "-" kamakabel.ru
93.74.14.189 - - [08/May/2015:03:31:10 +0300] "GET /wp-content/themes/freecoin/images/footerrssicon.png HTTP/1.1" "200" 1180 "http://freecoin.webw3.ru/wp-content/themes/freecoin/style.css" "Mozilla/5.0 (iPad; CPU OS 6_1_3 like Mac OS X) AppleWebKit/536.26 (KHTML, like Gecko) Version/6.0 Mobile/10B329 Safari/8536.25" "-" freecoin.webw3.ru
157.56.1.154 - - [08/May/2015:03:31:10 +0300] "GET /florence-736/skachat-soft-dlya-nokia-n78-besplatno.html HTTP/1.1" "200" 1703 "-" "Mozilla/5.0 (compatible; MSIE 9.0; Windows NT 6.1; Trident/5.0;  Trident/5.0)" "-" trudldtxq.jhos.teulahti.net
77.106.228.178 - - [08/May/2015:03:31:10 +0300] "GET /members/szhs/index-image.jpg HTTP/1.1" "301" 316 "-" "Mozilla/4.0 (compatible; MSIE 7.0; Windows NT 6.1; WOW64; Trident/4.0; SLCC2; .NET CLR 2.0.50727; .NET CLR 3.5.30729; .NET CLR 3.0.30729; InfoPath.2; .NET4.0C; .NET4.0E; MSOffice 12)" "-" uksochi.ru
178.154.243.113 - - [08/May/2015:03:31:10 +0300] "GET /biggon/_0j_DWAiaSk/zapreshhjonnaya-istoriya-interesnyjj-dokumentalnyjj-film.html HTTP/1.1" "200" 5701 "-" "Mozilla/5.0 (compatible; YandexBot/3.0; +http://yandex.com/bots)" "-" psgrade.resonanceschool.ru
91.200.12.8 - - [08/May/2015:03:31:10 +0300] "POST /pay1487045-1/css/trackback/ HTTP/1.1" "404" 3809 "http://instantpurchase.ru/pay1487045-1/css" "Mozilla/4.0 (compatible; MSIE 6.0; Windows NT 5.1; SV1)" "-" instantpurchase.ru
77.106.228.178 - - [08/May/2015:03:31:10 +0300] "GET /members/szhs/index-image.jpg HTTP/1.1" "301" 316 "-" "Mozilla/4.0 (compatible; MSIE 7.0; Windows NT 6.1; WOW64; Trident/4.0; SLCC2; .NET CLR 2.0.50727; .NET CLR 3.5.30729; .NET CLR 3.0.30729; InfoPath.2; .NET4.0C; .NET4.0E; MSOffice 12)" "-" uksochi.ru
108.6.183.100 - - [08/May/2015:03:31:10 +0300] "GET /vsevolozhsk-map HTTP/1.0" "200" 3707 "-" "Mozilla/5.0 (Windows NT 6.1; WOW64) AppleWebKit/537.36 (KHTML, like Gecko) Chrome/34.0.1847.116 Safari/537.36" "-" russia-maps.ru
5.164.207.230 - - [08/May/2015:03:31:10 +0300] "GET /forum/thread363-18.html HTTP/1.0" "200" 59740 "http://gpub.ru/thread363-18.html" "Mozilla/5.0 (Windows NT 6.1; WOW64; rv:33.0) Gecko/20100101 Firefox/33.0" "-" gpub.ru
46.118.121.72 - - [08/May/2015:03:31:10 +0300] "GET http://razdacha-akkauntov.ru/wp-admin/ HTTP/1.1" "302" 0 "http://razdacha-akkauntov.ru/wp-login.php" "Mozilla/5.0 (Windows; U; Windows NT 5.1; ru; rv:1.9.0.2) Gecko/2008091620 Firefox/3.0.2" "-" razdacha-akkauntov.ru
77.106.228.178 - - [08/May/2015:03:31:10 +0300] "GET /members/szhs/index-image.jpg HTTP/1.1" "301" 316 "-" "Mozilla/4.0 (compatible; MSIE 7.0; Windows NT 6.1; WOW64; Trident/4.0; SLCC2; .NET CLR 2.0.50727; .NET CLR 3.5.30729; .NET CLR 3.0.30729; InfoPath.2; .NET4.0C; .NET4.0E; MSOffice 12)" "-" uksochi.ru
89.21.79.68 - - [08/May/2015:03:31:10 +0300] "GET http://dndclub.ru/wp-admin/ HTTP/1.1" "302" 0 "http://dndclub.ru/wp-login.php" "Mozilla/5.0 (Windows; U; Windows NT 5.1; ru; rv:1.9.0.2) Gecko/2008091620 Firefox/3.0.2" "-" dndclub.ru
46.118.121.72 - - [08/May/2015:03:31:10 +0300] "GET http://razdacha-akkauntov.ru/wp-admin/ HTTP/1.1" "302" 0 "http://razdacha-akkauntov.ru/wp-login.php" "Mozilla/5.0 (Windows; U; Windows NT 5.1; ru; rv:1.9.0.2) Gecko/2008091620 Firefox/3.0.2" "-" razdacha-akkauntov.ru
77.106.228.178 - - [08/May/2015:03:31:10 +0300] "GET /members/szhs/index-image.jpg HTTP/1.1" "301" 316 "-" "Mozilla/4.0 (compatible; MSIE 7.0; Windows NT 6.1; WOW64; Trident/4.0; SLCC2; .NET CLR 2.0.50727; .NET CLR 3.5.30729; .NET CLR 3.0.30729; InfoPath.2; .NET4.0C; .NET4.0E; MSOffice 12)" "-" uksochi.ru
193.232.121.204 - - [08/May/2015:03:31:10 +0300] "GET /?cat=445&paged=3 HTTP/1.1" "200" 10584 "-" "Mozilla/5.0 (compatible; MSIE 9.0; Windows NT 7.1; Trident/5.0)" "-" kungur-online.ru
190.195.160.2 - - [08/May/2015:03:31:10 +0300] "POST /administrator/index.php HTTP/1.1" "403" 407 "http://shkafrai.ru/administrator/index.php" "Mozilla/5.0 (Windows NT 6.1; WOW64; rv:17.0) Gecko/20100101 Firefox/17.0" "-" shkafrai.ru
77.106.228.178 - - [08/May/2015:03:31:10 +0300] "GET /members/szhs/index-image.jpg HTTP/1.1" "301" 316 "-" "Mozilla/4.0 (compatible; MSIE 7.0; Windows NT 6.1; WOW64; Trident/4.0; SLCC2; .NET CLR 2.0.50727; .NET CLR 3.5.30729; .NET CLR 3.0.30729; InfoPath.2; .NET4.0C; .NET4.0E; MSOffice 12)" "-" uksochi.ru
5.255.253.108 - - [08/May/2015:03:31:10 +0300] "GET / HTTP/1.1" "200" 805 "-" "Mozilla/5.0 (compatible; YandexBot/3.0; +http://yandex.com/bots)" "-" u3482s8il.hn3.justhost.ru
77.34.101.23 - - [08/May/2015:03:31:10 +0300] "GET /eav/update.ver HTTP/1.1" "401" 506 "-" "ESS Update (Windows; U; 32bit; PVT F; BPC 8.0.304.1; OS: 6.1.7601 SP 1.0 NT; TDB 23733; CL 0.0.0; x32c; APP eav; BEO 1; ASP 0.10; FW 0.0; PX 0; PUA 1; CD 1; RA 0; HWF: 010028B9-6C40-DFBF-F9D5-50D92F9E86AA; PLOC ru_ru; PCODE 106.0.0; PAR -1; ATH -1; DC 0)" "-" z7877.ru
157.56.1.154 - - [08/May/2015:03:31:10 +0300] "GET /ping/Louisiana.css HTTP/1.1" "200" 511 "http://trudldtxq.jhos.teulahti.net/florence-736/skachat-soft-dlya-nokia-n78-besplatno.html" "Mozilla/5.0 (compatible; MSIE 9.0; Windows NT 6.1; Trident/5.0;  Trident/5.0)" "-" trudldtxq.jhos.teulahti.net
2a03:2880:20:4ff2:face:b00c:0:1 - - [08/May/2015:03:31:10 +0300] "GET /watch/IK_T7aL7Tho HTTP/1.1" "200" 6526 "-" "facebookexternalhit/1.1 (+http://www.facebook.com/externalhit_uatext.php)" "-" tajset.ru
77.106.228.178 - - [08/May/2015:03:31:10 +0300] "GET /members/szhs/index-image.jpg HTTP/1.1" "301" 316 "-" "Mozilla/4.0 (compatible; MSIE 7.0; Windows NT 6.1; WOW64; Trident/4.0; SLCC2; .NET CLR 2.0.50727; .NET CLR 3.5.30729; .NET CLR 3.0.30729; InfoPath.2; .NET4.0C; .NET4.0E; MSOffice 12)" "-" uksochi.ru
37.140.188.6 - - [08/May/2015:03:31:10 +0300] "GET /labs/ocB1ZPC6PtI/pravdivaya-zhiznennaya-melodrama-tabletka-ot-sljoz-russkie-filmy-russkie-melodramy.html HTTP/1.1" "200" 5879 "-" "Mozilla/5.0 (compatible; YandexBot/3.0; +http://yandex.com/bots)" "-" transfer.e-bookinfo.ru
46.118.121.72 - - [08/May/2015:03:31:10 +0300] "GET http://razdacha-akkauntov.ru/wp-admin/ HTTP/1.1" "302" 0 "http://razdacha-akkauntov.ru/wp-login.php" "Mozilla/5.0 (Windows; U; Windows NT 5.1; ru; rv:1.9.0.2) Gecko/2008091620 Firefox/3.0.2" "-" razdacha-akkauntov.ru
77.106.228.178 - - [08/May/2015:03:31:10 +0300] "GET /members/szhs/index-image.jpg HTTP/1.1" "301" 316 "-" "Mozilla/4.0 (compatible; MSIE 7.0; Windows NT 6.1; WOW64; Trident/4.0; SLCC2; .NET CLR 2.0.50727; .NET CLR 3.5.30729; .NET CLR 3.0.30729; InfoPath.2; .NET4.0C; .NET4.0E; MSOffice 12)" "-" uksochi.ru
2a00:b700:1::3 - - [08/May/2015:03:31:10 +0300] "GET /insert_header_pic.php?header=3 HTTP/1.0" "200" 166 "-" "-" "-" www.atrans.ru
5.164.207.230 - - [08/May/2015:03:31:10 +0300] "GET /forum/thread363-20.html HTTP/1.0" "200" 65000 "http://gpub.ru/thread363-20.html" "Mozilla/5.0 (Windows NT 6.1; WOW64; rv:33.0) Gecko/20100101 Firefox/33.0" "-" gpub.ru
77.106.228.178 - - [08/May/2015:03:31:10 +0300] "GET /members/szhs/index-image.jpg HTTP/1.1" "301" 316 "-" "Mozilla/4.0 (compatible; MSIE 7.0; Windows NT 6.1; WOW64; Trident/4.0; SLCC2; .NET CLR 2.0.50727; .NET CLR 3.5.30729; .NET CLR 3.0.30729; InfoPath.2; .NET4.0C; .NET4.0E; MSOffice 12)" "-" uksochi.ru
46.118.121.72 - - [08/May/2015:03:31:10 +0300] "GET http://razdacha-akkauntov.ru/wp-admin/ HTTP/1.1" "302" 0 "http://razdacha-akkauntov.ru/wp-login.php" "Mozilla/5.0 (Windows; U; Windows NT 5.1; ru; rv:1.9.0.2) Gecko/2008091620 Firefox/3.0.2" "-" razdacha-akkauntov.ru
77.106.228.178 - - [08/May/2015:03:31:10 +0300] "GET /members/szhs/index-image.jpg HTTP/1.1" "301" 316 "-" "Mozilla/4.0 (compatible; MSIE 7.0; Windows NT 6.1; WOW64; Trident/4.0; SLCC2; .NET CLR 2.0.50727; .NET CLR 3.5.30729; .NET CLR 3.0.30729; InfoPath.2; .NET4.0C; .NET4.0E; MSOffice 12)" "-" uksochi.ru
178.63.49.82 - - [08/May/2015:03:31:10 +0300] "GET /ehchris/NadezhdaChuron HTTP/1.0" "200" 3380 "-" "Mozilla/5.0 (compatible; MJ12bot/v1.4.5; http://www.majestic12.co.uk/bot.php?+)" "-" for-a-liver.ru
77.222.40.65 - - [08/May/2015:03:31:10 +0300] "POST /modules/mod_urlinradio/test.php HTTP/1.1" "200" 8616 "-" "Mozilla/5.0 (Windows; U; Windows NT 5.1; zh-CN; rv:1.7.6)" "-" alma-auto.ru
77.34.101.23 - EAV-336910416 [08/May/2015:03:31:10 +0300] "GET /eav/update.ver HTTP/1.1" "200" 0 "-" "ESS Update (Windows; U; 32bit; PVT F; BPC 8.0.304.1; OS: 6.1.7601 SP 1.0 NT; TDB 23733; CL 0.0.0; x32c; APP eav; BEO 1; ASP 0.10; FW 0.0; PX 0; PUA 1; CD 1; RA 0; HWF: 010028B9-6C40-DFBF-F9D5-50D92F9E86AA; PLOC ru_ru; PCODE 106.0.0; PAR -1; ATH -1; DC 0)" "-" z7877.ru
157.56.1.154 - - [08/May/2015:03:31:10 +0300] "GET /ping/conservation.css HTTP/1.1" "200" 816 "http://trudldtxq.jhos.teulahti.net/florence-736/skachat-soft-dlya-nokia-n78-besplatno.html" "Mozilla/5.0 (compatible; MSIE 9.0; Windows NT 6.1; Trident/5.0;  Trident/5.0)" "-" trudldtxq.jhos.teulahti.net
157.56.1.154 - - [08/May/2015:03:31:10 +0300] "GET /vancouver/austenite.js HTTP/1.1" "200" 511 "http://trudldtxq.jhos.teulahti.net/florence-736/skachat-soft-dlya-nokia-n78-besplatno.html" "Mozilla/5.0 (compatible; MSIE 9.0; Windows NT 6.1; Trident/5.0;  Trident/5.0)" "-" trudldtxq.jhos.teulahti.net
77.106.228.178 - - [08/May/2015:03:31:10 +0300] "GET /members/szhs/index-image.jpg HTTP/1.1" "301" 316 "-" "Mozilla/4.0 (compatible; MSIE 7.0; Windows NT 6.1; WOW64; Trident/4.0; SLCC2; .NET CLR 2.0.50727; .NET CLR 3.5.30729; .NET CLR 3.0.30729; InfoPath.2; .NET4.0C; .NET4.0E; MSOffice 12)" "-" uksochi.ru
157.56.1.154 - - [08/May/2015:03:31:10 +0300] "GET /ping/breathy.css HTTP/1.1" "200" 614 "http://trudldtxq.jhos.teulahti.net/florence-736/skachat-soft-dlya-nokia-n78-besplatno.html" "Mozilla/5.0 (compatible; MSIE 9.0; Windows NT 6.1; Trident/5.0;  Trident/5.0)" "-" trudldtxq.jhos.teulahti.net
178.154.243.113 - - [08/May/2015:03:31:10 +0300] "GET /board/index.php?/tags/members/push-pulse%25252525252525252525252525252525252525252525252525252525252525252525252525252525252525252525252525252525252525252525252525252525252525252525252525252525252525252525252525252525252525252525252525252525252525252525252525252525252525252525252525252525252525252525252525252Bresident%25252525252525252525252525252525252525252525252525252525252525252525252525252525252525252525252525252525252525252525252525252525252525252525252525252525252525252525252525252525252525252525252525252525252525252525252525252525252525252525252525252525252525252525252525252Bevil%25252525252525252525252525252525252525252525252525252525252525252525252525252525252525252525252525252525252525252525252525252525252525252525252525252525252525252525252525252525252525252525252525252525252525252525252525252525252525252525252525252525252525252525252525252Bdigi/ HTTP/1.1" "200" 7458 "-" "Mozilla/5.0 (compatible; YandexBot/3.0; +http://yandex.com/bots)" "-" www.residentevillive.ru
201.254.106.234 - - [08/May/2015:03:31:10 +0300] "POST /administrator/index.php HTTP/1.1" "200" 5820 "http://provoloka34.ru/administrator/index.php" "Mozilla/5.0 (Windows NT 6.1; WOW64; rv:17.0) Gecko/20100101 Firefox/17.0" "-" provoloka34.ru
46.118.121.72 - - [08/May/2015:03:31:10 +0300] "GET http://razdacha-akkauntov.ru/wp-admin/ HTTP/1.1" "302" 0 "http://razdacha-akkauntov.ru/wp-login.php" "Mozilla/5.0 (Windows; U; Windows NT 5.1; ru; rv:1.9.0.2) Gecko/2008091620 Firefox/3.0.2" "-" razdacha-akkauntov.ru
213.149.3.235 - - [08/May/2015:03:31:10 +0300] "POST /wp-login.php HTTP/1.1" "200" 1831 "-" "Mozilla/5.0 (Windows NT 5.1; WOW64) AppleWebKit/537.1 (KHTML, like Gecko) Chrome/24.0.1290.1 Safari/537.13" "188.143.234.96" ar-evolution.ru
77.106.228.178 - - [08/May/2015:03:31:10 +0300] "GET /members/szhs/index-image.jpg HTTP/1.1" "301" 316 "-" "Mozilla/4.0 (compatible; MSIE 7.0; Windows NT 6.1; WOW64; Trident/4.0; SLCC2; .NET CLR 2.0.50727; .NET CLR 3.5.30729; .NET CLR 3.0.30729; InfoPath.2; .NET4.0C; .NET4.0E; MSOffice 12)" "-" uksochi.ru
89.21.79.68 - - [08/May/2015:03:31:10 +0300] "GET http://dndclub.ru/wp-admin/ HTTP/1.1" "302" 0 "http://dndclub.ru/wp-login.php" "Mozilla/5.0 (Windows; U; Windows NT 5.1; ru; rv:1.9.0.2) Gecko/2008091620 Firefox/3.0.2" "-" dndclub.ru
190.195.160.2 - - [08/May/2015:03:31:10 +0300] "POST /administrator/index.php HTTP/1.1" "403" 407 "http://shkafrai.ru/administrator/index.php" "Mozilla/5.0 (Windows NT 6.1; WOW64; rv:17.0) Gecko/20100101 Firefox/17.0" "-" shkafrai.ru
2a01:4f8:192:208c::2 - - [08/May/2015:03:31:10 +0300] "GET /vozvedenie-sten-iz-gazobetona/'http://google.com' HTTP/1.0" "301" 0 "http://el48.ru/vozvedenie-sten-iz-gazobetona/" "'Mozilla/4.0 (compatible; MSIE 6.1; Windows NT 5.2)'" "-" el48.ru
5.164.207.230 - - [08/May/2015:03:31:10 +0300] "GET /forum/thread363-22.html HTTP/1.0" "200" 57258 "http://gpub.ru/thread363-22.html" "Mozilla/5.0 (Windows NT 6.1; WOW64; rv:33.0) Gecko/20100101 Firefox/33.0" "-" gpub.ru
77.106.228.178 - - [08/May/2015:03:31:10 +0300] "GET /members/szhs/index-image.jpg HTTP/1.1" "301" 316 "-" "Mozilla/4.0 (compatible; MSIE 7.0; Windows NT 6.1; WOW64; Trident/4.0; SLCC2; .NET CLR 2.0.50727; .NET CLR 3.5.30729; .NET CLR 3.0.30729; InfoPath.2; .NET4.0C; .NET4.0E; MSOffice 12)" "-" uksochi.ru
46.118.121.72 - - [08/May/2015:03:31:10 +0300] "GET http://razdacha-akkauntov.ru/wp-admin/ HTTP/1.1" "302" 0 "http://razdacha-akkauntov.ru/wp-login.php" "Mozilla/5.0 (Windows; U; Windows NT 5.1; ru; rv:1.9.0.2) Gecko/2008091620 Firefox/3.0.2" "-" razdacha-akkauntov.ru
157.56.1.51 - - [08/May/2015:03:31:10 +0300] "GET /extradite-715/skachat-rabochie-vh-dlya-kss-v34-yutub.html HTTP/1.1" "200" 1655 "-" "Mozilla/5.0 (compatible; MSIE 9.0; Windows NT 6.0; Trident/5.0;  Trident/5.0)" "-" trafshygwg.jhos.teulahti.net
188.32.253.131 - - [08/May/2015:03:31:10 +0300] "GET /torus/pitfall.css HTTP/1.0" "200" 436 "http://moretrafaaccur.aska.ar.com/eclectic-713/skiny-dlya-minecraft-147-piratka.html" "Mozilla/4.0 (compatible; MSIE 8.0; Windows NT 5.1; Trident/4.0; .NET CLR 2.0.50727; .NET CLR 3.0.4506.2152; .NET CLR 3.5.30729)" "-" moretrafaaccur.aska.ar.com
144.76.23.117 - - [08/May/2015:03:31:10 +0300] "GET /?p=37980 HTTP/1.1" "200" 6956 "-" "Mozilla/5.0 (X11; U; Linux i686; en_US; rv:1.8.1b1) Gecko/20060813 Firefox/2.0b1" "-" www.incident59.ru
77.106.228.178 - - [08/May/2015:03:31:10 +0300] "GET /members/szhs/index-image.jpg HTTP/1.1" "301" 316 "-" "Mozilla/4.0 (compatible; MSIE 7.0; Windows NT 6.1; WOW64; Trident/4.0; SLCC2; .NET CLR 2.0.50727; .NET CLR 3.5.30729; .NET CLR 3.0.30729; InfoPath.2; .NET4.0C; .NET4.0E; MSOffice 12)" "-" uksochi.ru
31.223.48.18 - - [08/May/2015:03:31:10 +0300] "GET /chat/index.php?v=1&ref=620935 HTTP/1.1" "200" 897 "-" "Opera/9.80 (Windows NT 6.1; WOW64) Presto/2.12.388 Version/12.17" "-" www.sevda.ws
199.59.148.209 - - [08/May/2015:03:31:10 +0300] "GET /robots.txt HTTP/1.1" "200" 106 "-" "Twitterbot/1.0" "-" trafsnbptf.solid.phmp3.cf
148.251.183.105 - - [08/May/2015:03:31:10 +0300] "GET /?feed=rss2&tag=%D0%BC%D0%B8%D1%87%D1%83%D1%80%D0%B0 HTTP/1.0" "200" 1499 "-" "Mozilla/5.0 (compatible; MJ12bot/v1.4.5; http://www.majestic12.co.uk/bot.php?+)" "-" www.incident59.ru
77.106.228.178 - - [08/May/2015:03:31:10 +0300] "GET /members/szhs/index-image.jpg HTTP/1.1" "301" 316 "-" "Mozilla/4.0 (compatible; MSIE 7.0; Windows NT 6.1; WOW64; Trident/4.0; SLCC2; .NET CLR 2.0.50727; .NET CLR 3.5.30729; .NET CLR 3.0.30729; InfoPath.2; .NET4.0C; .NET4.0E; MSOffice 12)" "-" uksochi.ru
54.241.198.78 - - [08/May/2015:03:31:10 +0300] "HEAD /vise-322/treynery-dlya-deus-ex-human-revolution-2000.htm HTTP/1.1" "200" 0 "-" "Google-HTTP-Java-Client/1.17.0-rc (gzip)" "216.46.175.33, 10.196.6.45" inshoysxujia.jhos.teulahti.net
54.241.198.78 - - [08/May/2015:03:31:10 +0300] "HEAD /vise-322/treynery-dlya-deus-ex-human-revolution-2000.htm HTTP/1.1" "200" 0 "-" "Google-HTTP-Java-Client/1.17.0-rc (gzip)" "216.46.175.37, 10.128.192.107" inshoysxujia.jhos.teulahti.net
46.118.121.72 - - [08/May/2015:03:31:10 +0300] "GET http://razdacha-akkauntov.ru/wp-admin/ HTTP/1.1" "302" 0 "http://razdacha-akkauntov.ru/wp-login.php" "Mozilla/5.0 (Windows; U; Windows NT 5.1; ru; rv:1.9.0.2) Gecko/2008091620 Firefox/3.0.2" "-" razdacha-akkauntov.ru
91.194.84.106 - - [08/May/2015:03:31:10 +0300] "GET /find-new/7258/profile-posts HTTP/1.0" "303" 20 "-" "Mozilla/5.0 (compatible; MJ12bot/v1.4.5; http://www.majestic12.co.uk/bot.php?+)" "-" poker-hunter.ru
77.106.228.178 - - [08/May/2015:03:31:11 +0300] "GET /members/szhs/index-image.jpg HTTP/1.1" "301" 316 "-" "Mozilla/4.0 (compatible; MSIE 7.0; Windows NT 6.1; WOW64; Trident/4.0; SLCC2; .NET CLR 2.0.50727; .NET CLR 3.5.30729; .NET CLR 3.0.30729; InfoPath.2; .NET4.0C; .NET4.0E; MSOffice 12)" "-" uksochi.ru
204.12.241.170 - - [08/May/2015:03:31:11 +0300] "GET /autoclaw/goretoriumtv HTTP/1.0" "200" 2960 "-" "Mozilla/5.0 (compatible; MJ12bot/v1.4.5; http://www.majestic12.co.uk/bot.php?+)" "-" aitaks-agro.ru
5.164.207.230 - - [08/May/2015:03:31:11 +0300] "GET /forum/thread363-24.html HTTP/1.0" "200" 54273 "http://gpub.ru/thread363-24.html" "Mozilla/5.0 (Windows NT 6.1; WOW64; rv:33.0) Gecko/20100101 Firefox/33.0" "-" gpub.ru
46.118.121.72 - - [08/May/2015:03:31:11 +0300] "GET http://razdacha-akkauntov.ru/wp-admin/ HTTP/1.1" "302" 0 "http://razdacha-akkauntov.ru/wp-login.php" "Mozilla/5.0 (Windows; U; Windows NT 5.1; ru; rv:1.9.0.2) Gecko/2008091620 Firefox/3.0.2" "-" razdacha-akkauntov.ru
2a01:4f8:191:64c7::2 - - [08/May/2015:03:31:11 +0300] "GET /ads/prodam-3-komnatnuyu-kvartiru-v-asbeste-3/%20+%20noLuck%20+ HTTP/1.0" "404" 27994 "http://reftlife.ru/ads/prodam-3-komnatnuyu-kvartiru-v-asbeste-3/" "'Mozilla/4.0 (compatible; MSIE 6.1; Windows NT 5.2)'" "-" reftlife.ru
199.16.156.124 - - [08/May/2015:03:31:11 +0300] "GET /robots.txt HTTP/1.1" "200" 111 "-" "Twitterbot/1.0" "-" inshoysxujia.jhos.teulahti.net
77.106.228.178 - - [08/May/2015:03:31:11 +0300] "GET /members/szhs/index-image.jpg HTTP/1.1" "301" 316 "-" "Mozilla/4.0 (compatible; MSIE 7.0; Windows NT 6.1; WOW64; Trident/4.0; SLCC2; .NET CLR 2.0.50727; .NET CLR 3.5.30729; .NET CLR 3.0.30729; InfoPath.2; .NET4.0C; .NET4.0E; MSOffice 12)" "-" uksochi.ru
104.255.68.191 - - [08/May/2015:03:31:11 +0300] "GET /product/10784/reviews/ HTTP/1.0" "200" 3480 "-" "Mozilla/5.0 (compatible; MJ12bot/v1.4.5; http://www.majestic12.co.uk/bot.php?+)" "-" www.gpavto.ru
31.223.48.18 - - [08/May/2015:03:31:11 +0300] "GET /chat/loqo.png HTTP/1.1" "304" 0 "http://www.sevda.ws/chat/index.php?v=1&ref=620935" "Opera/9.80 (Windows NT 6.1; WOW64) Presto/2.12.388 Version/12.17" "-" sevda.ws
77.106.228.178 - - [08/May/2015:03:31:11 +0300] "GET /members/szhs/index-image.jpg HTTP/1.1" "301" 316 "-" "Mozilla/4.0 (compatible; MSIE 7.0; Windows NT 6.1; WOW64; Trident/4.0; SLCC2; .NET CLR 2.0.50727; .NET CLR 3.5.30729; .NET CLR 3.0.30729; InfoPath.2; .NET4.0C; .NET4.0E; MSOffice 12)" "-" uksochi.ru
190.195.160.2 - - [08/May/2015:03:31:11 +0300] "POST /administrator/index.php HTTP/1.1" "403" 407 "http://shkafrai.ru/administrator/index.php" "Mozilla/5.0 (Windows NT 6.1; WOW64; rv:17.0) Gecko/20100101 Firefox/17.0" "-" shkafrai.ru
77.106.228.178 - - [08/May/2015:03:31:11 +0300] "GET /members/szhs/index-image.jpg HTTP/1.1" "301" 316 "-" "Mozilla/4.0 (compatible; MSIE 7.0; Windows NT 6.1; WOW64; Trident/4.0; SLCC2; .NET CLR 2.0.50727; .NET CLR 3.5.30729; .NET CLR 3.0.30729; InfoPath.2; .NET4.0C; .NET4.0E; MSOffice 12)" "-" uksochi.ru
89.21.79.68 - - [08/May/2015:03:31:11 +0300] "GET http://dndclub.ru/wp-admin/ HTTP/1.1" "302" 0 "http://dndclub.ru/wp-login.php" "Mozilla/5.0 (Windows; U; Windows NT 5.1; ru; rv:1.9.0.2) Gecko/2008091620 Firefox/3.0.2" "-" dndclub.ru
188.32.253.131 - - [08/May/2015:03:31:11 +0300] "GET /torus/symbiosis.css HTTP/1.0" "200" 873 "http://moretrafaaccur.aska.ar.com/eclectic-713/skiny-dlya-minecraft-147-piratka.html" "Mozilla/4.0 (compatible; MSIE 8.0; Windows NT 5.1; Trident/4.0; .NET CLR 2.0.50727; .NET CLR 3.0.4506.2152; .NET CLR 3.5.30729)" "-" moretrafaaccur.aska.ar.com
178.154.243.113 - - [08/May/2015:03:31:11 +0300] "GET /fidelity-995/igrat-v-klientskie-igry.html HTTP/1.1" "200" 2508 "-" "Mozilla/5.0 (compatible; YandexBot/3.0; +http://yandex.com/bots)" "-" ready-go-disbd.olisk.bc7.ca
46.118.121.72 - - [08/May/2015:03:31:11 +0300] "GET http://razdacha-akkauntov.ru/wp-admin/ HTTP/1.1" "302" 0 "http://razdacha-akkauntov.ru/wp-login.php" "Mozilla/5.0 (Windows; U; Windows NT 5.1; ru; rv:1.9.0.2) Gecko/2008091620 Firefox/3.0.2" "-" razdacha-akkauntov.ru
176.104.37.122 - - [08/May/2015:03:31:11 +0300] "GET /board.php?gameID=950 HTTP/1.0" "200" 5312 "-" "Mozilla/5.0 (compatible; MJ12bot/v1.4.5; http://www.majestic12.co.uk/bot.php?+)" "-" diplomail.ru
95.27.254.229 - - [08/May/2015:03:31:11 +0300] "GET /qualm-167/skachat-igry-dlya-devochek-besplatno-na-kompyuter-luntik.htm HTTP/1.0" "200" 3380 "http://yandex.ru/clck/jsredir?from=yandex.ru%3Byandsearch%3Bweb%3B%3B&text=&etext=681.OCzf6vNSzzjQ26R8z1r9rhvqlI3s3lN9_tm7jvYqxx-9fmskTVp-m_pixQPA_tEgge2TygfKd1jOTzc7BIswXQ.73160a4e4bbbdc4fa9bd0bd3a2acee3b1390c58c&uuid=&state=AiuY0DBWFJ4ePaEse6rgeAjgs2pI3DW9J0KiE5XNXd0dp0ZMwFHoviUoYa6nzP7MFsomsouu4qdsqREPVYHy5un-PNcdiHTBckLq7IIJvQwlLzttbvkKYxsGLMAZlf3rhj2MIotNL85OuZhcK6DVqswpZH89CBR5SumGK7efdlh2sZvFwH13suEtcTWwJN8sEZ-4T1e6Em3sEyba8GLdzw&data=UlNrNmk5WktYejR0eWJFYk1LdmtxbEVvMzVrODZxRVo5XzUxdWJ2dGIwUDBXOXFWSjJodmZDNDF2WWlJajRrMXk1OTkwRmlLZTB1OGFBMlhTdF9ySDQ3ZTJIMk9Pd3hCaUxhdlRPY2dDM1FtQTByNkcwRzY2TXV4NmxlX2N6ZXh2MHFhbjVUSzAtbmFYM1RERmJvb2k5SnJFRGZHV2llVVByNGxVVkJESkJDdGpUdGQwTnZTeHNHWFlUbS1KNmR3SjFjS3F6cWhROWpYTzUwT3d0ZEd2dw&b64e=2&sign=17962dcdc06532f320bf9d5af7962458&keyno=0&l10n=ru&cts=1431038026047&mc=4.37216409373" "Mozilla/4.0 (compatible; MSIE 8.0; Windows NT 5.1; Trident/4.0; .NET CLR 2.0.50727; .NET CLR 3.0.4506.2152; .NET CLR 3.5.30729; InfoPath.1)" "-" krockjnimm.jhos.teulahti.net
77.106.228.178 - - [08/May/2015:03:31:11 +0300] "GET /members/szhs/index-image.jpg HTTP/1.1" "301" 316 "-" "Mozilla/4.0 (compatible; MSIE 7.0; Windows NT 6.1; WOW64; Trident/4.0; SLCC2; .NET CLR 2.0.50727; .NET CLR 3.5.30729; .NET CLR 3.0.30729; InfoPath.2; .NET4.0C; .NET4.0E; MSOffice 12)" "-" uksochi.ru
69.28.199.50 - - [08/May/2015:03:31:11 +0300] "POST /wp-login.php HTTP/1.0" "404" 40598 "-" "-" "-" tsg-c8.ru
199.16.156.124 - - [08/May/2015:03:31:11 +0300] "GET /vise-322/treynery-dlya-deus-ex-human-revolution-2000.htm HTTP/1.1" "200" 1855 "-" "Twitterbot/1.0" "-" inshoysxujia.jhos.teulahti.net
77.34.101.23 - EAV-336910416 [08/May/2015:03:31:11 +0300] "GET /eav/update.ver HTTP/1.1" "200" 91855 "-" "ESS Update (Windows; U; 32bit; PVT F; BPC 8.0.304.1; OS: 6.1.7601 SP 1.0 NT; TDB 23733; CL 0.0.0; x32c; APP eav; BEO 1; ASP 0.10; FW 0.0; PX 0; PUA 1; CD 1; RA 0; HWF: 010028B9-6C40-DFBF-F9D5-50D92F9E86AA; PLOC ru_ru; PCODE 106.0.0; PAR -1; ATH -1; DC 0)" "-" z7877.ru
46.118.121.72 - - [08/May/2015:03:31:11 +0300] "GET http://razdacha-akkauntov.ru/wp-admin/ HTTP/1.1" "302" 0 "http://razdacha-akkauntov.ru/wp-login.php" "Mozilla/5.0 (Windows; U; Windows NT 5.1; ru; rv:1.9.0.2) Gecko/2008091620 Firefox/3.0.2" "-" razdacha-akkauntov.ru
77.106.228.178 - - [08/May/2015:03:31:11 +0300] "GET /members/szhs/index-image.jpg HTTP/1.1" "301" 316 "-" "Mozilla/4.0 (compatible; MSIE 7.0; Windows NT 6.1; WOW64; Trident/4.0; SLCC2; .NET CLR 2.0.50727; .NET CLR 3.5.30729; .NET CLR 3.0.30729; InfoPath.2; .NET4.0C; .NET4.0E; MSOffice 12)" "-" uksochi.ru
5.79.210.101 - - [08/May/2015:03:31:11 +0300] "POST /?option=com_komento HTTP/1.1" "200" 53 "http://vlvit.ru/eksheni/guasch-hand-draw.html" "Mozilla/5.0 (Windows NT 6.3; WOW64) AppleWebKit/537.36 (KHTML, like Gecko) Chrome/42.0.2311.135 Safari/537.36" "-" vlvit.ru
213.87.249.130 - - [08/May/2015:03:31:11 +0300] "POST /?option=com_komento HTTP/1.1" "200" 53 "http://vlvit.ru/css/fotogalereya-na-css3.html" "Mozilla/5.0 (Windows NT 6.1; WOW64) AppleWebKit/537.36 (KHTML, like Gecko) Chrome/44.0.2391.0 Safari/537.36" "-" vlvit.ru
108.162.229.231 - - [08/May/2015:03:31:11 +0300] "GET /46339-page991.pdf HTTP/1.1" "200" 250075 "-" "Mozilla/5.0 (Windows NT 6.2; WOW64; rv:35.0) Gecko/20100101 Firefox/35.0" "195.154.189.155" sitkov.ru
91.109.115.41 - - [08/May/2015:03:31:11 +0300] "GET / HTTP/1.1" "200" 12595 "-" "Pingdom.com_bot_version_1.4_(http://www.pingdom.com)" "-" barsmolensk.ru
37.140.188.6 - - [08/May/2015:03:31:11 +0300] "GET /conveyance-605/skachat-torrentom-russkie.htm HTTP/1.1" "404" 427 "-" "Mozilla/5.0 (compatible; YandexBot/3.0; +http://yandex.com/bots)" "-" stranno.bc7.ca
77.106.228.178 - - [08/May/2015:03:31:11 +0300] "GET /members/szhs/index-image.jpg HTTP/1.1" "301" 316 "-" "Mozilla/4.0 (compatible; MSIE 7.0; Windows NT 6.1; WOW64; Trident/4.0; SLCC2; .NET CLR 2.0.50727; .NET CLR 3.5.30729; .NET CLR 3.0.30729; InfoPath.2; .NET4.0C; .NET4.0E; MSOffice 12)" "-" uksochi.ru
201.254.106.234 - - [08/May/2015:03:31:11 +0300] "POST /administrator/index.php HTTP/1.1" "200" 5492 "http://provoloka34.ru/administrator/index.php" "Mozilla/5.0 (Windows NT 6.1; WOW64; rv:17.0) Gecko/20100101 Firefox/17.0" "-" provoloka34.ru
37.140.188.6 - - [08/May/2015:03:31:11 +0300] "GET /search.php?key=3561 HTTP/1.1" "200" 16670 "-" "Mozilla/5.0 (compatible; YandexBot/3.0; +http://yandex.com/bots)" "-" kamakabel.ru
77.106.228.178 - - [08/May/2015:03:31:11 +0300] "GET /members/szhs/index-image.jpg HTTP/1.1" "301" 316 "-" "Mozilla/4.0 (compatible; MSIE 7.0; Windows NT 6.1; WOW64; Trident/4.0; SLCC2; .NET CLR 2.0.50727; .NET CLR 3.5.30729; .NET CLR 3.0.30729; InfoPath.2; .NET4.0C; .NET4.0E; MSOffice 12)" "-" uksochi.ru
188.165.15.117 - - [08/May/2015:03:31:11 +0300] "GET /node/1294 HTTP/1.1" "404" 1710 "-" "Mozilla/5.0 (compatible; AhrefsBot/5.0; +http://ahrefs.com/robot/)" "-" tury-po-evrope.ru
199.16.156.125 - - [08/May/2015:03:31:11 +0300] "GET /robots.txt HTTP/1.1" "200" 109 "-" "Twitterbot/1.0" "-" trafsmzaog.jhos.teulahti.net
46.118.121.72 - - [08/May/2015:03:31:11 +0300] "GET http://razdacha-akkauntov.ru/wp-admin/ HTTP/1.1" "302" 0 "http://razdacha-akkauntov.ru/wp-login.php" "Mozilla/5.0 (Windows; U; Windows NT 5.1; ru; rv:1.9.0.2) Gecko/2008091620 Firefox/3.0.2" "-" razdacha-akkauntov.ru
91.78.205.111 - - [08/May/2015:03:31:11 +0300] "GET / HTTP/1.1" "200" 11813 "http://search.yahoo.com/search;_ylt=RedgouuLPBGlWLkDOXaEdYYnP.rq?p=%d0%b7%d0%b0%d1%87%d0%b5%d0%bc+%d0%bb%d1%8e%d0%b4%d0%b8+%d0%b8%d0%b7%d0%bc%d0%b5%d0%bd%d1%8f%d1%8e%d1%82+%d0%b4%d1%80%d1%83%d0%b3+%d0%b4%d1%80%d1%83%d0%b3%d1%83+%2b&ei=UTF-8&fr=yfp-t-900&xargs=0&pstart=1&b=31&xa=YltsPZYsIPqagJly78zs_g--,1431045062" "Mozilla/5.0 (Windows NT 6.1; WOW64; rv:12.0) Gecko/20100101 Firefox/12.0" "-" xn--b1aobndbkeph9g.xn--p1ai
77.106.228.178 - - [08/May/2015:03:31:11 +0300] "GET /members/szhs/index-image.jpg HTTP/1.1" "301" 316 "-" "Mozilla/4.0 (compatible; MSIE 7.0; Windows NT 6.1; WOW64; Trident/4.0; SLCC2; .NET CLR 2.0.50727; .NET CLR 3.5.30729; .NET CLR 3.0.30729; InfoPath.2; .NET4.0C; .NET4.0E; MSOffice 12)" "-" uksochi.ru
217.69.143.65 - - [08/May/2015:03:31:11 +0300] "GET /wp-content/uploads/gitara9.jpg HTTP/1.1" "304" 0 "http://go.mail.ru/search_images" "Mozilla/5.0 (compatible; Linux x86_64; Mail.RU_Bot/Img/2.0; +http://go.mail.ru/help/robots)" "-" trancedance.com.ua
46.118.121.72 - - [08/May/2015:03:31:11 +0300] "GET http://razdacha-akkauntov.ru/wp-admin/ HTTP/1.1" "302" 0 "http://razdacha-akkauntov.ru/wp-login.php" "Mozilla/5.0 (Windows; U; Windows NT 5.1; ru; rv:1.9.0.2) Gecko/2008091620 Firefox/3.0.2" "-" razdacha-akkauntov.ru
37.140.141.31 - - [08/May/2015:03:31:11 +0300] "GET /oily-192/igrat-igru-ovv-road-velociraptor-savari.html HTTP/1.1" "404" 451 "-" "Mozilla/5.0 (compatible; YandexBot/3.0; +http://yandex.com/bots)" "-" 6x0497777fefmb.stranno.bc7.ca
77.106.228.178 - - [08/May/2015:03:31:11 +0300] "GET /members/szhs/index-image.jpg HTTP/1.1" "301" 316 "-" "Mozilla/4.0 (compatible; MSIE 7.0; Windows NT 6.1; WOW64; Trident/4.0; SLCC2; .NET CLR 2.0.50727; .NET CLR 3.5.30729; .NET CLR 3.0.30729; InfoPath.2; .NET4.0C; .NET4.0E; MSOffice 12)" "-" uksochi.ru
190.195.160.2 - - [08/May/2015:03:31:11 +0300] "POST /administrator/index.php HTTP/1.1" "403" 407 "http://shkafrai.ru/administrator/index.php" "Mozilla/5.0 (Windows NT 6.1; WOW64; rv:17.0) Gecko/20100101 Firefox/17.0" "-" shkafrai.ru
77.106.228.178 - - [08/May/2015:03:31:11 +0300] "GET /members/szhs/index-image.jpg HTTP/1.1" "301" 316 "-" "Mozilla/4.0 (compatible; MSIE 7.0; Windows NT 6.1; WOW64; Trident/4.0; SLCC2; .NET CLR 2.0.50727; .NET CLR 3.5.30729; .NET CLR 3.0.30729; InfoPath.2; .NET4.0C; .NET4.0E; MSOffice 12)" "-" uksochi.ru
89.21.79.68 - - [08/May/2015:03:31:11 +0300] "GET http://dndclub.ru/wp-admin/ HTTP/1.1" "302" 0 "http://dndclub.ru/wp-login.php" "Mozilla/5.0 (Windows; U; Windows NT 5.1; ru; rv:1.9.0.2) Gecko/2008091620 Firefox/3.0.2" "-" dndclub.ru
188.32.253.131 - - [08/May/2015:03:31:11 +0300] "GET /torus/incapable.css HTTP/1.0" "200" 1075 "http://moretrafaaccur.aska.ar.com/eclectic-713/skiny-dlya-minecraft-147-piratka.html" "Mozilla/4.0 (compatible; MSIE 8.0; Windows NT 5.1; Trident/4.0; .NET CLR 2.0.50727; .NET CLR 3.0.4506.2152; .NET CLR 3.5.30729)" "-" moretrafaaccur.aska.ar.com
77.106.228.178 - - [08/May/2015:03:31:11 +0300] "GET /members/szhs/index-image.jpg HTTP/1.1" "301" 316 "-" "Mozilla/4.0 (compatible; MSIE 7.0; Windows NT 6.1; WOW64; Trident/4.0; SLCC2; .NET CLR 2.0.50727; .NET CLR 3.5.30729; .NET CLR 3.0.30729; InfoPath.2; .NET4.0C; .NET4.0E; MSOffice 12)" "-" uksochi.ru
46.118.121.72 - - [08/May/2015:03:31:11 +0300] "GET http://razdacha-akkauntov.ru/wp-admin/ HTTP/1.1" "302" 0 "http://razdacha-akkauntov.ru/wp-login.php" "Mozilla/5.0 (Windows; U; Windows NT 5.1; ru; rv:1.9.0.2) Gecko/2008091620 Firefox/3.0.2" "-" razdacha-akkauntov.ru
5.164.207.230 - - [08/May/2015:03:31:11 +0300] "GET /registration HTTP/1.0" "200" 7525 "http://gpub.ru/registration" "Mozilla/5.0 (Windows NT 6.1; WOW64; rv:33.0) Gecko/20100101 Firefox/33.0" "-" gpub.ru
176.9.140.80 - - [08/May/2015:03:31:11 +0300] "POST /index.php HTTP/1.0" "200" 500 "-" "-" "-" srv2.smm.iseck.com
142.4.214.124 - - [08/May/2015:03:31:11 +0300] "GET /paqo/jwzm8152.php HTTP/1.0" "200" 2612 "-" "Mozilla/5.0 (compatible; MJ12bot/v1.4.5; http://www.majestic12.co.uk/bot.php?+)" "-" zonamed.ru
199.16.156.125 - - [08/May/2015:03:31:11 +0300] "GET /luxury-368/onlayn-besplatno-igrat-uhod-za-malyshami.html HTTP/1.1" "200" 1747 "-" "Twitterbot/1.0" "-" trafsmzaog.jhos.teulahti.net
37.9.118.28 - - [08/May/2015:03:31:11 +0300] "GET / HTTP/1.1" "301" 290 "-" "Mozilla/5.0 (compatible; YandexMetrika/2.0; +http://yandex.com/bots mtmon3.yandex.ru)" "-" www.avtoil.ru
77.106.228.178 - - [08/May/2015:03:31:11 +0300] "GET /members/szhs/index-image.jpg HTTP/1.1" "301" 316 "-" "Mozilla/4.0 (compatible; MSIE 7.0; Windows NT 6.1; WOW64; Trident/4.0; SLCC2; .NET CLR 2.0.50727; .NET CLR 3.5.30729; .NET CLR 3.0.30729; InfoPath.2; .NET4.0C; .NET4.0E; MSOffice 12)" "-" uksochi.ru
46.118.121.72 - - [08/May/2015:03:31:11 +0300] "GET http://razdacha-akkauntov.ru/wp-admin/ HTTP/1.1" "302" 0 "http://razdacha-akkauntov.ru/wp-login.php" "Mozilla/5.0 (Windows; U; Windows NT 5.1; ru; rv:1.9.0.2) Gecko/2008091620 Firefox/3.0.2" "-" razdacha-akkauntov.ru
46.188.53.67 - - [08/May/2015:03:31:11 +0300] "GET /index.html HTTP/1.1" "200" 8 "-" "-" "-" crosswordshop.ru
91.78.205.111 - - [08/May/2015:03:31:11 +0300] "GET /templates/Woman/js/images.js HTTP/1.1" "200" 120 "http://xn--b1aobndbkeph9g.xn--p1ai/" "Mozilla/5.0 (Windows NT 6.1; WOW64; rv:12.0) Gecko/20100101 Firefox/12.0" "-" xn--b1aobndbkeph9g.xn--p1ai
91.78.205.111 - - [08/May/2015:03:31:11 +0300] "GET /templates/Woman/js/jqueryui.js HTTP/1.1" "200" 17595 "http://xn--b1aobndbkeph9g.xn--p1ai/" "Mozilla/5.0 (Windows NT 6.1; WOW64; rv:12.0) Gecko/20100101 Firefox/12.0" "-" xn--b1aobndbkeph9g.xn--p1ai
91.78.205.111 - - [08/May/2015:03:31:11 +0300] "GET /templates/Woman/js/jquery.galleryview-1.0.1-pack.js HTTP/1.1" "200" 2730 "http://xn--b1aobndbkeph9g.xn--p1ai/" "Mozilla/5.0 (Windows NT 6.1; WOW64; rv:12.0) Gecko/20100101 Firefox/12.0" "-" xn--b1aobndbkeph9g.xn--p1ai
91.78.205.111 - - [08/May/2015:03:31:11 +0300] "GET /templates/Woman/js/easing.js HTTP/1.1" "200" 988 "http://xn--b1aobndbkeph9g.xn--p1ai/" "Mozilla/5.0 (Windows NT 6.1; WOW64; rv:12.0) Gecko/20100101 Firefox/12.0" "-" xn--b1aobndbkeph9g.xn--p1ai
95.27.254.229 - - [08/May/2015:03:31:11 +0300] "GET /imbalance/perpetual.css HTTP/1.0" "200" 568 "http://krockjnimm.jhos.teulahti.net/qualm-167/skachat-igry-dlya-devochek-besplatno-na-kompyuter-luntik.htm" "Mozilla/4.0 (compatible; MSIE 8.0; Windows NT 5.1; Trident/4.0; .NET CLR 2.0.50727; .NET CLR 3.0.4506.2152; .NET CLR 3.5.30729; InfoPath.1)" "-" krockjnimm.jhos.teulahti.net
37.140.188.6 - - [08/May/2015:03:31:11 +0300] "GET /locutor-165/babulya-na-ostrovah-igrat-onlayn-besplatno-posledniy-sezon.html HTTP/1.1" "200" 1775 "-" "Mozilla/5.0 (compatible; YandexBot/3.0; +http://yandex.com/bots)" "-" ready-go-fjiro.olisk.bc7.ca
91.78.205.111 - - [08/May/2015:03:31:11 +0300] "GET /engine/plugins/rating/tpl/skins/basic/rating.css HTTP/1.1" "200" 469 "http://xn--b1aobndbkeph9g.xn--p1ai/" "Mozilla/5.0 (Windows NT 6.1; WOW64; rv:12.0) Gecko/20100101 Firefox/12.0" "-" xn--b1aobndbkeph9g.xn--p1ai
77.106.228.178 - - [08/May/2015:03:31:11 +0300] "GET /members/szhs/index-image.jpg HTTP/1.1" "301" 316 "-" "Mozilla/4.0 (compatible; MSIE 7.0; Windows NT 6.1; WOW64; Trident/4.0; SLCC2; .NET CLR 2.0.50727; .NET CLR 3.5.30729; .NET CLR 3.0.30729; InfoPath.2; .NET4.0C; .NET4.0E; MSOffice 12)" "-" uksochi.ru
91.78.205.111 - - [08/May/2015:03:31:11 +0300] "GET /templates/Woman/js/jquery.js HTTP/1.1" "200" 31995 "http://xn--b1aobndbkeph9g.xn--p1ai/" "Mozilla/5.0 (Windows NT 6.1; WOW64; rv:12.0) Gecko/20100101 Firefox/12.0" "-" xn--b1aobndbkeph9g.xn--p1ai
91.78.205.111 - - [08/May/2015:03:31:11 +0300] "GET /templates/Woman/js/timers.js HTTP/1.1" "200" 1884 "http://xn--b1aobndbkeph9g.xn--p1ai/" "Mozilla/5.0 (Windows NT 6.1; WOW64; rv:12.0) Gecko/20100101 Firefox/12.0" "-" xn--b1aobndbkeph9g.xn--p1ai
91.78.205.111 - - [08/May/2015:03:31:11 +0300] "GET /engine/includes/js/functions.js HTTP/1.1" "200" 4130 "http://xn--b1aobndbkeph9g.xn--p1ai/" "Mozilla/5.0 (Windows NT 6.1; WOW64; rv:12.0) Gecko/20100101 Firefox/12.0" "-" xn--b1aobndbkeph9g.xn--p1ai
91.78.205.111 - - [08/May/2015:03:31:11 +0300] "GET /engine/includes/js/ajax.js HTTP/1.1" "200" 2143 "http://xn--b1aobndbkeph9g.xn--p1ai/" "Mozilla/5.0 (Windows NT 6.1; WOW64; rv:12.0) Gecko/20100101 Firefox/12.0" "-" xn--b1aobndbkeph9g.xn--p1ai
91.78.205.111 - - [08/May/2015:03:31:11 +0300] "GET /templates/Woman/images/loading.gif HTTP/1.1" "200" 3877 "http://xn--b1aobndbkeph9g.xn--p1ai/" "Mozilla/5.0 (Windows NT 6.1; WOW64; rv:12.0) Gecko/20100101 Firefox/12.0" "-" xn--b1aobndbkeph9g.xn--p1ai
77.106.228.178 - - [08/May/2015:03:31:11 +0300] "GET /members/szhs/index-image.jpg HTTP/1.1" "301" 316 "-" "Mozilla/4.0 (compatible; MSIE 7.0; Windows NT 6.1; WOW64; Trident/4.0; SLCC2; .NET CLR 2.0.50727; .NET CLR 3.5.30729; .NET CLR 3.0.30729; InfoPath.2; .NET4.0C; .NET4.0E; MSOffice 12)" "-" uksochi.ru
46.118.121.72 - - [08/May/2015:03:31:11 +0300] "GET http://razdacha-akkauntov.ru/wp-admin/ HTTP/1.1" "302" 0 "http://razdacha-akkauntov.ru/wp-login.php" "Mozilla/5.0 (Windows; U; Windows NT 5.1; ru; rv:1.9.0.2) Gecko/2008091620 Firefox/3.0.2" "-" razdacha-akkauntov.ru
91.78.205.111 - - [08/May/2015:03:31:11 +0300] "GET /uploads/images/default/eggs.jpg HTTP/1.1" "200" 16430 "http://xn--b1aobndbkeph9g.xn--p1ai/" "Mozilla/5.0 (Windows NT 6.1; WOW64; rv:12.0) Gecko/20100101 Firefox/12.0" "-" xn--b1aobndbkeph9g.xn--p1ai
91.78.205.111 - - [08/May/2015:03:31:11 +0300] "GET /templates/Woman/images/top-menu2.gif HTTP/1.1" "200" 71 "http://xn--b1aobndbkeph9g.xn--p1ai/" "Mozilla/5.0 (Windows NT 6.1; WOW64; rv:12.0) Gecko/20100101 Firefox/12.0" "-" xn--b1aobndbkeph9g.xn--p1ai
91.78.205.111 - - [08/May/2015:03:31:11 +0300] "GET /templates/Woman/images/top-menu3.jpg HTTP/1.1" "200" 7906 "http://xn--b1aobndbkeph9g.xn--p1ai/" "Mozilla/5.0 (Windows NT 6.1; WOW64; rv:12.0) Gecko/20100101 Firefox/12.0" "-" xn--b1aobndbkeph9g.xn--p1ai
142.4.214.124 - - [08/May/2015:03:31:11 +0300] "GET /51827-lobovoe-dvuh-kruzerov-pogibli-troe.html HTTP/1.0" "200" 11217 "-" "Mozilla/5.0 (compatible; MJ12bot/v1.4.5; http://www.majestic12.co.uk/bot.php?+)" "-" www.funnn.ru
95.27.254.229 - - [08/May/2015:03:31:11 +0300] "GET /imbalance/irresolvable.css HTTP/1.0" "200" 881 "http://krockjnimm.jhos.teulahti.net/qualm-167/skachat-igry-dlya-devochek-besplatno-na-kompyuter-luntik.htm" "Mozilla/4.0 (compatible; MSIE 8.0; Windows NT 5.1; Trident/4.0; .NET CLR 2.0.50727; .NET CLR 3.0.4506.2152; .NET CLR 3.5.30729; InfoPath.1)" "-" krockjnimm.jhos.teulahti.net
157.56.1.51 - - [08/May/2015:03:31:11 +0300] "GET /at/ONeill.css HTTP/1.1" "200" 387 "http://trafshygwg.jhos.teulahti.net/extradite-715/skachat-rabochie-vh-dlya-kss-v34-yutub.html" "Mozilla/5.0 (compatible; MSIE 9.0; Windows NT 6.0; Trident/5.0;  Trident/5.0)" "-" trafshygwg.jhos.teulahti.net
46.236.24.52 - - [08/May/2015:03:31:11 +0300] "GET /apposite-548/bilyard-s-kompyuterom-onlayn.htm HTTP/1.1" "206" 5952 "-" "Mozilla/5.0 (TweetmemeBot/4.0; +http://datasift.com/bot.html) Gecko/20100101 Firefox/31.0" "-" trafsknnuu.aska.ar.com
77.106.228.178 - - [08/May/2015:03:31:11 +0300] "GET /members/szhs/index-image.jpg HTTP/1.1" "301" 316 "-" "Mozilla/4.0 (compatible; MSIE 7.0; Windows NT 6.1; WOW64; Trident/4.0; SLCC2; .NET CLR 2.0.50727; .NET CLR 3.5.30729; .NET CLR 3.0.30729; InfoPath.2; .NET4.0C; .NET4.0E; MSOffice 12)" "-" uksochi.ru
37.140.141.31 - - [08/May/2015:03:31:11 +0300] "GET /mighty-293/hristianskie-filmy-v-horoshem-kachestve.htm HTTP/1.1" "200" 1780 "-" "Mozilla/5.0 (compatible; YandexBot/3.0; +http://yandex.com/bots)" "-" moretrafasdlrl.aska.ar.com
199.59.148.211 - - [08/May/2015:03:31:11 +0300] "GET /robots.txt HTTP/1.1" "200" 106 "-" "Twitterbot/1.0" "-" trafsnbptf.solid.phmp3.cf
91.78.205.111 - - [08/May/2015:03:31:11 +0300] "GET /uploads/images/default/child-feeding.jpg HTTP/1.1" "200" 33882 "http://xn--b1aobndbkeph9g.xn--p1ai/" "Mozilla/5.0 (Windows NT 6.1; WOW64; rv:12.0) Gecko/20100101 Firefox/12.0" "-" xn--b1aobndbkeph9g.xn--p1ai
190.195.160.2 - - [08/May/2015:03:31:11 +0300] "POST /administrator/index.php HTTP/1.1" "403" 407 "http://shkafrai.ru/administrator/index.php" "Mozilla/5.0 (Windows NT 6.1; WOW64; rv:17.0) Gecko/20100101 Firefox/17.0" "-" shkafrai.ru
46.118.121.72 - - [08/May/2015:03:31:11 +0300] "GET http://razdacha-akkauntov.ru/wp-admin/ HTTP/1.1" "302" 0 "http://razdacha-akkauntov.ru/wp-login.php" "Mozilla/5.0 (Windows; U; Windows NT 5.1; ru; rv:1.9.0.2) Gecko/2008091620 Firefox/3.0.2" "-" razdacha-akkauntov.ru
188.32.253.131 - - [08/May/2015:03:31:11 +0300] "GET /rifleman/cycad.js HTTP/1.0" "200" 1223 "http://moretrafaaccur.aska.ar.com/eclectic-713/skiny-dlya-minecraft-147-piratka.html" "Mozilla/4.0 (compatible; MSIE 8.0; Windows NT 5.1; Trident/4.0; .NET CLR 2.0.50727; .NET CLR 3.0.4506.2152; .NET CLR 3.5.30729)" "-" moretrafaaccur.aska.ar.com
77.106.228.178 - - [08/May/2015:03:31:11 +0300] "GET /members/szhs/index-image.jpg HTTP/1.1" "301" 316 "-" "Mozilla/4.0 (compatible; MSIE 7.0; Windows NT 6.1; WOW64; Trident/4.0; SLCC2; .NET CLR 2.0.50727; .NET CLR 3.5.30729; .NET CLR 3.0.30729; InfoPath.2; .NET4.0C; .NET4.0E; MSOffice 12)" "-" uksochi.ru
91.78.205.111 - - [08/May/2015:03:31:11 +0300] "GET /uploads/images/default/el_sigarettes.jpg HTTP/1.1" "200" 31870 "http://xn--b1aobndbkeph9g.xn--p1ai/" "Mozilla/5.0 (Windows NT 6.1; WOW64; rv:12.0) Gecko/20100101 Firefox/12.0" "-" xn--b1aobndbkeph9g.xn--p1ai
91.78.205.111 - - [08/May/2015:03:31:11 +0300] "GET /uploads/images/default/cancer.jpg HTTP/1.1" "200" 37363 "http://xn--b1aobndbkeph9g.xn--p1ai/" "Mozilla/5.0 (Windows NT 6.1; WOW64; rv:12.0) Gecko/20100101 Firefox/12.0" "-" xn--b1aobndbkeph9g.xn--p1ai
91.78.205.111 - - [08/May/2015:03:31:11 +0300] "GET /uploads/images/default/kak-pochistit-serebro-v-domashnih-usloviyah.jpg HTTP/1.1" "200" 36159 "http://xn--b1aobndbkeph9g.xn--p1ai/" "Mozilla/5.0 (Windows NT 6.1; WOW64; rv:12.0) Gecko/20100101 Firefox/12.0" "-" xn--b1aobndbkeph9g.xn--p1ai
77.106.228.178 - - [08/May/2015:03:31:11 +0300] "GET /members/szhs/index-image.jpg HTTP/1.1" "301" 316 "-" "Mozilla/4.0 (compatible; MSIE 7.0; Windows NT 6.1; WOW64; Trident/4.0; SLCC2; .NET CLR 2.0.50727; .NET CLR 3.5.30729; .NET CLR 3.0.30729; InfoPath.2; .NET4.0C; .NET4.0E; MSOffice 12)" "-" uksochi.ru
91.78.205.111 - - [08/May/2015:03:31:11 +0300] "GET /uploads/images/default/yuliya-nachalova-pohudela-na-35-kilogrammov_1.jpeg HTTP/1.1" "200" 11459 "http://xn--b1aobndbkeph9g.xn--p1ai/" "Mozilla/5.0 (Windows NT 6.1; WOW64; rv:12.0) Gecko/20100101 Firefox/12.0" "-" xn--b1aobndbkeph9g.xn--p1ai
91.78.205.111 - - [08/May/2015:03:31:11 +0300] "GET /uploads/images/default/besprovodnoy_domashniy_kinoteatr.jpg HTTP/1.1" "200" 4692 "http://xn--b1aobndbkeph9g.xn--p1ai/" "Mozilla/5.0 (Windows NT 6.1; WOW64; rv:12.0) Gecko/20100101 Firefox/12.0" "-" xn--b1aobndbkeph9g.xn--p1ai
74.6.254.89 - - [08/May/2015:03:31:11 +0300] "GET /binaural-405/skachat-adony-na-geris-mod-10-cherez-torrent.htm HTTP/1.1" "200" 4884 "-" "Mozilla/5.0 (compatible; Yahoo! Slurp; http://help.yahoo.com/help/us/ysearch/slurp)" "68.142.226.122" inshoysxujia.jhos.teulahti.net
91.78.205.111 - - [08/May/2015:03:31:11 +0300] "GET /uploads/images/default/ryba_hamsa_poleznye_svoystva.jpg HTTP/1.1" "200" 15239 "http://xn--b1aobndbkeph9g.xn--p1ai/" "Mozilla/5.0 (Windows NT 6.1; WOW64; rv:12.0) Gecko/20100101 Firefox/12.0" "-" xn--b1aobndbkeph9g.xn--p1ai
91.78.205.111 - - [08/May/2015:03:31:11 +0300] "GET /uploads/images/default/tatuazh-brovej2.jpg HTTP/1.1" "200" 11228 "http://xn--b1aobndbkeph9g.xn--p1ai/" "Mozilla/5.0 (Windows NT 6.1; WOW64; rv:12.0) Gecko/20100101 Firefox/12.0" "-" xn--b1aobndbkeph9g.xn--p1ai
91.78.205.111 - - [08/May/2015:03:31:11 +0300] "GET /uploads/images/default/vostochnyj-makiyazh2.jpg HTTP/1.1" "200" 14312 "http://xn--b1aobndbkeph9g.xn--p1ai/" "Mozilla/5.0 (Windows NT 6.1; WOW64; rv:12.0) Gecko/20100101 Firefox/12.0" "-" xn--b1aobndbkeph9g.xn--p1ai
77.106.228.178 - - [08/May/2015:03:31:11 +0300] "GET /members/szhs/index-image.jpg HTTP/1.1" "301" 316 "-" "Mozilla/4.0 (compatible; MSIE 7.0; Windows NT 6.1; WOW64; Trident/4.0; SLCC2; .NET CLR 2.0.50727; .NET CLR 3.5.30729; .NET CLR 3.0.30729; InfoPath.2; .NET4.0C; .NET4.0E; MSOffice 12)" "-" uksochi.ru
91.78.205.111 - - [08/May/2015:03:31:11 +0300] "GET /templates/Woman/css/engine.css HTTP/1.1" "200" 3503 "http://xn--b1aobndbkeph9g.xn--p1ai/" "Mozilla/5.0 (Windows NT 6.1; WOW64; rv:12.0) Gecko/20100101 Firefox/12.0" "-" xn--b1aobndbkeph9g.xn--p1ai
2a01:4f8:192:208c::2 - - [08/May/2015:03:31:11 +0300] "GET /vozvedenie-sten-iz-gazobetona/%27http:/google.com%27 HTTP/1.0" "404" 28002 "http://el48.ru/vozvedenie-sten-iz-gazobetona/" "'Mozilla/4.0 (compatible; MSIE 6.1; Windows NT 5.2)'" "-" el48.ru
46.118.121.72 - - [08/May/2015:03:31:11 +0300] "GET http://razdacha-akkauntov.ru/wp-admin/ HTTP/1.1" "302" 0 "http://razdacha-akkauntov.ru/wp-login.php" "Mozilla/5.0 (Windows; U; Windows NT 5.1; ru; rv:1.9.0.2) Gecko/2008091620 Firefox/3.0.2" "-" razdacha-akkauntov.ru
144.76.7.107 - - [08/May/2015:03:31:11 +0300] "GET /djwu/3swp3JcOoOw/httpsyoutubecomdevicesupport.html HTTP/1.0" "200" 5738 "-" "Mozilla/5.0 (compatible; MJ12bot/v1.4.5; http://www.majestic12.co.uk/bot.php?+)" "-" moby.rmcrb.ru
91.78.205.111 - - [08/May/2015:03:31:12 +0300] "GET /templates/Woman/css/style.css HTTP/1.1" "200" 3655 "http://xn--b1aobndbkeph9g.xn--p1ai/" "Mozilla/5.0 (Windows NT 6.1; WOW64; rv:12.0) Gecko/20100101 Firefox/12.0" "-" xn--b1aobndbkeph9g.xn--p1ai
91.78.205.111 - - [08/May/2015:03:31:12 +0300] "GET /uploads/images/default/woman.jpg HTTP/1.1" "200" 18019 "http://xn--b1aobndbkeph9g.xn--p1ai/" "Mozilla/5.0 (Windows NT 6.1; WOW64; rv:12.0) Gecko/20100101 Firefox/12.0" "-" xn--b1aobndbkeph9g.xn--p1ai
91.78.205.111 - - [08/May/2015:03:31:12 +0300] "GET /uploads/images/default/toplivo_dlya_biokamina.jpg HTTP/1.1" "200" 6279 "http://xn--b1aobndbkeph9g.xn--p1ai/" "Mozilla/5.0 (Windows NT 6.1; WOW64; rv:12.0) Gecko/20100101 Firefox/12.0" "-" xn--b1aobndbkeph9g.xn--p1ai
77.106.228.178 - - [08/May/2015:03:31:12 +0300] "GET /members/szhs/index-image.jpg HTTP/1.1" "301" 316 "-" "Mozilla/4.0 (compatible; MSIE 7.0; Windows NT 6.1; WOW64; Trident/4.0; SLCC2; .NET CLR 2.0.50727; .NET CLR 3.5.30729; .NET CLR 3.0.30729; InfoPath.2; .NET4.0C; .NET4.0E; MSOffice 12)" "-" uksochi.ru
91.78.205.111 - - [08/May/2015:03:31:12 +0300] "GET /uploads/images/default/terassa.jpg HTTP/1.1" "200" 63988 "http://xn--b1aobndbkeph9g.xn--p1ai/" "Mozilla/5.0 (Windows NT 6.1; WOW64; rv:12.0) Gecko/20100101 Firefox/12.0" "-" xn--b1aobndbkeph9g.xn--p1ai
91.78.205.111 - - [08/May/2015:03:31:12 +0300] "GET /uploads/images/default/kak_uluchshit_ostrotu_muzhskogo_orgazma.jpg HTTP/1.1" "200" 14098 "http://xn--b1aobndbkeph9g.xn--p1ai/" "Mozilla/5.0 (Windows NT 6.1; WOW64; rv:12.0) Gecko/20100101 Firefox/12.0" "-" xn--b1aobndbkeph9g.xn--p1ai
46.118.121.72 - - [08/May/2015:03:31:12 +0300] "GET http://razdacha-akkauntov.ru/wp-admin/ HTTP/1.1" "302" 0 "http://razdacha-akkauntov.ru/wp-login.php" "Mozilla/5.0 (Windows; U; Windows NT 5.1; ru; rv:1.9.0.2) Gecko/2008091620 Firefox/3.0.2" "-" razdacha-akkauntov.ru
157.56.1.51 - - [08/May/2015:03:31:12 +0300] "GET /at/fledge.css HTTP/1.1" "200" 408 "http://trafshygwg.jhos.teulahti.net/extradite-715/skachat-rabochie-vh-dlya-kss-v34-yutub.html" "Mozilla/5.0 (compatible; MSIE 9.0; Windows NT 6.0; Trident/5.0;  Trident/5.0)" "-" trafshygwg.jhos.teulahti.net
91.78.205.111 - - [08/May/2015:03:31:12 +0300] "GET /uploads/images/default/file_833934e802ead0e66f48fe93fbfbe2df_jid.jpg HTTP/1.1" "200" 27175 "http://xn--b1aobndbkeph9g.xn--p1ai/" "Mozilla/5.0 (Windows NT 6.1; WOW64; rv:12.0) Gecko/20100101 Firefox/12.0" "-" xn--b1aobndbkeph9g.xn--p1ai
