91.194.84.106 - - [08/May/2015:03:31:02 +0300] "GET /misc/language?language_id=1&redirect=/find-new/7257/profile-posts HTTP/1.0" "303" 20 "-" "Mozilla/5.0 (compatible; MJ12bot/v1.4.5; http://www.majestic12.co.uk/bot.php?+)" "-" poker-hunter.ru
46.118.121.72 - - [08/May/2015:03:31:02 +0300] "GET http://razdacha-akkauntov.ru/wp-admin/ HTTP/1.1" "302" 0 "http://razdacha-akkauntov.ru/wp-login.php" "Mozilla/5.0 (Windows; U; Windows NT 5.1; ru; rv:1.9.0.2) Gecko/2008091620 Firefox/3.0.2" "-" razdacha-akkauntov.ru
2a01:4f8:191:64c7::2 - - [08/May/2015:03:31:02 +0300] "GET /ads/prodam-3-komnatnuyu-kvartiru-v-asbeste/%20+%20noLuck%20+ HTTP/1.0" "404" 27994 "http://reftlife.ru/ads/prodam-3-komnatnuyu-kvartiru-v-asbeste/" "'Mozilla/4.0 (compatible; MSIE 6.1; Windows NT 5.2)'" "-" reftlife.ru
77.106.228.178 - - [08/May/2015:03:31:02 +0300] "GET /members/szhs/index-image.jpg HTTP/1.1" "301" 316 "-" "Mozilla/4.0 (compatible; MSIE 7.0; Windows NT 6.1; WOW64; Trident/4.0; SLCC2; .NET CLR 2.0.50727; .NET CLR 3.5.30729; .NET CLR 3.0.30729; InfoPath.2; .NET4.0C; .NET4.0E; MSOffice 12)" "-" uksochi.ru
157.56.1.127 - - [08/May/2015:03:31:02 +0300] "GET /watkins/battlefront.js HTTP/1.1" "200" 515 "http://trudbkblh.solid.phmp3.cf/genital-599/ustanovit-yazykovuyu-panel-windows-7.html" "Mozilla/5.0 (compatible; MSIE 9.0; Windows NT 6.1; Trident/5.0;  Trident/5.0)" "-" trudbkblh.solid.phmp3.cf
157.56.1.127 - - [08/May/2015:03:31:02 +0300] "GET /Nehru/spirit.css HTTP/1.1" "200" 175 "http://trudbkblh.solid.phmp3.cf/genital-599/ustanovit-yazykovuyu-panel-windows-7.html" "Mozilla/5.0 (compatible; MSIE 9.0; Windows NT 6.1; Trident/5.0;  Trident/5.0)" "-" trudbkblh.solid.phmp3.cf
1.9.74.2 - - [08/May/2015:03:31:02 +0300] "GET /wp-login.php HTTP/1.1" "404" 489 "-" "Mozilla/5.0 (Windows NT 6.2; rv:23.0) Gecko/20100101 Firefox/23.0" "-" ff6600.ru
46.118.121.72 - - [08/May/2015:03:31:02 +0300] "GET http://razdacha-akkauntov.ru/wp-admin/ HTTP/1.1" "302" 0 "http://razdacha-akkauntov.ru/wp-login.php" "Mozilla/5.0 (Windows; U; Windows NT 5.1; ru; rv:1.9.0.2) Gecko/2008091620 Firefox/3.0.2" "-" razdacha-akkauntov.ru
157.56.1.127 - - [08/May/2015:03:31:02 +0300] "GET /Nehru/tsarina.css HTTP/1.1" "200" 634 "http://trudbkblh.solid.phmp3.cf/genital-599/ustanovit-yazykovuyu-panel-windows-7.html" "Mozilla/5.0 (compatible; MSIE 9.0; Windows NT 6.1; Trident/5.0;  Trident/5.0)" "-" trudbkblh.solid.phmp3.cf
77.106.228.178 - - [08/May/2015:03:31:02 +0300] "GET /members/szhs/index-image.jpg HTTP/1.1" "301" 316 "-" "Mozilla/4.0 (compatible; MSIE 7.0; Windows NT 6.1; WOW64; Trident/4.0; SLCC2; .NET CLR 2.0.50727; .NET CLR 3.5.30729; .NET CLR 3.0.30729; InfoPath.2; .NET4.0C; .NET4.0E; MSOffice 12)" "-" uksochi.ru
201.254.106.234 - - [08/May/2015:03:31:02 +0300] "POST /administrator/index.php HTTP/1.1" "200" 5820 "http://provoloka34.ru/administrator/index.php" "Mozilla/5.0 (Windows NT 6.1; WOW64; rv:17.0) Gecko/20100101 Firefox/17.0" "-" provoloka34.ru
5.255.253.108 - - [08/May/2015:03:31:02 +0300] "GET /biggon/fhPEIzaM4jg/vypusk-1-kak-uskorit-rabotu-windows-vista-i-windows-7.html HTTP/1.1" "200" 5148 "-" "Mozilla/5.0 (compatible; YandexBot/3.0; +http://yandex.com/bots)" "-" psgrade.resonanceschool.ru
77.106.228.178 - - [08/May/2015:03:31:02 +0300] "GET /members/szhs/index-image.jpg HTTP/1.1" "301" 316 "-" "Mozilla/4.0 (compatible; MSIE 7.0; Windows NT 6.1; WOW64; Trident/4.0; SLCC2; .NET CLR 2.0.50727; .NET CLR 3.5.30729; .NET CLR 3.0.30729; InfoPath.2; .NET4.0C; .NET4.0E; MSOffice 12)" "-" uksochi.ru
95.108.158.238 - - [08/May/2015:03:31:02 +0300] "GET /print11940.html HTTP/1.1" "200" 1468 "-" "Mozilla/5.0 (compatible; YandexBot/3.0; +http://yandex.com/bots)" "-" greatrussianpeople.ru
77.106.228.178 - - [08/May/2015:03:31:02 +0300] "GET /members/szhs/index-image.jpg HTTP/1.1" "301" 316 "-" "Mozilla/4.0 (compatible; MSIE 7.0; Windows NT 6.1; WOW64; Trident/4.0; SLCC2; .NET CLR 2.0.50727; .NET CLR 3.5.30729; .NET CLR 3.0.30729; InfoPath.2; .NET4.0C; .NET4.0E; MSOffice 12)" "-" uksochi.ru
46.118.121.72 - - [08/May/2015:03:31:02 +0300] "GET http://razdacha-akkauntov.ru/wp-admin/ HTTP/1.1" "302" 0 "http://razdacha-akkauntov.ru/wp-login.php" "Mozilla/5.0 (Windows; U; Windows NT 5.1; ru; rv:1.9.0.2) Gecko/2008091620 Firefox/3.0.2" "-" razdacha-akkauntov.ru
95.24.42.63 - - [08/May/2015:03:31:02 +0300] "GET /itll/headache.css HTTP/1.1" "200" 639 "http://trafsncklg.aska.ar.com/deaden-338/seriynyy-nomer-2-dlya-madzhesti-2-bestseller.html" "Mozilla/5.0 (compatible; MSIE 10.0; Windows NT 6.1; Trident/6.0; MATMJS)" "-" trafsncklg.aska.ar.com
95.24.42.63 - - [08/May/2015:03:31:02 +0300] "GET /vacant/sardonic.js HTTP/1.1" "200" 514 "http://trafsncklg.aska.ar.com/deaden-338/seriynyy-nomer-2-dlya-madzhesti-2-bestseller.html" "Mozilla/5.0 (compatible; MSIE 10.0; Windows NT 6.1; Trident/6.0; MATMJS)" "-" trafsncklg.aska.ar.com
190.195.160.2 - - [08/May/2015:03:31:02 +0300] "POST /administrator/index.php HTTP/1.1" "403" 407 "http://shkafrai.ru/administrator/index.php" "Mozilla/5.0 (Windows NT 6.1; WOW64; rv:17.0) Gecko/20100101 Firefox/17.0" "-" shkafrai.ru
77.106.228.178 - - [08/May/2015:03:31:02 +0300] "GET /members/szhs/index-image.jpg HTTP/1.1" "301" 316 "-" "Mozilla/4.0 (compatible; MSIE 7.0; Windows NT 6.1; WOW64; Trident/4.0; SLCC2; .NET CLR 2.0.50727; .NET CLR 3.5.30729; .NET CLR 3.0.30729; InfoPath.2; .NET4.0C; .NET4.0E; MSOffice 12)" "-" uksochi.ru
95.24.42.63 - - [08/May/2015:03:31:02 +0300] "GET /itll/plait.css HTTP/1.1" "200" 158 "http://trafsncklg.aska.ar.com/deaden-338/seriynyy-nomer-2-dlya-madzhesti-2-bestseller.html" "Mozilla/5.0 (compatible; MSIE 10.0; Windows NT 6.1; Trident/6.0; MATMJS)" "-" trafsncklg.aska.ar.com
95.24.42.63 - - [08/May/2015:03:31:02 +0300] "GET /itll/shout.css HTTP/1.1" "200" 675 "http://trafsncklg.aska.ar.com/deaden-338/seriynyy-nomer-2-dlya-madzhesti-2-bestseller.html" "Mozilla/5.0 (compatible; MSIE 10.0; Windows NT 6.1; Trident/6.0; MATMJS)" "-" trafsncklg.aska.ar.com
46.118.121.72 - - [08/May/2015:03:31:02 +0300] "GET http://razdacha-akkauntov.ru/wp-admin/ HTTP/1.1" "302" 0 "http://razdacha-akkauntov.ru/wp-login.php" "Mozilla/5.0 (Windows; U; Windows NT 5.1; ru; rv:1.9.0.2) Gecko/2008091620 Firefox/3.0.2" "-" razdacha-akkauntov.ru
188.165.15.14 - - [08/May/2015:03:31:02 +0300] "GET /?p=155 HTTP/1.1" "200" 7636 "-" "Mozilla/5.0 (compatible; AhrefsBot/5.0; +http://ahrefs.com/robot/)" "-" www.incident59.ru
77.106.228.178 - - [08/May/2015:03:31:02 +0300] "GET /members/szhs/index-image.jpg HTTP/1.1" "301" 316 "-" "Mozilla/4.0 (compatible; MSIE 7.0; Windows NT 6.1; WOW64; Trident/4.0; SLCC2; .NET CLR 2.0.50727; .NET CLR 3.5.30729; .NET CLR 3.0.30729; InfoPath.2; .NET4.0C; .NET4.0E; MSOffice 12)" "-" uksochi.ru
2a02:6b8:0:1a33:8ca8:91fa:d74b:2965 - - [08/May/2015:03:31:02 +0300] "GET / HTTP/1.1" "200" 10407 "-" "Mozilla/5.0 (compatible; YandexMetrika/2.0; +http://yandex.com/bots)" "-" vyazanie.natalia.ml
77.106.228.178 - - [08/May/2015:03:31:02 +0300] "GET /members/szhs/index-image.jpg HTTP/1.1" "301" 316 "-" "Mozilla/4.0 (compatible; MSIE 7.0; Windows NT 6.1; WOW64; Trident/4.0; SLCC2; .NET CLR 2.0.50727; .NET CLR 3.5.30729; .NET CLR 3.0.30729; InfoPath.2; .NET4.0C; .NET4.0E; MSOffice 12)" "-" uksochi.ru
5.255.253.108 - - [08/May/2015:03:31:02 +0300] "GET /ferguson-255/kak-poigrat-boevye-zadachi-world-of-tanks.html HTTP/1.1" "200" 1932 "-" "Mozilla/5.0 (compatible; YandexBot/3.0; +http://yandex.com/bots)" "-" ready-go-tdwat.stranno.bc7.ca
1.9.74.2 - - [08/May/2015:03:31:02 +0300] "GET /administrator/index.php HTTP/1.1" "404" 500 "-" "Mozilla/5.0 (Windows NT 6.2; rv:23.0) Gecko/20100101 Firefox/23.0" "-" ff6600.ru
197.36.251.176 - - [08/May/2015:03:31:02 +0300] "POST /wp-admin/admin-ajax.php HTTP/1.1" "200" 4488 "http://nokite-nolife.com/wp-admin/admin.php?page=wp-slim-view-1" "Mozilla/5.0 (Windows NT 6.3; WOW64) AppleWebKit/537.36 (KHTML, like Gecko) Chrome/41.0.2272.118 Safari/537.36 OPR/28.0.1750.51" "-" nokite-nolife.com
2a02:6b8:0:1a33:8ca8:91fa:d74b:2965 - - [08/May/2015:03:31:02 +0300] "GET /wp-includes/js/jquery/jquery-migrate.min.js?ver=1.2.1 HTTP/1.1" "200" 3080 "http://vyazanie.natalia.ml/" "Mozilla/5.0 (compatible; YandexMetrika/2.0; +http://yandex.com/bots)" "-" vyazanie.natalia.ml
46.118.121.72 - - [08/May/2015:03:31:02 +0300] "GET http://razdacha-akkauntov.ru/wp-admin/ HTTP/1.1" "302" 0 "http://razdacha-akkauntov.ru/wp-login.php" "Mozilla/5.0 (Windows; U; Windows NT 5.1; ru; rv:1.9.0.2) Gecko/2008091620 Firefox/3.0.2" "-" razdacha-akkauntov.ru
204.12.241.170 - - [08/May/2015:03:31:02 +0300] "GET /autoclaw/globalmakemoney HTTP/1.0" "200" 2988 "-" "Mozilla/5.0 (compatible; MJ12bot/v1.4.5; http://www.majestic12.co.uk/bot.php?+)" "-" aitaks-agro.ru
2a02:6b8:0:1a33:8ca8:91fa:d74b:2965 - - [08/May/2015:03:31:02 +0300] "GET /wp-content/themes/admired/js/modernizr-2.0.6.js?ver=2.0.6 HTTP/1.1" "200" 2317 "http://vyazanie.natalia.ml/" "Mozilla/5.0 (compatible; YandexMetrika/2.0; +http://yandex.com/bots)" "-" vyazanie.natalia.ml
77.106.228.178 - - [08/May/2015:03:31:02 +0300] "GET /members/szhs/index-image.jpg HTTP/1.1" "301" 316 "-" "Mozilla/4.0 (compatible; MSIE 7.0; Windows NT 6.1; WOW64; Trident/4.0; SLCC2; .NET CLR 2.0.50727; .NET CLR 3.5.30729; .NET CLR 3.0.30729; InfoPath.2; .NET4.0C; .NET4.0E; MSOffice 12)" "-" uksochi.ru
2a02:6b8:0:1a33:8ca8:91fa:d74b:2965 - - [08/May/2015:03:31:02 +0300] "GET /wp-content/plugins/auto-highslide/highslide/highslide-with-html.packed.js HTTP/1.1" "200" 14842 "http://vyazanie.natalia.ml/" "Mozilla/5.0 (compatible; YandexMetrika/2.0; +http://yandex.com/bots)" "-" vyazanie.natalia.ml
109.248.72.30 - - [08/May/2015:03:31:02 +0300] "POST /talk/taigachat/list.json HTTP/1.1" "200" 252 "http://cstriker.pro/talk/" "Mozilla/5.0 (Windows NT 6.1; WOW64) AppleWebKit/537.36 (KHTML, like Gecko) Chrome/42.0.2311.135 Safari/537.36" "-" cstriker.pro
46.118.121.72 - - [08/May/2015:03:31:02 +0300] "GET http://razdacha-akkauntov.ru/wp-admin/ HTTP/1.1" "302" 0 "http://razdacha-akkauntov.ru/wp-login.php" "Mozilla/5.0 (Windows; U; Windows NT 5.1; ru; rv:1.9.0.2) Gecko/2008091620 Firefox/3.0.2" "-" razdacha-akkauntov.ru
2a02:6b8:0:1a33:8ca8:91fa:d74b:2965 - - [08/May/2015:03:31:02 +0300] "GET /wp-includes/js/jquery/jquery.js?ver=1.11.0 HTTP/1.1" "200" 33436 "http://vyazanie.natalia.ml/" "Mozilla/5.0 (compatible; YandexMetrika/2.0; +http://yandex.com/bots)" "-" vyazanie.natalia.ml
77.106.228.178 - - [08/May/2015:03:31:02 +0300] "GET /members/szhs/index-image.jpg HTTP/1.1" "301" 316 "-" "Mozilla/4.0 (compatible; MSIE 7.0; Windows NT 6.1; WOW64; Trident/4.0; SLCC2; .NET CLR 2.0.50727; .NET CLR 3.5.30729; .NET CLR 3.0.30729; InfoPath.2; .NET4.0C; .NET4.0E; MSOffice 12)" "-" uksochi.ru
77.106.228.178 - - [08/May/2015:03:31:02 +0300] "GET /members/szhs/index-image.jpg HTTP/1.1" "301" 316 "-" "Mozilla/4.0 (compatible; MSIE 7.0; Windows NT 6.1; WOW64; Trident/4.0; SLCC2; .NET CLR 2.0.50727; .NET CLR 3.5.30729; .NET CLR 3.0.30729; InfoPath.2; .NET4.0C; .NET4.0E; MSOffice 12)" "-" uksochi.ru
190.195.160.2 - - [08/May/2015:03:31:03 +0300] "POST /administrator/index.php HTTP/1.1" "403" 407 "http://shkafrai.ru/administrator/index.php" "Mozilla/5.0 (Windows NT 6.1; WOW64; rv:17.0) Gecko/20100101 Firefox/17.0" "-" shkafrai.ru
77.106.228.178 - - [08/May/2015:03:31:03 +0300] "GET /members/szhs/index-image.jpg HTTP/1.1" "301" 316 "-" "Mozilla/4.0 (compatible; MSIE 7.0; Windows NT 6.1; WOW64; Trident/4.0; SLCC2; .NET CLR 2.0.50727; .NET CLR 3.5.30729; .NET CLR 3.0.30729; InfoPath.2; .NET4.0C; .NET4.0E; MSOffice 12)" "-" uksochi.ru
46.118.121.72 - - [08/May/2015:03:31:03 +0300] "GET http://razdacha-akkauntov.ru/wp-admin/ HTTP/1.1" "302" 0 "http://razdacha-akkauntov.ru/wp-login.php" "Mozilla/5.0 (Windows; U; Windows NT 5.1; ru; rv:1.9.0.2) Gecko/2008091620 Firefox/3.0.2" "-" razdacha-akkauntov.ru
201.254.106.234 - - [08/May/2015:03:31:03 +0300] "POST /administrator/index.php HTTP/1.1" "200" 5492 "http://provoloka34.ru/administrator/index.php" "Mozilla/5.0 (Windows NT 6.1; WOW64; rv:17.0) Gecko/20100101 Firefox/17.0" "-" provoloka34.ru
2a02:6b8:0:1a33:8ca8:91fa:d74b:2965 - - [08/May/2015:03:31:03 +0300] "GET /wp-content/themes/admired/js/superfish/superfish.js?ver=3.9.2 HTTP/1.1" "200" 1526 "http://vyazanie.natalia.ml/" "Mozilla/5.0 (compatible; YandexMetrika/2.0; +http://yandex.com/bots)" "-" vyazanie.natalia.ml
2a02:6b8:0:1a33:8ca8:91fa:d74b:2965 - - [08/May/2015:03:31:03 +0300] "GET /wp-content/themes/admired/js/superfish/hoverIntent.js?ver=3.9.2 HTTP/1.1" "200" 1237 "http://vyazanie.natalia.ml/" "Mozilla/5.0 (compatible; YandexMetrika/2.0; +http://yandex.com/bots)" "-" vyazanie.natalia.ml
46.118.121.72 - - [08/May/2015:03:31:03 +0300] "GET http://razdacha-akkauntov.ru/wp-admin/ HTTP/1.1" "302" 0 "http://razdacha-akkauntov.ru/wp-login.php" "Mozilla/5.0 (Windows; U; Windows NT 5.1; ru; rv:1.9.0.2) Gecko/2008091620 Firefox/3.0.2" "-" razdacha-akkauntov.ru
77.106.228.178 - - [08/May/2015:03:31:03 +0300] "GET /members/szhs/index-image.jpg HTTP/1.1" "301" 316 "-" "Mozilla/4.0 (compatible; MSIE 7.0; Windows NT 6.1; WOW64; Trident/4.0; SLCC2; .NET CLR 2.0.50727; .NET CLR 3.5.30729; .NET CLR 3.0.30729; InfoPath.2; .NET4.0C; .NET4.0E; MSOffice 12)" "-" uksochi.ru
77.106.228.178 - - [08/May/2015:03:31:03 +0300] "GET /members/szhs/index-image.jpg HTTP/1.1" "301" 316 "-" "Mozilla/4.0 (compatible; MSIE 7.0; Windows NT 6.1; WOW64; Trident/4.0; SLCC2; .NET CLR 2.0.50727; .NET CLR 3.5.30729; .NET CLR 3.0.30729; InfoPath.2; .NET4.0C; .NET4.0E; MSOffice 12)" "-" uksochi.ru
2a01:4f8:192:208c::2 - - [08/May/2015:03:31:03 +0300] "GET /izgotovlenie-vitrazhej/%27http:/google.com%27 HTTP/1.0" "404" 28002 "http://el48.ru/izgotovlenie-vitrazhej/" "'Mozilla/4.0 (compatible; MSIE 6.1; Windows NT 5.2)'" "-" el48.ru
188.42.240.119 - - [08/May/2015:03:31:03 +0300] "GET / HTTP/1.1" "403" 381 "-" "Opera/9.80 (X11; Linux x86_64; U; ru) Presto/2.2.15 Version/10.10" "-" walia.ru
77.106.228.178 - - [08/May/2015:03:31:03 +0300] "GET /members/szhs/index-image.jpg HTTP/1.1" "301" 316 "-" "Mozilla/4.0 (compatible; MSIE 7.0; Windows NT 6.1; WOW64; Trident/4.0; SLCC2; .NET CLR 2.0.50727; .NET CLR 3.5.30729; .NET CLR 3.0.30729; InfoPath.2; .NET4.0C; .NET4.0E; MSOffice 12)" "-" uksochi.ru
77.106.228.178 - - [08/May/2015:03:31:03 +0300] "GET /members/szhs/index-image.jpg HTTP/1.1" "301" 316 "-" "Mozilla/4.0 (compatible; MSIE 7.0; Windows NT 6.1; WOW64; Trident/4.0; SLCC2; .NET CLR 2.0.50727; .NET CLR 3.5.30729; .NET CLR 3.0.30729; InfoPath.2; .NET4.0C; .NET4.0E; MSOffice 12)" "-" uksochi.ru
46.4.12.20 - - [08/May/2015:03:31:03 +0300] "GET /shop/shop.php?mod=offers&act=list&category=124&page=425 HTTP/1.0" "200" 17784 "-" "Mozilla/5.0 (compatible; MJ12bot/v1.4.5; http://www.majestic12.co.uk/bot.php?+)" "-" fitsex.ru
46.118.121.72 - - [08/May/2015:03:31:03 +0300] "GET http://razdacha-akkauntov.ru/wp-admin/ HTTP/1.1" "302" 0 "http://razdacha-akkauntov.ru/wp-login.php" "Mozilla/5.0 (Windows; U; Windows NT 5.1; ru; rv:1.9.0.2) Gecko/2008091620 Firefox/3.0.2" "-" razdacha-akkauntov.ru
77.106.228.178 - - [08/May/2015:03:31:03 +0300] "GET /members/szhs/index-image.jpg HTTP/1.1" "301" 316 "-" "Mozilla/4.0 (compatible; MSIE 7.0; Windows NT 6.1; WOW64; Trident/4.0; SLCC2; .NET CLR 2.0.50727; .NET CLR 3.5.30729; .NET CLR 3.0.30729; InfoPath.2; .NET4.0C; .NET4.0E; MSOffice 12)" "-" uksochi.ru
46.118.121.72 - - [08/May/2015:03:31:03 +0300] "GET http://razdacha-akkauntov.ru/wp-admin/ HTTP/1.1" "302" 0 "http://razdacha-akkauntov.ru/wp-login.php" "Mozilla/5.0 (Windows; U; Windows NT 5.1; ru; rv:1.9.0.2) Gecko/2008091620 Firefox/3.0.2" "-" razdacha-akkauntov.ru
190.195.160.2 - - [08/May/2015:03:31:03 +0300] "POST /administrator/index.php HTTP/1.1" "403" 407 "http://shkafrai.ru/administrator/index.php" "Mozilla/5.0 (Windows NT 6.1; WOW64; rv:17.0) Gecko/20100101 Firefox/17.0" "-" shkafrai.ru
77.106.228.178 - - [08/May/2015:03:31:03 +0300] "GET /members/szhs/index-image.jpg HTTP/1.1" "301" 316 "-" "Mozilla/4.0 (compatible; MSIE 7.0; Windows NT 6.1; WOW64; Trident/4.0; SLCC2; .NET CLR 2.0.50727; .NET CLR 3.5.30729; .NET CLR 3.0.30729; InfoPath.2; .NET4.0C; .NET4.0E; MSOffice 12)" "-" uksochi.ru
77.106.228.178 - - [08/May/2015:03:31:03 +0300] "GET /members/szhs/index-image.jpg HTTP/1.1" "301" 316 "-" "Mozilla/4.0 (compatible; MSIE 7.0; Windows NT 6.1; WOW64; Trident/4.0; SLCC2; .NET CLR 2.0.50727; .NET CLR 3.5.30729; .NET CLR 3.0.30729; InfoPath.2; .NET4.0C; .NET4.0E; MSOffice 12)" "-" uksochi.ru
37.140.188.6 - - [08/May/2015:03:31:03 +0300] "GET /labs/0m2pqUSAqNM/atr-channel-700th-anniversary-of-the-mosque-of-uzbek-khan-in-stary-krym-english.html HTTP/1.1" "200" 5303 "-" "Mozilla/5.0 (compatible; YandexBot/3.0; +http://yandex.com/bots)" "-" transfer.e-bookinfo.ru
77.106.228.178 - - [08/May/2015:03:31:03 +0300] "GET /members/szhs/index-image.jpg HTTP/1.1" "301" 316 "-" "Mozilla/4.0 (compatible; MSIE 7.0; Windows NT 6.1; WOW64; Trident/4.0; SLCC2; .NET CLR 2.0.50727; .NET CLR 3.5.30729; .NET CLR 3.0.30729; InfoPath.2; .NET4.0C; .NET4.0E; MSOffice 12)" "-" uksochi.ru
46.118.121.72 - - [08/May/2015:03:31:03 +0300] "GET http://razdacha-akkauntov.ru/wp-admin/ HTTP/1.1" "302" 0 "http://razdacha-akkauntov.ru/wp-login.php" "Mozilla/5.0 (Windows; U; Windows NT 5.1; ru; rv:1.9.0.2) Gecko/2008091620 Firefox/3.0.2" "-" razdacha-akkauntov.ru
46.118.121.72 - - [08/May/2015:03:31:03 +0300] "GET http://razdacha-akkauntov.ru/wp-admin/ HTTP/1.1" "302" 0 "http://razdacha-akkauntov.ru/wp-login.php" "Mozilla/5.0 (Windows; U; Windows NT 5.1; ru; rv:1.9.0.2) Gecko/2008091620 Firefox/3.0.2" "-" razdacha-akkauntov.ru
77.106.228.178 - - [08/May/2015:03:31:03 +0300] "GET /members/szhs/index-image.jpg HTTP/1.1" "301" 316 "-" "Mozilla/4.0 (compatible; MSIE 7.0; Windows NT 6.1; WOW64; Trident/4.0; SLCC2; .NET CLR 2.0.50727; .NET CLR 3.5.30729; .NET CLR 3.0.30729; InfoPath.2; .NET4.0C; .NET4.0E; MSOffice 12)" "-" uksochi.ru
193.232.121.204 - - [08/May/2015:03:31:03 +0300] "GET /?p=19772 HTTP/1.1" "200" 8865 "-" "Mozilla/5.0 (compatible; MSIE 9.0; Windows NT 7.1; Trident/5.0)" "-" kungur-online.ru
77.106.228.178 - - [08/May/2015:03:31:03 +0300] "GET /members/szhs/index-image.jpg HTTP/1.1" "301" 316 "-" "Mozilla/4.0 (compatible; MSIE 7.0; Windows NT 6.1; WOW64; Trident/4.0; SLCC2; .NET CLR 2.0.50727; .NET CLR 3.5.30729; .NET CLR 3.0.30729; InfoPath.2; .NET4.0C; .NET4.0E; MSOffice 12)" "-" uksochi.ru
178.154.243.113 - - [08/May/2015:03:31:03 +0300] "GET /board/index.php?/tags/members/push-pulse%25252525252525252525252525252525252525252525252525252525252525252525252525252525252525252525252525252525252525252525252525252525252525252525252525252525252525252525252525252525252525252525252525252525252525252525252525252525252525252525252525252525252525252525252Bresident%25252525252525252525252525252525252525252525252525252525252525252525252525252525252525252525252525252525252525252525252525252525252525252525252525252525252525252525252525252525252525252525252525252525252525252525252525252525252525252525252525252525252525252525252Bevil%25252525252525252525252525252525252525252525252525252525252525252525252525252525252525252525252525252525252525252525252525252525252525252525252525252525252525252525252525252525252525252525252525252525252525252525252525252525252525252525252525252525252525252525252Bdigi/ HTTP/1.1" "200" 7459 "-" "Mozilla/5.0 (compatible; YandexBot/3.0; +http://yandex.com/bots)" "-" www.residentevillive.ru
77.106.228.178 - - [08/May/2015:03:31:03 +0300] "GET /members/szhs/index-image.jpg HTTP/1.1" "301" 316 "-" "Mozilla/4.0 (compatible; MSIE 7.0; Windows NT 6.1; WOW64; Trident/4.0; SLCC2; .NET CLR 2.0.50727; .NET CLR 3.5.30729; .NET CLR 3.0.30729; InfoPath.2; .NET4.0C; .NET4.0E; MSOffice 12)" "-" uksochi.ru
173.242.113.188 - - [08/May/2015:03:31:03 +0300] "GET /autor/DownloadAndPrint HTTP/1.0" "404" 3279 "-" "Mozilla/5.0 (compatible; MJ12bot/v1.4.5; http://www.majestic12.co.uk/bot.php?+)" "-" shoes.po-007.net
188.226.169.228 - - [08/May/2015:03:31:03 +0300] "GET /ru HTTP/1.1" "404" 382 "-" "Mozilla/5.0 (Windows NT 6.2; WOW64) AppleWebKit/537.4 (KHTML, like Gecko) Chrome/98 Safari/537.4 (StatusCake)" "-" nikitan.ga
192.0.99.250 - - [08/May/2015:03:31:03 +0300] "GET /web/stuff/uploads/2014/02/819372.jpg HTTP/1.1" "200" 80180 "-" "Photon/1.0" "-" reftlife.ru
46.118.121.72 - - [08/May/2015:03:31:03 +0300] "GET http://razdacha-akkauntov.ru/wp-admin/ HTTP/1.1" "302" 0 "http://razdacha-akkauntov.ru/wp-login.php" "Mozilla/5.0 (Windows; U; Windows NT 5.1; ru; rv:1.9.0.2) Gecko/2008091620 Firefox/3.0.2" "-" razdacha-akkauntov.ru
77.106.228.178 - - [08/May/2015:03:31:03 +0300] "GET /members/szhs/index-image.jpg HTTP/1.1" "301" 316 "-" "Mozilla/4.0 (compatible; MSIE 7.0; Windows NT 6.1; WOW64; Trident/4.0; SLCC2; .NET CLR 2.0.50727; .NET CLR 3.5.30729; .NET CLR 3.0.30729; InfoPath.2; .NET4.0C; .NET4.0E; MSOffice 12)" "-" uksochi.ru
5.9.102.177 - - [08/May/2015:03:31:03 +0300] "GET /wp-content/uploads/2013/02/cache.php?skc=/wp-content/uploads/xiry950x350.jpg HTTP/1.1" "200" 17569 "http://tsg-c8.ru/" "Mozilla/5.0 (Windows; U; Windows NT 5.1; ru-RU) AppleWebKit/525.19 (KHTML, like Gecko) Version/3.1.2 Safari/525.21" "-" tsg-c8.ru
188.162.14.10 - - [08/May/2015:03:31:03 +0300] "GET /admin/index.php?route=setting/store&token=42d7d6006dd01dadf0bd911e29823f02 HTTP/1.1" "200" 3545 "http://pinetki24.ru/admin/index.php?route=setting/setting&token=42d7d6006dd01dadf0bd911e29823f02" "Mozilla/5.0 (Windows NT 6.3; WOW64) AppleWebKit/537.36 (KHTML, like Gecko) Chrome/42.0.2311.135 Safari/537.36" "-" pinetki24.ru
207.46.13.64 - - [08/May/2015:03:31:03 +0300] "GET /product/5291/ HTTP/1.1" "200" 9323 "-" "Mozilla/5.0 (compatible; bingbot/2.0; +http://www.bing.com/bingbot.htm)" "-" print197.ru
31.47.144.41 - - [08/May/2015:03:31:03 +0300] "POST /wp-admin/theme-editor.php HTTP/1.1" "302" 20 "http://www.brauwser.ru/wp-admin/theme-editor.php?file=single.php&theme=coupon&scrollto=666" "Mozilla/5.0 (Windows NT 6.1) AppleWebKit/537.36 (KHTML, like Gecko) Chrome/42.0.2311.90 Safari/537.36 OPR/29.0.1795.47" "-" www.brauwser.ru
46.118.121.72 - - [08/May/2015:03:31:03 +0300] "GET http://razdacha-akkauntov.ru/wp-admin/ HTTP/1.1" "302" 0 "http://razdacha-akkauntov.ru/wp-login.php" "Mozilla/5.0 (Windows; U; Windows NT 5.1; ru; rv:1.9.0.2) Gecko/2008091620 Firefox/3.0.2" "-" razdacha-akkauntov.ru
93.158.172.253 - - [08/May/2015:03:31:03 +0300] "GET /rss/ HTTP/1.1" "200" 7279 "-" "Mozilla/5.0 (compatible; YandexNews/3.0; +http://yandex.com/bots)" "-" www.otpusk31.ru
207.46.13.53 - - [08/May/2015:03:31:03 +0300] "GET /paqo/fqhi6285.php HTTP/1.1" "200" 2479 "-" "Mozilla/5.0 (compatible; bingbot/2.0; +http://www.bing.com/bingbot.htm)" "-" online-films24.com
190.195.160.2 - - [08/May/2015:03:31:03 +0300] "POST /administrator/index.php HTTP/1.1" "403" 407 "http://shkafrai.ru/administrator/index.php" "Mozilla/5.0 (Windows NT 6.1; WOW64; rv:17.0) Gecko/20100101 Firefox/17.0" "-" shkafrai.ru
77.106.228.178 - - [08/May/2015:03:31:03 +0300] "GET /members/szhs/index-image.jpg HTTP/1.1" "301" 316 "-" "Mozilla/4.0 (compatible; MSIE 7.0; Windows NT 6.1; WOW64; Trident/4.0; SLCC2; .NET CLR 2.0.50727; .NET CLR 3.5.30729; .NET CLR 3.0.30729; InfoPath.2; .NET4.0C; .NET4.0E; MSOffice 12)" "-" uksochi.ru
46.118.158.185 - - [08/May/2015:03:31:03 +0300] "GET /auth/error.html HTTP/1.0" "200" 1517 "http://ivdel-city.ru/auth/error.html" "Mozilla/5.0 (Windows NT 5.1; rv:16.0) Gecko/20121026 Firefox/16.0 SeaMonkey/2.13.2" "-" ivdel-city.ru
5.255.253.108 - - [08/May/2015:03:31:03 +0300] "GET /index.php/viewtopic.php?f=14&t=794&p=26169 HTTP/1.1" "200" 16710 "-" "Mozilla/5.0 (compatible; YandexBot/3.0; +http://yandex.com/bots)" "-" forum.diplomail.ru
77.106.228.178 - - [08/May/2015:03:31:03 +0300] "GET /members/szhs/index-image.jpg HTTP/1.1" "301" 316 "-" "Mozilla/4.0 (compatible; MSIE 7.0; Windows NT 6.1; WOW64; Trident/4.0; SLCC2; .NET CLR 2.0.50727; .NET CLR 3.5.30729; .NET CLR 3.0.30729; InfoPath.2; .NET4.0C; .NET4.0E; MSOffice 12)" "-" uksochi.ru
46.216.0.182 - - [08/May/2015:03:31:03 +0300] "POST /administrator/index.php HTTP/1.0" "303" 0 "-" "Mozilla/5.0 (Windows NT 6.1; WOW64) AppleWebKit/537.36 (KHTML, like Gecko) Chrome/36.0.1985.125 Safari/537.36" "-" magazinotido.ru
77.106.228.178 - - [08/May/2015:03:31:03 +0300] "GET /members/szhs/index-image.jpg HTTP/1.1" "301" 316 "-" "Mozilla/4.0 (compatible; MSIE 7.0; Windows NT 6.1; WOW64; Trident/4.0; SLCC2; .NET CLR 2.0.50727; .NET CLR 3.5.30729; .NET CLR 3.0.30729; InfoPath.2; .NET4.0C; .NET4.0E; MSOffice 12)" "-" uksochi.ru
141.101.80.164 - - [08/May/2015:03:31:03 +0300] "GET /wp-admin/themes.php?page=Aspen&settings-updated=true HTTP/1.1" "200" 55098 "http://pn14.org/wp-admin/themes.php?page=Aspen" "Mozilla/5.0 (Windows NT 6.1; WOW64) AppleWebKit/537.36 (KHTML, like Gecko) Chrome/42.0.2311.135 Safari/537.36" "95.32.122.20" pn14.org
46.118.121.72 - - [08/May/2015:03:31:03 +0300] "GET http://razdacha-akkauntov.ru/wp-admin/ HTTP/1.1" "302" 0 "http://razdacha-akkauntov.ru/wp-login.php" "Mozilla/5.0 (Windows; U; Windows NT 5.1; ru; rv:1.9.0.2) Gecko/2008091620 Firefox/3.0.2" "-" razdacha-akkauntov.ru
77.106.228.178 - - [08/May/2015:03:31:03 +0300] "GET /members/szhs/index-image.jpg HTTP/1.1" "301" 316 "-" "Mozilla/4.0 (compatible; MSIE 7.0; Windows NT 6.1; WOW64; Trident/4.0; SLCC2; .NET CLR 2.0.50727; .NET CLR 3.5.30729; .NET CLR 3.0.30729; InfoPath.2; .NET4.0C; .NET4.0E; MSOffice 12)" "-" uksochi.ru
46.118.121.72 - - [08/May/2015:03:31:03 +0300] "GET http://razdacha-akkauntov.ru/wp-admin/ HTTP/1.1" "302" 0 "http://razdacha-akkauntov.ru/wp-login.php" "Mozilla/5.0 (Windows; U; Windows NT 5.1; ru; rv:1.9.0.2) Gecko/2008091620 Firefox/3.0.2" "-" razdacha-akkauntov.ru
31.47.144.41 - - [08/May/2015:03:31:03 +0300] "GET /wp-admin/theme-editor.php?file=single.php&theme=coupon&scrollto=666&updated=true HTTP/1.1" "200" 11694 "http://www.brauwser.ru/wp-admin/theme-editor.php?file=single.php&theme=coupon&scrollto=666" "Mozilla/5.0 (Windows NT 6.1) AppleWebKit/537.36 (KHTML, like Gecko) Chrome/42.0.2311.90 Safari/537.36 OPR/29.0.1795.47" "-" www.brauwser.ru
77.106.228.178 - - [08/May/2015:03:31:03 +0300] "GET /members/szhs/index-image.jpg HTTP/1.1" "301" 316 "-" "Mozilla/4.0 (compatible; MSIE 7.0; Windows NT 6.1; WOW64; Trident/4.0; SLCC2; .NET CLR 2.0.50727; .NET CLR 3.5.30729; .NET CLR 3.0.30729; InfoPath.2; .NET4.0C; .NET4.0E; MSOffice 12)" "-" uksochi.ru
77.106.228.178 - - [08/May/2015:03:31:03 +0300] "GET /members/szhs/index-image.jpg HTTP/1.1" "301" 316 "-" "Mozilla/4.0 (compatible; MSIE 7.0; Windows NT 6.1; WOW64; Trident/4.0; SLCC2; .NET CLR 2.0.50727; .NET CLR 3.5.30729; .NET CLR 3.0.30729; InfoPath.2; .NET4.0C; .NET4.0E; MSOffice 12)" "-" uksochi.ru
46.216.0.182 - - [08/May/2015:03:31:03 +0300] "GET /administrator/index.php HTTP/1.0" "200" 4179 "-" "Mozilla/5.0 (Windows NT 6.1; WOW64) AppleWebKit/537.36 (KHTML, like Gecko) Chrome/36.0.1985.125 Safari/537.36" "-" magazinotido.ru
77.106.228.178 - - [08/May/2015:03:31:04 +0300] "GET /members/szhs/index-image.jpg HTTP/1.1" "301" 316 "-" "Mozilla/4.0 (compatible; MSIE 7.0; Windows NT 6.1; WOW64; Trident/4.0; SLCC2; .NET CLR 2.0.50727; .NET CLR 3.5.30729; .NET CLR 3.0.30729; InfoPath.2; .NET4.0C; .NET4.0E; MSOffice 12)" "-" uksochi.ru
190.195.160.2 - - [08/May/2015:03:31:04 +0300] "POST /administrator/index.php HTTP/1.1" "403" 407 "http://shkafrai.ru/administrator/index.php" "Mozilla/5.0 (Windows NT 6.1; WOW64; rv:17.0) Gecko/20100101 Firefox/17.0" "-" shkafrai.ru
46.118.121.72 - - [08/May/2015:03:31:04 +0300] "GET http://razdacha-akkauntov.ru/wp-admin/ HTTP/1.1" "302" 0 "http://razdacha-akkauntov.ru/wp-login.php" "Mozilla/5.0 (Windows; U; Windows NT 5.1; ru; rv:1.9.0.2) Gecko/2008091620 Firefox/3.0.2" "-" razdacha-akkauntov.ru
201.254.106.234 - - [08/May/2015:03:31:04 +0300] "POST /administrator/index.php HTTP/1.1" "200" 5820 "http://provoloka34.ru/administrator/index.php" "Mozilla/5.0 (Windows NT 6.1; WOW64; rv:17.0) Gecko/20100101 Firefox/17.0" "-" provoloka34.ru
77.106.228.178 - - [08/May/2015:03:31:04 +0300] "GET /members/szhs/index-image.jpg HTTP/1.1" "301" 316 "-" "Mozilla/4.0 (compatible; MSIE 7.0; Windows NT 6.1; WOW64; Trident/4.0; SLCC2; .NET CLR 2.0.50727; .NET CLR 3.5.30729; .NET CLR 3.0.30729; InfoPath.2; .NET4.0C; .NET4.0E; MSOffice 12)" "-" uksochi.ru
46.118.121.72 - - [08/May/2015:03:31:04 +0300] "GET http://razdacha-akkauntov.ru/wp-admin/ HTTP/1.1" "302" 0 "http://razdacha-akkauntov.ru/wp-login.php" "Mozilla/5.0 (Windows; U; Windows NT 5.1; ru; rv:1.9.0.2) Gecko/2008091620 Firefox/3.0.2" "-" razdacha-akkauntov.ru
77.106.228.178 - - [08/May/2015:03:31:04 +0300] "GET /members/szhs/index-image.jpg HTTP/1.1" "301" 316 "-" "Mozilla/4.0 (compatible; MSIE 7.0; Windows NT 6.1; WOW64; Trident/4.0; SLCC2; .NET CLR 2.0.50727; .NET CLR 3.5.30729; .NET CLR 3.0.30729; InfoPath.2; .NET4.0C; .NET4.0E; MSOffice 12)" "-" uksochi.ru
46.216.0.182 - - [08/May/2015:03:31:04 +0300] "GET /administrator/index.php HTTP/1.1" "200" 3927 "-" "Mozilla/5.0 (Windows NT 6.1; WOW64) AppleWebKit/537.36 (KHTML, like Gecko) Chrome/36.0.1985.125 Safari/537.36" "-" magazinotido.ru
77.106.228.178 - - [08/May/2015:03:31:04 +0300] "GET /members/szhs/index-image.jpg HTTP/1.1" "301" 316 "-" "Mozilla/4.0 (compatible; MSIE 7.0; Windows NT 6.1; WOW64; Trident/4.0; SLCC2; .NET CLR 2.0.50727; .NET CLR 3.5.30729; .NET CLR 3.0.30729; InfoPath.2; .NET4.0C; .NET4.0E; MSOffice 12)" "-" uksochi.ru
91.225.73.51 - - [08/May/2015:03:31:04 +0300] "GET /uploads/posts/2011-05/1305691065_diz1.jpg HTTP/1.1" "200" 69972 "-" "Mozilla/5.0 (Linux; Android 4.4.2; GT-P5210 Build/KOT49H) AppleWebKit/537.36 (KHTML, like Gecko) Version/4.0 Chrome/30.0.0.0 Safari/537.36 GSA/3.3.11.1069658.arm" "-" www.fazenda-box.ru
77.106.228.178 - - [08/May/2015:03:31:04 +0300] "GET /members/szhs/index-image.jpg HTTP/1.1" "301" 316 "-" "Mozilla/4.0 (compatible; MSIE 7.0; Windows NT 6.1; WOW64; Trident/4.0; SLCC2; .NET CLR 2.0.50727; .NET CLR 3.5.30729; .NET CLR 3.0.30729; InfoPath.2; .NET4.0C; .NET4.0E; MSOffice 12)" "-" uksochi.ru
46.118.121.72 - - [08/May/2015:03:31:04 +0300] "GET http://razdacha-akkauntov.ru/wp-admin/ HTTP/1.1" "302" 0 "http://razdacha-akkauntov.ru/wp-login.php" "Mozilla/5.0 (Windows; U; Windows NT 5.1; ru; rv:1.9.0.2) Gecko/2008091620 Firefox/3.0.2" "-" razdacha-akkauntov.ru
1.9.74.2 - - [08/May/2015:03:31:04 +0300] "GET /bitrix/admin/index.php?lang=en HTTP/1.1" "404" 507 "-" "Mozilla/5.0 (Windows NT 6.2; rv:23.0) Gecko/20100101 Firefox/23.0" "-" ff6600.ru
77.106.228.178 - - [08/May/2015:03:31:04 +0300] "GET /members/szhs/index-image.jpg HTTP/1.1" "301" 316 "-" "Mozilla/4.0 (compatible; MSIE 7.0; Windows NT 6.1; WOW64; Trident/4.0; SLCC2; .NET CLR 2.0.50727; .NET CLR 3.5.30729; .NET CLR 3.0.30729; InfoPath.2; .NET4.0C; .NET4.0E; MSOffice 12)" "-" uksochi.ru
46.118.121.72 - - [08/May/2015:03:31:04 +0300] "GET http://razdacha-akkauntov.ru/wp-admin/ HTTP/1.1" "302" 0 "http://razdacha-akkauntov.ru/wp-login.php" "Mozilla/5.0 (Windows; U; Windows NT 5.1; ru; rv:1.9.0.2) Gecko/2008091620 Firefox/3.0.2" "-" razdacha-akkauntov.ru
91.222.16.12 - - [08/May/2015:03:31:04 +0300] "GET /88x31.png HTTP/1.1" "200" 1915 "http://bonos.ru/" "Mozilla/4.0 (compatible; MSIE 7.0; Windows NT 6.1; WOW64; Trident/4.0; SLCC2; .NET CLR 2.0.50727; .NET CLR 3.5.30729; .NET CLR 3.0.30729; Media Center PC 6.0; InfoPath.1; .NET4.0C)" "-" obmen.9ts.ru
2a01:4f8:192:208c::2 - - [08/May/2015:03:31:04 +0300] "GET /xranenie-pilomaterialov-priobretennyx-dlya-stroitelstva-kryshi-iz-ondulina-neskolko-poleznyx-sovetov/'http://google.com' HTTP/1.0" "301" 0 "http://el48.ru/xranenie-pilomaterialov-priobretennyx-dlya-stroitelstva-kryshi-iz-ondulina-neskolko-poleznyx-sovetov/" "'Mozilla/4.0 (compatible; MSIE 6.1; Windows NT 5.2)'" "-" el48.ru
77.106.228.178 - - [08/May/2015:03:31:04 +0300] "GET /members/szhs/index-image.jpg HTTP/1.1" "301" 316 "-" "Mozilla/4.0 (compatible; MSIE 7.0; Windows NT 6.1; WOW64; Trident/4.0; SLCC2; .NET CLR 2.0.50727; .NET CLR 3.5.30729; .NET CLR 3.0.30729; InfoPath.2; .NET4.0C; .NET4.0E; MSOffice 12)" "-" uksochi.ru
190.195.160.2 - - [08/May/2015:03:31:04 +0300] "POST /administrator/index.php HTTP/1.1" "403" 407 "http://shkafrai.ru/administrator/index.php" "Mozilla/5.0 (Windows NT 6.1; WOW64; rv:17.0) Gecko/20100101 Firefox/17.0" "-" shkafrai.ru
91.222.16.12 - - [08/May/2015:03:31:04 +0300] "GET /88x.31.png HTTP/1.1" "200" 4961 "http://bonos.ru/" "Mozilla/4.0 (compatible; MSIE 7.0; Windows NT 6.1; WOW64; Trident/4.0; SLCC2; .NET CLR 2.0.50727; .NET CLR 3.5.30729; .NET CLR 3.0.30729; Media Center PC 6.0; InfoPath.1; .NET4.0C)" "-" obmen.9ts.ru
69.16.226.120 - - [08/May/2015:03:31:04 +0300] "POST /tmp/dirs.php HTTP/1.1" "200" 7571 "-" "Mozilla/5.0 (Windows; U; Windows NT 5.1; zh-CN; rv:1.7.6)" "-" pokerschuler.com
77.106.228.178 - - [08/May/2015:03:31:04 +0300] "GET /members/szhs/index-image.jpg HTTP/1.1" "301" 316 "-" "Mozilla/4.0 (compatible; MSIE 7.0; Windows NT 6.1; WOW64; Trident/4.0; SLCC2; .NET CLR 2.0.50727; .NET CLR 3.5.30729; .NET CLR 3.0.30729; InfoPath.2; .NET4.0C; .NET4.0E; MSOffice 12)" "-" uksochi.ru
5.255.253.108 - - [08/May/2015:03:31:04 +0300] "GET /labs/yi98f3KMCSg/kak-bystree-nakachatsya-doma-s-dmitriyxfit-trenirovka-2.html HTTP/1.1" "200" 5571 "-" "Mozilla/5.0 (compatible; YandexBot/3.0; +http://yandex.com/bots)" "-" transfer.e-bookinfo.ru
2a00:b700:1::31 - - [08/May/2015:03:31:04 +0300] "GET /cron/notifications.php HTTP/1.0" "200" 31 "-" "Wget/1.12 (linux-gnu)" "-" change365.ru
46.118.121.72 - - [08/May/2015:03:31:04 +0300] "GET http://razdacha-akkauntov.ru/wp-admin/ HTTP/1.1" "302" 0 "http://razdacha-akkauntov.ru/wp-login.php" "Mozilla/5.0 (Windows; U; Windows NT 5.1; ru; rv:1.9.0.2) Gecko/2008091620 Firefox/3.0.2" "-" razdacha-akkauntov.ru
77.106.228.178 - - [08/May/2015:03:31:04 +0300] "GET /members/szhs/index-image.jpg HTTP/1.1" "301" 316 "-" "Mozilla/4.0 (compatible; MSIE 7.0; Windows NT 6.1; WOW64; Trident/4.0; SLCC2; .NET CLR 2.0.50727; .NET CLR 3.5.30729; .NET CLR 3.0.30729; InfoPath.2; .NET4.0C; .NET4.0E; MSOffice 12)" "-" uksochi.ru
144.76.23.117 - - [08/May/2015:03:31:04 +0300] "GET /?p=37982 HTTP/1.1" "200" 6990 "-" "Mozilla/5.0 (X11; U; Linux i686; en_US; rv:1.8.1b1) Gecko/20060813 Firefox/2.0b1" "-" www.incident59.ru
199.16.156.125 - - [08/May/2015:03:31:04 +0300] "GET /robots.txt HTTP/1.1" "200" 103 "-" "Twitterbot/1.0" "-" trafsknnuu.aska.ar.com
31.47.144.41 - - [08/May/2015:03:31:04 +0300] "GET /favicon.ico HTTP/1.1" "200" 20 "http://www.brauwser.ru/wp-admin/theme-editor.php?file=single.php&theme=coupon&scrollto=666" "Mozilla/5.0 (Windows NT 6.1) AppleWebKit/537.36 (KHTML, like Gecko) Chrome/42.0.2311.90 Safari/537.36 OPR/29.0.1795.47" "-" www.brauwser.ru
147.30.55.239 - - [08/May/2015:03:31:04 +0300] "GET /wp-content/uploads/2015/01/145.jpg HTTP/1.1" "200" 870820 "https://www.google.kz/" "Mozilla/5.0 (iPhone; CPU iPhone OS 8_1_1 like Mac OS X) AppleWebKit/600.1.4 (KHTML, like Gecko) Version/8.0 Mobile/12B436 Safari/600.1.4" "-" geeksclub.ru
46.118.121.72 - - [08/May/2015:03:31:04 +0300] "GET http://razdacha-akkauntov.ru/wp-admin/ HTTP/1.1" "302" 0 "http://razdacha-akkauntov.ru/wp-login.php" "Mozilla/5.0 (Windows; U; Windows NT 5.1; ru; rv:1.9.0.2) Gecko/2008091620 Firefox/3.0.2" "-" razdacha-akkauntov.ru
77.106.228.178 - - [08/May/2015:03:31:04 +0300] "GET /members/szhs/index-image.jpg HTTP/1.1" "301" 316 "-" "Mozilla/4.0 (compatible; MSIE 7.0; Windows NT 6.1; WOW64; Trident/4.0; SLCC2; .NET CLR 2.0.50727; .NET CLR 3.5.30729; .NET CLR 3.0.30729; InfoPath.2; .NET4.0C; .NET4.0E; MSOffice 12)" "-" uksochi.ru
77.106.228.178 - - [08/May/2015:03:31:04 +0300] "GET /members/szhs/index-image.jpg HTTP/1.1" "301" 316 "-" "Mozilla/4.0 (compatible; MSIE 7.0; Windows NT 6.1; WOW64; Trident/4.0; SLCC2; .NET CLR 2.0.50727; .NET CLR 3.5.30729; .NET CLR 3.0.30729; InfoPath.2; .NET4.0C; .NET4.0E; MSOffice 12)" "-" uksochi.ru
201.254.106.234 - - [08/May/2015:03:31:04 +0300] "POST /administrator/index.php HTTP/1.1" "200" 5492 "http://provoloka34.ru/administrator/index.php" "Mozilla/5.0 (Windows NT 6.1; WOW64; rv:17.0) Gecko/20100101 Firefox/17.0" "-" provoloka34.ru
77.106.228.178 - - [08/May/2015:03:31:04 +0300] "GET /members/szhs/index-image.jpg HTTP/1.1" "301" 316 "-" "Mozilla/4.0 (compatible; MSIE 7.0; Windows NT 6.1; WOW64; Trident/4.0; SLCC2; .NET CLR 2.0.50727; .NET CLR 3.5.30729; .NET CLR 3.0.30729; InfoPath.2; .NET4.0C; .NET4.0E; MSOffice 12)" "-" uksochi.ru
2a00:b700:1::3 - - [08/May/2015:03:31:04 +0300] "POST /wp-cron.php?doing_wp_cron=1431045060.6970140933990478515625 HTTP/1.0" "200" 0 "-" "WordPress/3.9.2; http://vyazanie.natalia.ml" "-" vyazanie.natalia.ml
77.106.228.178 - - [08/May/2015:03:31:04 +0300] "GET /members/szhs/index-image.jpg HTTP/1.1" "301" 316 "-" "Mozilla/4.0 (compatible; MSIE 7.0; Windows NT 6.1; WOW64; Trident/4.0; SLCC2; .NET CLR 2.0.50727; .NET CLR 3.5.30729; .NET CLR 3.0.30729; InfoPath.2; .NET4.0C; .NET4.0E; MSOffice 12)" "-" uksochi.ru
95.108.158.238 - - [08/May/2015:03:31:04 +0300] "GET /watch/bvdB9cPHqoU/philips-vkontakte-part-1.html HTTP/1.1" "200" 5281 "-" "Mozilla/5.0 (compatible; YandexBot/3.0; +http://yandex.com/bots)" "-" multibags.tenerifepedia.ru
199.16.156.125 - - [08/May/2015:03:31:04 +0300] "GET /sinning-390/chto-takoe-hide.htm HTTP/1.1" "200" 2190 "-" "Twitterbot/1.0" "-" trafsknnuu.aska.ar.com
46.118.121.72 - - [08/May/2015:03:31:04 +0300] "GET http://razdacha-akkauntov.ru/wp-admin/ HTTP/1.1" "302" 0 "http://razdacha-akkauntov.ru/wp-login.php" "Mozilla/5.0 (Windows; U; Windows NT 5.1; ru; rv:1.9.0.2) Gecko/2008091620 Firefox/3.0.2" "-" razdacha-akkauntov.ru
1.9.74.2 - - [08/May/2015:03:31:04 +0300] "GET /admin/index.php HTTP/1.1" "404" 492 "-" "Mozilla/5.0 (Windows NT 6.2; rv:23.0) Gecko/20100101 Firefox/23.0" "-" ff6600.ru
2a00:b700:1::31 - - [08/May/2015:03:31:04 +0300] "GET /cron/update_courses.php HTTP/1.0" "200" 37 "-" "Wget/1.12 (linux-gnu)" "-" change365.ru
190.195.160.2 - - [08/May/2015:03:31:04 +0300] "POST /administrator/index.php HTTP/1.1" "403" 407 "http://shkafrai.ru/administrator/index.php" "Mozilla/5.0 (Windows NT 6.1; WOW64; rv:17.0) Gecko/20100101 Firefox/17.0" "-" shkafrai.ru
77.106.228.178 - - [08/May/2015:03:31:04 +0300] "GET /members/szhs/index-image.jpg HTTP/1.1" "301" 316 "-" "Mozilla/4.0 (compatible; MSIE 7.0; Windows NT 6.1; WOW64; Trident/4.0; SLCC2; .NET CLR 2.0.50727; .NET CLR 3.5.30729; .NET CLR 3.0.30729; InfoPath.2; .NET4.0C; .NET4.0E; MSOffice 12)" "-" uksochi.ru
46.118.121.72 - - [08/May/2015:03:31:04 +0300] "GET http://razdacha-akkauntov.ru/wp-admin/ HTTP/1.1" "302" 0 "http://razdacha-akkauntov.ru/wp-login.php" "Mozilla/5.0 (Windows; U; Windows NT 5.1; ru; rv:1.9.0.2) Gecko/2008091620 Firefox/3.0.2" "-" razdacha-akkauntov.ru
46.4.232.205 - - [08/May/2015:03:31:04 +0300] "POST /wp-login.php HTTP/1.0" "200" 3887 "http://lagnet.ru/wp-login.php" "Opera/9.80 (Windows NT 6.1; U; ru) Presto/2.8.131 Version/11.10" "-" lagnet.ru
77.106.228.178 - - [08/May/2015:03:31:04 +0300] "GET /members/szhs/index-image.jpg HTTP/1.1" "301" 316 "-" "Mozilla/4.0 (compatible; MSIE 7.0; Windows NT 6.1; WOW64; Trident/4.0; SLCC2; .NET CLR 2.0.50727; .NET CLR 3.5.30729; .NET CLR 3.0.30729; InfoPath.2; .NET4.0C; .NET4.0E; MSOffice 12)" "-" uksochi.ru
157.55.39.164 - - [08/May/2015:03:31:04 +0300] "GET /robots.txt HTTP/1.1" "404" 495 "-" "Mozilla/5.0 (compatible; bingbot/2.0; +http://www.bing.com/bingbot.htm)" "-" www.pripisnov.com
69.28.199.50 - - [08/May/2015:03:31:04 +0300] "POST /wp-login.php HTTP/1.0" "404" 40598 "-" "-" "-" tsg-c8.ru
77.106.228.178 - - [08/May/2015:03:31:04 +0300] "GET /members/szhs/index-image.jpg HTTP/1.1" "301" 316 "-" "Mozilla/4.0 (compatible; MSIE 7.0; Windows NT 6.1; WOW64; Trident/4.0; SLCC2; .NET CLR 2.0.50727; .NET CLR 3.5.30729; .NET CLR 3.0.30729; InfoPath.2; .NET4.0C; .NET4.0E; MSOffice 12)" "-" uksochi.ru
178.159.253.91 - - [08/May/2015:03:31:04 +0300] "POST /plugins/editors/tinymce/jscripts/tiny_mce/themes/advanced/css/options.php HTTP/1.1" "200" 8297 "-" "Mozilla/5.0 (Windows; U; Windows NT 5.1; zh-CN; rv:1.7.6)" "-" stroibrig.ru
77.106.228.178 - - [08/May/2015:03:31:04 +0300] "GET /members/szhs/index-image.jpg HTTP/1.1" "301" 316 "-" "Mozilla/4.0 (compatible; MSIE 7.0; Windows NT 6.1; WOW64; Trident/4.0; SLCC2; .NET CLR 2.0.50727; .NET CLR 3.5.30729; .NET CLR 3.0.30729; InfoPath.2; .NET4.0C; .NET4.0E; MSOffice 12)" "-" uksochi.ru
46.118.121.72 - - [08/May/2015:03:31:04 +0300] "GET http://razdacha-akkauntov.ru/wp-admin/ HTTP/1.1" "302" 0 "http://razdacha-akkauntov.ru/wp-login.php" "Mozilla/5.0 (Windows; U; Windows NT 5.1; ru; rv:1.9.0.2) Gecko/2008091620 Firefox/3.0.2" "-" razdacha-akkauntov.ru
46.118.121.72 - - [08/May/2015:03:31:04 +0300] "GET http://razdacha-akkauntov.ru/wp-admin/ HTTP/1.1" "302" 0 "http://razdacha-akkauntov.ru/wp-login.php" "Mozilla/5.0 (Windows; U; Windows NT 5.1; ru; rv:1.9.0.2) Gecko/2008091620 Firefox/3.0.2" "-" razdacha-akkauntov.ru
77.106.228.178 - - [08/May/2015:03:31:04 +0300] "GET /members/szhs/index-image.jpg HTTP/1.1" "301" 316 "-" "Mozilla/4.0 (compatible; MSIE 7.0; Windows NT 6.1; WOW64; Trident/4.0; SLCC2; .NET CLR 2.0.50727; .NET CLR 3.5.30729; .NET CLR 3.0.30729; InfoPath.2; .NET4.0C; .NET4.0E; MSOffice 12)" "-" uksochi.ru
193.232.121.204 - - [08/May/2015:03:31:04 +0300] "GET /?p=21869 HTTP/1.1" "200" 9999 "-" "Mozilla/5.0 (compatible; MSIE 9.0; Windows NT 7.1; Trident/5.0)" "-" kungur-online.ru
77.106.228.178 - - [08/May/2015:03:31:04 +0300] "GET /members/szhs/index-image.jpg HTTP/1.1" "301" 316 "-" "Mozilla/4.0 (compatible; MSIE 7.0; Windows NT 6.1; WOW64; Trident/4.0; SLCC2; .NET CLR 2.0.50727; .NET CLR 3.5.30729; .NET CLR 3.0.30729; InfoPath.2; .NET4.0C; .NET4.0E; MSOffice 12)" "-" uksochi.ru
93.74.14.189 - - [08/May/2015:03:31:05 +0300] "GET /player/uflvplayer_500x375.swf HTTP/1.1" "200" 23701 "http://freecoin.webw3.ru/?partner=6566_61059" "Mozilla/5.0 (iPad; CPU OS 6_1_3 like Mac OS X) AppleWebKit/536.26 (KHTML, like Gecko) Version/6.0 Mobile/10B329 Safari/8536.25" "-" freecoin.webw3.ru
93.74.14.189 - - [08/May/2015:03:31:05 +0300] "GET /wp-content/themes/freecoin/images/postbullets.png HTTP/1.1" "200" 363 "http://freecoin.webw3.ru/wp-content/themes/freecoin/style.css" "Mozilla/5.0 (iPad; CPU OS 6_1_3 like Mac OS X) AppleWebKit/536.26 (KHTML, like Gecko) Version/6.0 Mobile/10B329 Safari/8536.25" "-" freecoin.webw3.ru
77.106.228.178 - - [08/May/2015:03:31:05 +0300] "GET /members/szhs/index-image.jpg HTTP/1.1" "301" 316 "-" "Mozilla/4.0 (compatible; MSIE 7.0; Windows NT 6.1; WOW64; Trident/4.0; SLCC2; .NET CLR 2.0.50727; .NET CLR 3.5.30729; .NET CLR 3.0.30729; InfoPath.2; .NET4.0C; .NET4.0E; MSOffice 12)" "-" uksochi.ru
190.195.160.2 - - [08/May/2015:03:31:05 +0300] "POST /administrator/index.php HTTP/1.1" "403" 407 "http://shkafrai.ru/administrator/index.php" "Mozilla/5.0 (Windows NT 6.1; WOW64; rv:17.0) Gecko/20100101 Firefox/17.0" "-" shkafrai.ru
46.118.121.72 - - [08/May/2015:03:31:05 +0300] "GET http://razdacha-akkauntov.ru/wp-admin/ HTTP/1.1" "302" 0 "http://razdacha-akkauntov.ru/wp-login.php" "Mozilla/5.0 (Windows; U; Windows NT 5.1; ru; rv:1.9.0.2) Gecko/2008091620 Firefox/3.0.2" "-" razdacha-akkauntov.ru
46.118.121.72 - - [08/May/2015:03:31:05 +0300] "GET http://razdacha-akkauntov.ru/wp-admin/ HTTP/1.1" "302" 0 "http://razdacha-akkauntov.ru/wp-login.php" "Mozilla/5.0 (Windows; U; Windows NT 5.1; ru; rv:1.9.0.2) Gecko/2008091620 Firefox/3.0.2" "-" razdacha-akkauntov.ru
77.106.228.178 - - [08/May/2015:03:31:05 +0300] "GET /members/szhs/index-image.jpg HTTP/1.1" "301" 316 "-" "Mozilla/4.0 (compatible; MSIE 7.0; Windows NT 6.1; WOW64; Trident/4.0; SLCC2; .NET CLR 2.0.50727; .NET CLR 3.5.30729; .NET CLR 3.0.30729; InfoPath.2; .NET4.0C; .NET4.0E; MSOffice 12)" "-" uksochi.ru
95.24.245.195 - - [08/May/2015:03:31:05 +0300] "GET /font/fontawesome-webfont.eot? HTTP/1.1" "200" 37405 "http://konfiskat-auto-privatbank.pp.ua/sale-autokonfiskat-nikolaev-bu-auto-credit-nikolaevskoj-obl/" "Mozilla/5.0 (compatible; MSIE 10.0; Windows NT 6.1; WOW64; Trident/6.0; MASPJS)" "-" konfiskat-auto-privatbank.pp.ua
77.106.228.178 - - [08/May/2015:03:31:05 +0300] "GET /members/szhs/index-image.jpg HTTP/1.1" "301" 316 "-" "Mozilla/4.0 (compatible; MSIE 7.0; Windows NT 6.1; WOW64; Trident/4.0; SLCC2; .NET CLR 2.0.50727; .NET CLR 3.5.30729; .NET CLR 3.0.30729; InfoPath.2; .NET4.0C; .NET4.0E; MSOffice 12)" "-" uksochi.ru
178.154.243.113 - - [08/May/2015:03:31:05 +0300] "GET /biggon/OjuXIf5eXoU/kak-sdelat-magazin-na-servere-minecraft-pe-0100.html HTTP/1.1" "200" 5131 "-" "Mozilla/5.0 (compatible; YandexBot/3.0; +http://yandex.com/bots)" "-" psgrade.resonanceschool.ru
93.74.14.189 - - [08/May/2015:03:31:05 +0300] "GET /wp-includes/js/tinymce/themes/advanced/img/trans.gif HTTP/1.1" "404" 3421 "http://freecoin.webw3.ru/?partner=6566_61059" "Mozilla/5.0 (iPad; CPU OS 6_1_3 like Mac OS X) AppleWebKit/536.26 (KHTML, like Gecko) Version/6.0 Mobile/10B329 Safari/8536.25" "-" freecoin.webw3.ru
104.166.98.41 - - [08/May/2015:03:31:05 +0300] "POST /xmlrpc.php HTTP/1.1" "200" 183 "http://www.forexbiznews.ru/" "PHP/5.2.28" "-" www.forexbiznews.ru
136.243.5.87 - - [08/May/2015:03:31:05 +0300] "GET /page-4.html HTTP/1.0" "200" 5934 "-" "Mozilla/5.0 (compatible; MJ12bot/v1.4.5; http://www.majestic12.co.uk/bot.php?+)" "-" u4691s9p1.mn1.justhost.ru
199.16.156.126 - - [08/May/2015:03:31:05 +0300] "GET /fontainebleau-746/skachat-ustanovschik-igry-the-forest-piratka-ustanovka-obychnaya.htm HTTP/1.1" "200" 1554 "-" "Twitterbot/1.0" "-" trafslpkdk.jhos.teulahti.net
77.106.228.178 - - [08/May/2015:03:31:05 +0300] "GET /members/szhs/index-image.jpg HTTP/1.1" "301" 316 "-" "Mozilla/4.0 (compatible; MSIE 7.0; Windows NT 6.1; WOW64; Trident/4.0; SLCC2; .NET CLR 2.0.50727; .NET CLR 3.5.30729; .NET CLR 3.0.30729; InfoPath.2; .NET4.0C; .NET4.0E; MSOffice 12)" "-" uksochi.ru
91.194.84.106 - - [08/May/2015:03:31:05 +0300] "GET /find-new/7257/profile-posts HTTP/1.0" "303" 20 "-" "Mozilla/5.0 (compatible; MJ12bot/v1.4.5; http://www.majestic12.co.uk/bot.php?+)" "-" poker-hunter.ru
192.0.100.203 - - [08/May/2015:03:31:05 +0300] "GET /web/stuff/uploads/2014/02/80063.jpg HTTP/1.1" "200" 75062 "-" "Photon/1.0" "-" reftlife.ru
46.118.121.72 - - [08/May/2015:03:31:05 +0300] "GET http://razdacha-akkauntov.ru/wp-admin/ HTTP/1.1" "302" 0 "http://razdacha-akkauntov.ru/wp-login.php" "Mozilla/5.0 (Windows; U; Windows NT 5.1; ru; rv:1.9.0.2) Gecko/2008091620 Firefox/3.0.2" "-" razdacha-akkauntov.ru
77.106.228.178 - - [08/May/2015:03:31:05 +0300] "GET /members/szhs/index-image.jpg HTTP/1.1" "301" 316 "-" "Mozilla/4.0 (compatible; MSIE 7.0; Windows NT 6.1; WOW64; Trident/4.0; SLCC2; .NET CLR 2.0.50727; .NET CLR 3.5.30729; .NET CLR 3.0.30729; InfoPath.2; .NET4.0C; .NET4.0E; MSOffice 12)" "-" uksochi.ru
95.108.158.238 - - [08/May/2015:03:31:05 +0300] "GET /info1745.html HTTP/1.1" "200" 3571 "-" "Mozilla/5.0 (compatible; YandexBot/3.0; +http://yandex.com/bots)" "-" greatrussianpeople.ru
46.118.121.72 - - [08/May/2015:03:31:05 +0300] "GET http://razdacha-akkauntov.ru/wp-admin/ HTTP/1.1" "302" 0 "http://razdacha-akkauntov.ru/wp-login.php" "Mozilla/5.0 (Windows; U; Windows NT 5.1; ru; rv:1.9.0.2) Gecko/2008091620 Firefox/3.0.2" "-" razdacha-akkauntov.ru
77.106.228.178 - - [08/May/2015:03:31:05 +0300] "GET /members/szhs/index-image.jpg HTTP/1.1" "301" 316 "-" "Mozilla/4.0 (compatible; MSIE 7.0; Windows NT 6.1; WOW64; Trident/4.0; SLCC2; .NET CLR 2.0.50727; .NET CLR 3.5.30729; .NET CLR 3.0.30729; InfoPath.2; .NET4.0C; .NET4.0E; MSOffice 12)" "-" uksochi.ru
144.76.7.107 - - [08/May/2015:03:31:05 +0300] "GET /djwu/3sf26Ok-oDo/httpsyoutubecomdevicesupport.html HTTP/1.0" "200" 5140 "-" "Mozilla/5.0 (compatible; MJ12bot/v1.4.5; http://www.majestic12.co.uk/bot.php?+)" "-" moby.rmcrb.ru
77.106.228.178 - - [08/May/2015:03:31:05 +0300] "GET /members/szhs/index-image.jpg HTTP/1.1" "301" 316 "-" "Mozilla/4.0 (compatible; MSIE 7.0; Windows NT 6.1; WOW64; Trident/4.0; SLCC2; .NET CLR 2.0.50727; .NET CLR 3.5.30729; .NET CLR 3.0.30729; InfoPath.2; .NET4.0C; .NET4.0E; MSOffice 12)" "-" uksochi.ru
17.167.248.57 - - [08/May/2015:03:31:05 +0300] "GET /deportee-78/kod-oshibki-0x80070241-windows-7.html HTTP/1.1" "200" 3518 "-" "Mozilla/5.0 (Macintosh; Intel Mac OS X 10_10_1) AppleWebKit/600.2.5 (KHTML, like Gecko) Version/8.0.2 Safari/600.2.5 (Getter/0.1)" "-" downloads-prvpm.jhos.teulahti.net
190.195.160.2 - - [08/May/2015:03:31:05 +0300] "POST /administrator/index.php HTTP/1.1" "403" 407 "http://shkafrai.ru/administrator/index.php" "Mozilla/5.0 (Windows NT 6.1; WOW64; rv:17.0) Gecko/20100101 Firefox/17.0" "-" shkafrai.ru
77.106.228.178 - - [08/May/2015:03:31:05 +0300] "GET /members/szhs/index-image.jpg HTTP/1.1" "301" 316 "-" "Mozilla/4.0 (compatible; MSIE 7.0; Windows NT 6.1; WOW64; Trident/4.0; SLCC2; .NET CLR 2.0.50727; .NET CLR 3.5.30729; .NET CLR 3.0.30729; InfoPath.2; .NET4.0C; .NET4.0E; MSOffice 12)" "-" uksochi.ru
5.255.253.108 - - [08/May/2015:03:31:05 +0300] "GET /attica-307/crfxfnm-rubix.html HTTP/1.1" "200" 1732 "-" "Mozilla/5.0 (compatible; YandexBot/3.0; +http://yandex.com/bots)" "-" ready-go-tdwat.stranno.bc7.ca
37.140.188.6 - - [08/May/2015:03:31:05 +0300] "GET /players/mingiyan17/ HTTP/1.1" "200" 8743 "-" "Mozilla/5.0 (compatible; YandexBot/3.0; +http://yandex.com/bots)" "-" igroki.pro
46.118.121.72 - - [08/May/2015:03:31:05 +0300] "GET http://razdacha-akkauntov.ru/wp-admin/ HTTP/1.1" "302" 0 "http://razdacha-akkauntov.ru/wp-login.php" "Mozilla/5.0 (Windows; U; Windows NT 5.1; ru; rv:1.9.0.2) Gecko/2008091620 Firefox/3.0.2" "-" razdacha-akkauntov.ru
77.106.228.178 - - [08/May/2015:03:31:05 +0300] "GET /members/szhs/index-image.jpg HTTP/1.1" "301" 316 "-" "Mozilla/4.0 (compatible; MSIE 7.0; Windows NT 6.1; WOW64; Trident/4.0; SLCC2; .NET CLR 2.0.50727; .NET CLR 3.5.30729; .NET CLR 3.0.30729; InfoPath.2; .NET4.0C; .NET4.0E; MSOffice 12)" "-" uksochi.ru
46.118.121.72 - - [08/May/2015:03:31:05 +0300] "GET http://razdacha-akkauntov.ru/wp-admin/ HTTP/1.1" "302" 0 "http://razdacha-akkauntov.ru/wp-login.php" "Mozilla/5.0 (Windows; U; Windows NT 5.1; ru; rv:1.9.0.2) Gecko/2008091620 Firefox/3.0.2" "-" razdacha-akkauntov.ru
